npm error code ENOENT
npm error syscall open
npm error path /Users/rafael.silva/Documents/interazap/package.json
npm error errno -2
npm error enoent Could not read package.json: Error: ENOENT: no such file or directory, open '/Users/rafael.silva/Documents/interazap/package.json'
npm error enoent This is related to npm not being able to find a file.
npm error enoent
npm error A complete log of this run can be found in: /Users/rafael.silva/.npm/_logs/2026-04-27T05_43_32_589Z-debug-0.log
