NOTE: The "unit-test" builder is currently EXPERIMENTAL and not ready for production use.
❯ Building...
✔ Building...
Initial chunk files                                                                                                                 | Names                                                                                                                            |  Raw size
chunk-GCTKDGV2.js                                                                                                                   | -                                                                                                                                |   1.13 MB | 
chunk-BTZG2D63.js                                                                                                                   | -                                                                                                                                |   1.01 MB | 
chunk-QQW7BUHH.js                                                                                                                   | -                                                                                                                                | 937.99 kB | 
chunk-SS2BSKDF.js                                                                                                                   | -                                                                                                                                | 604.87 kB | 
chunk-X4DNPLG2.js                                                                                                                   | -                                                                                                                                | 487.45 kB | 
chunk-YTX6QIIA.js                                                                                                                   | -                                                                                                                                | 259.57 kB | 
chunk-5HQURSHM.js                                                                                                                   | -                                                                                                                                | 254.63 kB | 
chunk-BVL22J3Y.js                                                                                                                   | -                                                                                                                                | 235.43 kB | 
spec-app-pages-crm-agenda-agenda.spec.js                                                                                            | spec-app-pages-crm-agenda-agenda.spec                                                                                            | 210.17 kB | 
spec-app-pages-chat-chat.spec.js                                                                                                    | spec-app-pages-chat-chat.spec                                                                                                    | 204.26 kB | 
chunk-73E3F5QX.js                                                                                                                   | -                                                                                                                                | 198.95 kB | 
styles.css                                                                                                                          | styles                                                                                                                           | 172.06 kB | 
polyfills.js                                                                                                                        | polyfills                                                                                                                        | 156.56 kB | 
spec-app-pages-platform-tenants-tenants.spec.js                                                                                     | spec-app-pages-platform-tenants-tenants.spec                                                                                     | 128.92 kB | 
chunk-VCFGRFQZ.js                                                                                                                   | -                                                                                                                                | 126.34 kB | 
spec-app-pages-crm-contacts-crm-contacts.spec.js                                                                                    | spec-app-pages-crm-contacts-crm-contacts.spec                                                                                    | 113.41 kB | 
chunk-XALDO3SG.js                                                                                                                   | -                                                                                                                                | 112.32 kB | 
spec-app-pages-crm-negotiations-negotiations.spec.js                                                                                | spec-app-pages-crm-negotiations-negotiations.spec                                                                                | 107.13 kB | 
chunk-7Q2K7WPL.js                                                                                                                   | -                                                                                                                                | 103.50 kB | 
spec-app-pages-ai-pages-agents-agent-workspace-agent-workspace.spec.js                                                              | spec-app-pages-ai-pages-agents-agent-workspace-agent-workspace.spec                                                              | 101.52 kB | 
spec-app-pages-dashboard-dashboard.spec.js                                                                                          | spec-app-pages-dashboard-dashboard.spec                                                                                          | 100.07 kB | 
chunk-BJUI7RJB.js                                                                                                                   | -                                                                                                                                |  97.39 kB | 
chunk-U4BSWGUP.js                                                                                                                   | -                                                                                                                                |  97.29 kB | 
chunk-BQ3PUGWM.js                                                                                                                   | -                                                                                                                                |  82.49 kB | 
chunk-ZDXTW52S.js                                                                                                                   | -                                                                                                                                |  76.14 kB | 
spec-app-pages-ai-simulator-simulator.spec.js                                                                                       | spec-app-pages-ai-simulator-simulator.spec                                                                                       |  73.53 kB | 
spec-app-pages-crm-companies-crm-companies.spec.js                                                                                  | spec-app-pages-crm-companies-crm-companies.spec                                                                                  |  72.81 kB | 
spec-app-pages-chat-components-chat-negotiation-view-chat-negotiation-view.spec.js                                                  | spec-app-pages-chat-components-chat-negotiation-view-chat-negotiation-view.spec                                                  |  71.41 kB | 
chunk-LOHBHFL2.js                                                                                                                   | -                                                                                                                                |  67.85 kB | 
chunk-WMW6KQPH.js                                                                                                                   | -                                                                                                                                |  67.34 kB | 
spec-app-pages-settings-my-plan-my-plan.spec.js                                                                                     | spec-app-pages-settings-my-plan-my-plan.spec                                                                                     |  67.25 kB | 
spec-app-pages-ai-pages-knowledge-knowledge-list-knowledge-list.spec.js                                                             | spec-app-pages-ai-pages-knowledge-knowledge-list-knowledge-list.spec                                                             |  62.49 kB | 
spec-app-pages-crm-negotiation-show-negotiation-show.spec.js                                                                        | spec-app-pages-crm-negotiation-show-negotiation-show.spec                                                                        |  58.63 kB | 
spec-app-pages-chat-components-chat-sidebar-chat-sidebar.spec.js                                                                    | spec-app-pages-chat-components-chat-sidebar-chat-sidebar.spec                                                                    |  58.15 kB | 
spec-app-pages-platform-invoices-platform-invoices.spec.js                                                                          | spec-app-pages-platform-invoices-platform-invoices.spec                                                                          |  58.04 kB | 
spec-app-pages-ai-pages-dashboard-usage-dashboard-usage-dashboard.spec.js                                                           | spec-app-pages-ai-pages-dashboard-usage-dashboard-usage-dashboard.spec                                                           |  50.23 kB | 
spec-app-pages-chat-channel-channel.spec.js                                                                                         | spec-app-pages-chat-channel-channel.spec                                                                                         |  49.66 kB | 
spec-app-pages-chat-auto-reply-auto-reply.spec.js                                                                                   | spec-app-pages-chat-auto-reply-auto-reply.spec                                                                                   |  49.59 kB | 
spec-app-pages-auth-preferences-preferences.spec.js                                                                                 | spec-app-pages-auth-preferences-preferences.spec                                                                                 |  49.51 kB | 
chunk-DL5HOKAR.js                                                                                                                   | -                                                                                                                                |  45.57 kB | 
spec-app-pages-chat-components-chat-navbar-chat-navbar.spec.js                                                                      | spec-app-pages-chat-components-chat-navbar-chat-navbar.spec                                                                      |  45.30 kB | 
spec-app-pages-reports-components-media-transcription-report-media-transcription-report.spec.js                                     | spec-app-pages-reports-components-media-transcription-report-media-transcription-report.spec                                     |  44.63 kB | 
chunk-TCP7E3LJ.js                                                                                                                   | -                                                                                                                                |  44.58 kB | 
spec-app-pages-ai-pages-knowledge-knowledge-dashboard-knowledge-dashboard.spec.js                                                   | spec-app-pages-ai-pages-knowledge-knowledge-dashboard-knowledge-dashboard.spec                                                   |  44.07 kB | 
spec-app-pages-chat-ticket-ticket-page.spec.js                                                                                      | spec-app-pages-chat-ticket-ticket-page.spec                                                                                      |  44.02 kB | 
chunk-SMBUNUJY.js                                                                                                                   | -                                                                                                                                |  43.88 kB | 
spec-app-pages-chat-quick-answers-quick-answers.spec.js                                                                             | spec-app-pages-chat-quick-answers-quick-answers.spec                                                                             |  41.13 kB | 
chunk-3Z7FICP3.js                                                                                                                   | -                                                                                                                                |  40.08 kB | 
chunk-TSNNAZ66.js                                                                                                                   | -                                                                                                                                |  39.60 kB | 
chunk-O7EHZMMX.js                                                                                                                   | -                                                                                                                                |  39.59 kB | 
spec-app-pages-billing-invoices-components-invoice-payment-modal-invoice-payment-modal.spec.js                                      | spec-app-pages-billing-invoices-components-invoice-payment-modal-invoice-payment-modal.spec                                      |  39.24 kB | 
chunk-PYOJGAZ3.js                                                                                                                   | -                                                                                                                                |  38.97 kB | 
chunk-MFRWXFMH.js                                                                                                                   | -                                                                                                                                |  37.08 kB | 
spec-app-pages-chat-transmission-list-chat-transmission-list-form.spec.js                                                           | spec-app-pages-chat-transmission-list-chat-transmission-list-form.spec                                                           |  36.96 kB | 
chunk-PR2KXX3F.js                                                                                                                   | -                                                                                                                                |  36.58 kB | 
chunk-N4XRROQI.js                                                                                                                   | -                                                                                                                                |  36.04 kB | 
spec-app-pages-crm-funnels-funnels.spec.js                                                                                          | spec-app-pages-crm-funnels-funnels.spec                                                                                          |  35.66 kB | 
spec-app-pages-chat-components-chat-contact-view-chat-contact-view.spec.js                                                          | spec-app-pages-chat-components-chat-contact-view-chat-contact-view.spec                                                          |  34.33 kB | 
chunk-YSNQCQON.js                                                                                                                   | -                                                                                                                                |  33.91 kB | 
chunk-MXRONPQM.js                                                                                                                   | -                                                                                                                                |  33.77 kB | 
chunk-S3U3TFH7.js                                                                                                                   | -                                                                                                                                |  33.74 kB | 
chunk-PW7MBENO.js                                                                                                                   | -                                                                                                                                |  32.90 kB | 
chunk-VR6JPDRH.js                                                                                                                   | -                                                                                                                                |  32.55 kB | 
spec-app-pages-crm-negotiation-tasks-negotiation-tasks.spec.js                                                                      | spec-app-pages-crm-negotiation-tasks-negotiation-tasks.spec                                                                      |  32.27 kB | 
chunk-IYCBIXHO.js                                                                                                                   | -                                                                                                                                |  31.31 kB | 
chunk-RXR4K5P4.js                                                                                                                   | -                                                                                                                                |  31.23 kB | 
spec-app-pages-configuration-media-transcription-media-transcription.spec.js                                                        | spec-app-pages-configuration-media-transcription-media-transcription.spec                                                        |  31.22 kB | 
spec-app-layout-components-topbar-notification-dropdown.spec.js                                                                     | spec-app-layout-components-topbar-notification-dropdown.spec                                                                     |  30.51 kB | 
spec-app-pages-platform-tenant-settings-tenant-settings.spec.js                                                                     | spec-app-pages-platform-tenant-settings-tenant-settings.spec                                                                     |  29.71 kB | 
chunk-7VJVHOMX.js                                                                                                                   | -                                                                                                                                |  29.59 kB | 
chunk-Y3PLFTAU.js                                                                                                                   | -                                                                                                                                |  28.19 kB | 
spec-app-pages-chat-ticket-ticket-detail-page.spec.js                                                                               | spec-app-pages-chat-ticket-ticket-detail-page.spec                                                                               |  27.50 kB | 
chunk-VEJ3MPDB.js                                                                                                                   | -                                                                                                                                |  26.68 kB | 
spec-app-app.spec.js                                                                                                                | spec-app-app.spec                                                                                                                |  26.25 kB | 
chunk-7QOMBK5E.js                                                                                                                   | -                                                                                                                                |  25.99 kB | 
chunk-UAH2W5ON.js                                                                                                                   | -                                                                                                                                |  25.74 kB | 
spec-app-pages-public-proposal-view-proposal-view.spec.js                                                                           | spec-app-pages-public-proposal-view-proposal-view.spec                                                                           |  25.73 kB | 
chunk-ERY7EENO.js                                                                                                                   | -                                                                                                                                |  25.55 kB | 
chunk-Y4ZRMPLL.js                                                                                                                   | -                                                                                                                                |  23.99 kB | 
spec-app-pages-auth-login-login.spec.js                                                                                             | spec-app-pages-auth-login-login.spec                                                                                             |  23.74 kB | 
spec-app-pages-ai-pages-agents-agent-list-agent-list.spec.js                                                                        | spec-app-pages-ai-pages-agents-agent-list-agent-list.spec                                                                        |  23.66 kB | 
chunk-XPYNVN5X.js                                                                                                                   | -                                                                                                                                |  23.57 kB | 
chunk-WIK7IGRZ.js                                                                                                                   | -                                                                                                                                |  23.41 kB | 
chunk-4XACU3U3.js                                                                                                                   | -                                                                                                                                |  23.31 kB | 
chunk-2LSSKAN5.js                                                                                                                   | -                                                                                                                                |  22.84 kB | 
init-testbed.js                                                                                                                     | init-testbed                                                                                                                     |  22.31 kB | 
chunk-ALSBCO5T.js                                                                                                                   | -                                                                                                                                |  22.22 kB | 
chunk-CE7PLY2V.js                                                                                                                   | -                                                                                                                                |  20.92 kB | 
chunk-5CDMP43D.js                                                                                                                   | -                                                                                                                                |  20.53 kB | 
chunk-F2NO2ZHR.js                                                                                                                   | -                                                                                                                                |  20.28 kB | 
spec-app-pages-chat-transmission-list-chat-transmission-list.spec.js                                                                | spec-app-pages-chat-transmission-list-chat-transmission-list.spec                                                                |  20.01 kB | 
chunk-EWZ75SS3.js                                                                                                                   | -                                                                                                                                |  19.73 kB | 
chunk-27BG6G74.js                                                                                                                   | -                                                                                                                                |  19.72 kB | 
chunk-WQC2OJ3F.js                                                                                                                   | -                                                                                                                                |  19.52 kB | 
spec-app-pages-chat-components-chat-quoted-message-chat-quoted-message.component.spec.js                                            | spec-app-pages-chat-components-chat-quoted-message-chat-quoted-message.component.spec                                            |  19.14 kB | 
chunk-JCYZNCHE.js                                                                                                                   | -                                                                                                                                |  19.09 kB | 
chunk-IJTLTCL4.js                                                                                                                   | -                                                                                                                                |  18.96 kB | 
chunk-LAYC32MJ.js                                                                                                                   | -                                                                                                                                |  18.64 kB | 
chunk-5XUGLVQY.js                                                                                                                   | -                                                                                                                                |  18.39 kB | 
chunk-3US5LZSA.js                                                                                                                   | -                                                                                                                                |  16.35 kB | 
spec-app-pages-webchat-webchat-page.component.spec.js                                                                               | spec-app-pages-webchat-webchat-page.component.spec                                                                               |  16.32 kB | 
spec-app-pages-chat-components-chat-message-media-chat-message-media.component.spec.js                                              | spec-app-pages-chat-components-chat-message-media-chat-message-media.component.spec                                              |  16.31 kB | 
chunk-VQA7GVWV.js                                                                                                                   | -                                                                                                                                |  16.30 kB | 
chunk-OYZV2LZC.js                                                                                                                   | -                                                                                                                                |  15.64 kB | 
chunk-44K3MNKC.js                                                                                                                   | -                                                                                                                                |  15.58 kB | 
chunk-VPIFWFOD.js                                                                                                                   | -                                                                                                                                |  15.53 kB | 
spec-app-pages-webchat-components-chat-window-chat-window.component.spec.js                                                         | spec-app-pages-webchat-components-chat-window-chat-window.component.spec                                                         |  15.36 kB | 
spec-app-pages-billing-lockout-lockout.spec.js                                                                                      | spec-app-pages-billing-lockout-lockout.spec                                                                                      |  14.81 kB | 
chunk-MQHYGC5Z.js                                                                                                                   | -                                                                                                                                |  14.68 kB | 
spec-app-pages-webchat-services-webchat.service.spec.js                                                                             | spec-app-pages-webchat-services-webchat.service.spec                                                                             |  14.54 kB | 
chunk-M4EDAGX6.js                                                                                                                   | -                                                                                                                                |  14.22 kB | 
chunk-OUJEX5JV.js                                                                                                                   | -                                                                                                                                |  13.62 kB | 
spec-app-pages-webchat-embed-webchat-embed.component.spec.js                                                                        | spec-app-pages-webchat-embed-webchat-embed.component.spec                                                                        |  13.51 kB | 
spec-app-pages-auth-reset-password-reset-password.spec.js                                                                           | spec-app-pages-auth-reset-password-reset-password.spec                                                                           |  13.14 kB | 
spec-app-pages-crm-agenda-components-agenda-event-editor-agenda-event-editor.spec.js                                                | spec-app-pages-crm-agenda-components-agenda-event-editor-agenda-event-editor.spec                                                |  13.10 kB | 
spec-app-pages-chat-store-chat-realtime.adapter.spec.js                                                                             | spec-app-pages-chat-store-chat-realtime.adapter.spec                                                                             |  12.81 kB | 
chunk-33QUYRPJ.js                                                                                                                   | -                                                                                                                                |  12.36 kB | 
chunk-N7QMDH4U.js                                                                                                                   | -                                                                                                                                |  12.27 kB | 
chunk-BVR653XG.js                                                                                                                   | -                                                                                                                                |  12.05 kB | 
spec-app-pages-chat-components-chat-list-chat-list.spec.js                                                                          | spec-app-pages-chat-components-chat-list-chat-list.spec                                                                          |  11.33 kB | 
chunk-RLG5SBDI.js                                                                                                                   | -                                                                                                                                |  11.30 kB | 
chunk-V36YFEJD.js                                                                                                                   | -                                                                                                                                |  11.07 kB | 
chunk-FH4L7LTJ.js                                                                                                                   | -                                                                                                                                |  11.04 kB | 
spec-app-pages-chat-services-optimistic-update.service.spec.js                                                                      | spec-app-pages-chat-services-optimistic-update.service.spec                                                                      |  10.93 kB | 
chunk-UVYI6NYI.js                                                                                                                   | -                                                                                                                                |  10.93 kB | 
spec-app-pages-auth-create-password-create-password.spec.js                                                                         | spec-app-pages-auth-create-password-create-password.spec                                                                         |  10.92 kB | 
spec-app-pages-chat-components-new-conversation-modal-new-conversation-modal.spec.js                                                | spec-app-pages-chat-components-new-conversation-modal-new-conversation-modal.spec                                                |  10.63 kB | 
chunk-QDF7YZWU.js                                                                                                                   | -                                                                                                                                |  10.12 kB | 
chunk-M5ELKL2M.js                                                                                                                   | -                                                                                                                                |  10.09 kB | 
spec-app-pages-chat-components-user-chat-thread-user-chat-thread.component.spec.js                                                  | spec-app-pages-chat-components-user-chat-thread-user-chat-thread.component.spec                                                  |  10.02 kB | 
chunk-ZGHTKLE6.js                                                                                                                   | -                                                                                                                                |   9.71 kB | 
spec-app-pages-chat-chat-sidebar-contact-section-contact-section.spec.js                                                            | spec-app-pages-chat-chat-sidebar-contact-section-contact-section.spec                                                            |   9.65 kB | 
spec-app-pages-chat-store-chat-store.spec.js                                                                                        | spec-app-pages-chat-store-chat-store.spec                                                                                        |   9.62 kB | 
spec-app-core-services-chat-message-cache.service.spec.js                                                                           | spec-app-core-services-chat-message-cache.service.spec                                                                           |   9.11 kB | 
chunk-7CPRJJLP.js                                                                                                                   | -                                                                                                                                |   9.01 kB | 
spec-app-pages-chat-services-chat-ticket-list.service.spec.js                                                                       | spec-app-pages-chat-services-chat-ticket-list.service.spec                                                                       |   9.00 kB | 
chunk-4SZ22DTK.js                                                                                                                   | -                                                                                                                                |   8.66 kB | 
chunk-OO65CI5D.js                                                                                                                   | -                                                                                                                                |   8.59 kB | 
spec-app-pages-chat-chat-sidebar-crm-section-deal-edit-modal-deal-edit-modal.component.spec.js                                      | spec-app-pages-chat-chat-sidebar-crm-section-deal-edit-modal-deal-edit-modal.component.spec                                      |   8.57 kB | 
chunk-KQ6IMZPZ.js                                                                                                                   | -                                                                                                                                |   8.48 kB | 
chunk-GEDQI2PV.js                                                                                                                   | -                                                                                                                                |   8.42 kB | 
chunk-EMRHGXSW.js                                                                                                                   | -                                                                                                                                |   8.32 kB | 
spec-app-pages-chat-channel-components-channel-form-channel-form.spec.js                                                            | spec-app-pages-chat-channel-components-channel-form-channel-form.spec                                                            |   8.27 kB | 
spec-app-pages-webchat-components-pre-chat-pre-chat.component.spec.js                                                               | spec-app-pages-webchat-components-pre-chat-pre-chat.component.spec                                                               |   8.17 kB | 
chunk-BYWHAX6O.js                                                                                                                   | -                                                                                                                                |   8.16 kB | 
spec-app-core-services-auth.service.spec.js                                                                                         | spec-app-core-services-auth.service.spec                                                                                         |   8.15 kB | 
spec-app-core-services-platform-native-bridge.service.spec.js                                                                       | spec-app-core-services-platform-native-bridge.service.spec                                                                       |   7.97 kB | 
chunk-J5BXO2QG.js                                                                                                                   | -                                                                                                                                |   7.92 kB | 
chunk-JYCDMTWQ.js                                                                                                                   | -                                                                                                                                |   7.89 kB | 
chunk-DS56BWZ4.js                                                                                                                   | -                                                                                                                                |   7.81 kB | 
chunk-SGUSLMEE.js                                                                                                                   | -                                                                                                                                |   7.71 kB | 
spec-app-pages-chat-components-chat-transfer-modal-chat-transfer-modal.spec.js                                                      | spec-app-pages-chat-components-chat-transfer-modal-chat-transfer-modal.spec                                                      |   7.63 kB | 
chunk-ODTFB3FA.js                                                                                                                   | -                                                                                                                                |   7.55 kB | 
spec-app-pages-chat-chat-sidebar-company-modal-company-modal.spec.js                                                                | spec-app-pages-chat-chat-sidebar-company-modal-company-modal.spec                                                                |   7.35 kB | 
chunk-GYPNPFD7.js                                                                                                                   | -                                                                                                                                |   7.24 kB | 
chunk-FYSHOF5T.js                                                                                                                   | -                                                                                                                                |   7.17 kB | 
chunk-ULHADJIA.js                                                                                                                   | -                                                                                                                                |   7.10 kB | 
chunk-KQQ2SKZZ.js                                                                                                                   | -                                                                                                                                |   7.07 kB | 
spec-app-pages-chat-services-chat-recorder.service.spec.js                                                                          | spec-app-pages-chat-services-chat-recorder.service.spec                                                                          |   6.93 kB | 
chunk-OVEL662K.js                                                                                                                   | -                                                                                                                                |   6.91 kB | 
spec-app-core-services-preferences.store.spec.js                                                                                    | spec-app-core-services-preferences.store.spec                                                                                    |   6.88 kB | 
spec-app-pages-chat-components-chat-negotiation-view-components-negotiation-actions-negotiation-actions.component.spec.js           | spec-app-pages-chat-components-chat-negotiation-view-components-negotiation-actions-negotiation-actions.component.spec           |   6.88 kB | 
spec-app-pages-chat-components-new-conversation-modal-components-template-selector-template-selector.spec.js                        | spec-app-pages-chat-components-new-conversation-modal-components-template-selector-template-selector.spec                        |   6.86 kB | 
spec-app-pages-chat-chat-sidebar-contact-section-contact-inline-edit.directive.spec.js                                              | spec-app-pages-chat-chat-sidebar-contact-section-contact-inline-edit.directive.spec                                              |   6.82 kB | 
chunk-KJHSBQ5J.js                                                                                                                   | -                                                                                                                                |   6.66 kB | 
chunk-KRXOU4KY.js                                                                                                                   | -                                                                                                                                |   6.62 kB | 
chunk-A6AJUFDL.js                                                                                                                   | -                                                                                                                                |   6.56 kB | 
spec-app-pages-crm-agenda-components-agenda-month-view-agenda-month-view.spec.js                                                    | spec-app-pages-crm-agenda-components-agenda-month-view-agenda-month-view.spec                                                    |   6.43 kB | 
spec-app-pages-crm-agenda-components-agenda-week-view-agenda-week-view.spec.js                                                      | spec-app-pages-crm-agenda-components-agenda-week-view-agenda-week-view.spec                                                      |   6.42 kB | 
spec-app-pages-crm-agenda-components-agenda-day-view-agenda-day-view.spec.js                                                        | spec-app-pages-crm-agenda-components-agenda-day-view-agenda-day-view.spec                                                        |   6.39 kB | 
chunk-LZJ72BM6.js                                                                                                                   | -                                                                                                                                |   6.38 kB | 
spec-app-pages-chat-store-chat-store.resync.spec.js                                                                                 | spec-app-pages-chat-store-chat-store.resync.spec                                                                                 |   6.26 kB | 
chunk-5OKP6YZY.js                                                                                                                   | -                                                                                                                                |   6.21 kB | 
chunk-YDGCTCVB.js                                                                                                                   | -                                                                                                                                |   6.18 kB | 
chunk-OFVIE2XF.js                                                                                                                   | -                                                                                                                                |   6.16 kB | 
spec-app-pages-chat-components-user-chat-user-chat.spec.js                                                                          | spec-app-pages-chat-components-user-chat-user-chat.spec                                                                          |   6.16 kB | 
spec-app-pages-ai-pages-agents-agent-workspace-tabs-tools-tab.spec.js                                                               | spec-app-pages-ai-pages-agents-agent-workspace-tabs-tools-tab.spec                                                               |   6.04 kB | 
spec-app-shared-components-search-spotlight-search-spotlight.spec.js                                                                | spec-app-shared-components-search-spotlight-search-spotlight.spec                                                                |   5.92 kB | 
spec-app-pages-crm-negotiations-components-negotiation-form-negotiation-form.spec.js                                                | spec-app-pages-crm-negotiations-components-negotiation-form-negotiation-form.spec                                                |   5.74 kB | 
chunk-NMIBLP3F.js                                                                                                                   | -                                                                                                                                |   5.69 kB | 
spec-app-core-services-platform-back-button.service.spec.js                                                                         | spec-app-core-services-platform-back-button.service.spec                                                                         |   5.68 kB | 
chunk-P4NXAECN.js                                                                                                                   | -                                                                                                                                |   5.65 kB | 
chunk-U6K3WXNO.js                                                                                                                   | -                                                                                                                                |   5.62 kB | 
chunk-VU2YCPKM.js                                                                                                                   | -                                                                                                                                |   5.60 kB | 
spec-app-pages-chat-components-chat-ticket-item-chat-ticket-item.spec.js                                                            | spec-app-pages-chat-components-chat-ticket-item-chat-ticket-item.spec                                                            |   5.39 kB | 
spec-app-pages-chat-components-chat-negotiation-view-components-negotiation-products-tab-negotiation-products-tab.component.spec.js | spec-app-pages-chat-components-chat-negotiation-view-components-negotiation-products-tab-negotiation-products-tab.component.spec |   5.34 kB | 
spec-app-pages-chat-components-user-chat-thread-user-chat-thread.store.spec.js                                                      | spec-app-pages-chat-components-user-chat-thread-user-chat-thread.store.spec                                                      |   5.34 kB | 
spec-app-pages-crm-proposals-proposal-list-proposal-list.spec.js                                                                    | spec-app-pages-crm-proposals-proposal-list-proposal-list.spec                                                                    |   5.32 kB | 
chunk-4E7NWX4I.js                                                                                                                   | -                                                                                                                                |   5.23 kB | 
chunk-XF65EVZD.js                                                                                                                   | -                                                                                                                                |   5.13 kB | 
spec-app-pages-chat-chat-sidebar-crm-section-crm-section.spec.js                                                                    | spec-app-pages-chat-chat-sidebar-crm-section-crm-section.spec                                                                    |   5.11 kB | 
spec-app-core-services-platform-auth-storage.service.spec.js                                                                        | spec-app-core-services-platform-auth-storage.service.spec                                                                        |   5.10 kB | 
spec-app-core-interceptors-bearer.interceptor.spec.js                                                                               | spec-app-core-interceptors-bearer.interceptor.spec                                                                               |   4.99 kB | 
chunk-IUIJABKV.js                                                                                                                   | -                                                                                                                                |   4.96 kB | 
spec-app-pages-ai-pages-knowledge-knowledge-upload-knowledge-upload.spec.js                                                         | spec-app-pages-ai-pages-knowledge-knowledge-upload-knowledge-upload.spec                                                         |   4.90 kB | 
chunk-KAVZK66W.js                                                                                                                   | -                                                                                                                                |   4.87 kB | 
chunk-DI4NUJA7.js                                                                                                                   | -                                                                                                                                |   4.83 kB | 
spec-app-pages-crm-proposals-proposal-form-proposal-form.spec.js                                                                    | spec-app-pages-crm-proposals-proposal-form-proposal-form.spec                                                                    |   4.80 kB | 
chunk-GUQGHE65.js                                                                                                                   | -                                                                                                                                |   4.76 kB | 
chunk-YENYUCZP.js                                                                                                                   | -                                                                                                                                |   4.75 kB | 
spec-app-pages-chat-components-chat-negotiation-view-components-negotiation-timeline-negotiation-timeline.component.spec.js         | spec-app-pages-chat-components-chat-negotiation-view-components-negotiation-timeline-negotiation-timeline.component.spec         |   4.74 kB | 
chunk-TOCJFBU4.js                                                                                                                   | -                                                                                                                                |   4.66 kB | 
chunk-DSIEWB7I.js                                                                                                                   | -                                                                                                                                |   4.62 kB | 
spec-app-pages-chat-chat.store.spec.js                                                                                              | spec-app-pages-chat-chat.store.spec                                                                                              |   4.61 kB | 
chunk-W3UVEBSW.js                                                                                                                   | -                                                                                                                                |   4.53 kB | 
chunk-76VMGQFB.js                                                                                                                   | -                                                                                                                                |   4.51 kB | 
chunk-X3RRXWTW.js                                                                                                                   | -                                                                                                                                |   4.44 kB | 
chunk-DNF6UYO2.js                                                                                                                   | -                                                                                                                                |   4.42 kB | 
chunk-CITMXZQI.js                                                                                                                   | -                                                                                                                                |   4.37 kB | 
spec-app-core-interceptors-billing-lockout.interceptor.spec.js                                                                      | spec-app-core-interceptors-billing-lockout.interceptor.spec                                                                      |   4.34 kB | 
spec-app-pages-chat-components-new-conversation-modal-services-window-verification.service.spec.js                                  | spec-app-pages-chat-components-new-conversation-modal-services-window-verification.service.spec                                  |   4.27 kB | 
chunk-R2YZSFOJ.js                                                                                                                   | -                                                                                                                                |   4.25 kB | 
chunk-65OUUPB2.js                                                                                                                   | -                                                                                                                                |   4.09 kB | 
spec-app-pages-chat-components-conversation-panel-conversation-panel.component.spec.js                                              | spec-app-pages-chat-components-conversation-panel-conversation-panel.component.spec                                              |   4.09 kB | 
spec-app-core-services-preferences.service.spec.js                                                                                  | spec-app-core-services-preferences.service.spec                                                                                  |   3.94 kB | 
chunk-T2QYEKTX.js                                                                                                                   | -                                                                                                                                |   3.92 kB | 
spec-app-pages-ai-pages-agents-agent-workspace-tabs-triggers-tab.spec.js                                                            | spec-app-pages-ai-pages-agents-agent-workspace-tabs-triggers-tab.spec                                                            |   3.79 kB | 
spec-app-pages-ai-pages-agents-agent-workspace-tabs-voice-tab.spec.js                                                               | spec-app-pages-ai-pages-agents-agent-workspace-tabs-voice-tab.spec                                                               |   3.77 kB | 
chunk-ULGHPJFE.js                                                                                                                   | -                                                                                                                                |   3.65 kB | 
spec-app-pages-crm-funnels-components-funnel-form-funnel-form.spec.js                                                               | spec-app-pages-crm-funnels-components-funnel-form-funnel-form.spec                                                               |   3.56 kB | 
chunk-WY2SW5IM.js                                                                                                                   | -                                                                                                                                |   3.56 kB | 
spec-app-pages-chat-chat-sidebar-crm-section-deal-card-deal-card.component.spec.js                                                  | spec-app-pages-chat-chat-sidebar-crm-section-deal-card-deal-card.component.spec                                                  |   3.54 kB | 
spec-app-core-strategies-app-title.strategy.spec.js                                                                                 | spec-app-core-strategies-app-title.strategy.spec                                                                                 |   3.53 kB | 
spec-app-core-services-notification-api.service.spec.js                                                                             | spec-app-core-services-notification-api.service.spec                                                                             |   3.49 kB | 
chunk-D5WCII4Y.js                                                                                                                   | -                                                                                                                                |   3.48 kB | 
spec-app-pages-crm-negotiation-show-components-negotiation-products-tab-negotiation-products-tab.spec.js                            | spec-app-pages-crm-negotiation-show-components-negotiation-products-tab-negotiation-products-tab.spec                            |   3.46 kB | 
spec-app-core-services-global-search.service.spec.js                                                                                | spec-app-core-services-global-search.service.spec                                                                                |   3.40 kB | 
spec-app-pages-chat-components-shell-chat-page.component.spec.js                                                                    | spec-app-pages-chat-components-shell-chat-page.component.spec                                                                    |   3.40 kB | 
spec-app-pages-chat-channel-channel-realtime.adapter.spec.js                                                                        | spec-app-pages-chat-channel-channel-realtime.adapter.spec                                                                        |   3.33 kB | 
chunk-AGCWJXDD.js                                                                                                                   | -                                                                                                                                |   3.32 kB | 
spec-app-pages-chat-store-chat-store.streaming.spec.js                                                                              | spec-app-pages-chat-store-chat-store.streaming.spec                                                                              |   3.31 kB | 
spec-app-pages-ai-pages-agents-agent-workspace-tabs-channels-tab.spec.js                                                            | spec-app-pages-ai-pages-agents-agent-workspace-tabs-channels-tab.spec                                                            |   3.30 kB | 
chunk-UE64RCLN.js                                                                                                                   | -                                                                                                                                |   3.28 kB | 
chunk-IZZYCDGV.js                                                                                                                   | -                                                                                                                                |   3.25 kB | 
spec-app-pages-ai-pages-agents-agent-workspace-tabs-overview-tab.spec.js                                                            | spec-app-pages-ai-pages-agents-agent-workspace-tabs-overview-tab.spec                                                            |   3.23 kB | 
spec-app-pages-crm-negotiation-show-components-negotiation-tasks-tab-negotiation-tasks-tab.spec.js                                  | spec-app-pages-crm-negotiation-show-components-negotiation-tasks-tab-negotiation-tasks-tab.spec                                  |   3.22 kB | 
spec-app-pages-chat-components-message-composer-message-composer.component.spec.js                                                  | spec-app-pages-chat-components-message-composer-message-composer.component.spec                                                  |   3.18 kB | 
spec-app-pages-chat-components-ticket-list-panel-ticket-list-panel.component.spec.js                                                | spec-app-pages-chat-components-ticket-list-panel-ticket-list-panel.component.spec                                                |   3.17 kB | 
spec-app-pages-chat-components-detail-panel-detail-panel.component.spec.js                                                          | spec-app-pages-chat-components-detail-panel-detail-panel.component.spec                                                          |   3.15 kB | 
spec-app-pages-crm-negotiation-show-components-negotiation-contacts-tab-negotiation-contacts-tab.spec.js                            | spec-app-pages-crm-negotiation-show-components-negotiation-contacts-tab-negotiation-contacts-tab.spec                            |   3.08 kB | 
spec-app-pages-crm-agenda-components-agenda-form-agenda-form.spec.js                                                                | spec-app-pages-crm-agenda-components-agenda-form-agenda-form.spec                                                                |   3.04 kB | 
chunk-XZAABUUM.js                                                                                                                   | -                                                                                                                                |   3.04 kB | 
chunk-SF3N4B2F.js                                                                                                                   | -                                                                                                                                |   3.03 kB | 
spec-app-pages-chat-components-message-list-message-list.component.spec.js                                                          | spec-app-pages-chat-components-message-list-message-list.component.spec                                                          |   2.99 kB | 
spec-app-pages-crm-negotiation-show-components-negotiation-history-tab-negotiation-history-tab.spec.js                              | spec-app-pages-crm-negotiation-show-components-negotiation-history-tab-negotiation-history-tab.spec                              |   2.99 kB | 
spec-app-pages-crm-negotiation-show-components-negotiation-edit-modal-negotiation-edit-modal.spec.js                                | spec-app-pages-crm-negotiation-show-components-negotiation-edit-modal-negotiation-edit-modal.spec                                |   2.83 kB | 
spec-app-pages-crm-contacts-crm-contacts.helpers.spec.js                                                                            | spec-app-pages-crm-contacts-crm-contacts.helpers.spec                                                                            |   2.68 kB | 
spec-app-pages-chat-chat-sidebar-tags-modal-tags-modal.spec.js                                                                      | spec-app-pages-chat-chat-sidebar-tags-modal-tags-modal.spec                                                                      |   2.62 kB | 
spec-app-pages-crm-negotiation-show-components-negotiation-files-tab-negotiation-files-tab.spec.js                                  | spec-app-pages-crm-negotiation-show-components-negotiation-files-tab-negotiation-files-tab.spec                                  |   2.56 kB | 
chunk-72E3R4QC.js                                                                                                                   | -                                                                                                                                |   2.54 kB | 
chunk-R5WBYIO2.js                                                                                                                   | -                                                                                                                                |   2.52 kB | 
spec-app-core-services-chat-rewrite-rollout.service.spec.js                                                                         | spec-app-core-services-chat-rewrite-rollout.service.spec                                                                         |   2.43 kB | 
spec-app-core-services-realtime.service.spec.js                                                                                     | spec-app-core-services-realtime.service.spec                                                                                     |   2.42 kB | 
chunk-NXYRWC2W.js                                                                                                                   | -                                                                                                                                |   2.39 kB | 
chunk-P344MWNM.js                                                                                                                   | -                                                                                                                                |   2.36 kB | 
spec-app-pages-chat-components-message-bubble-message-bubble.component.spec.js                                                      | spec-app-pages-chat-components-message-bubble-message-bubble.component.spec                                                      |   2.36 kB | 
chunk-YZXIEOPQ.js                                                                                                                   | -                                                                                                                                |   2.32 kB | 
spec-app-core-services-platform-platform.service.spec.js                                                                            | spec-app-core-services-platform-platform.service.spec                                                                            |   2.30 kB | 
spec-app-pages-ai-components-streaming-message-bubble-streaming-message-bubble.spec.js                                              | spec-app-pages-ai-components-streaming-message-bubble-streaming-message-bubble.spec                                              |   2.24 kB | 
chunk-6TIESGOY.js                                                                                                                   | -                                                                                                                                |   2.13 kB | 
spec-app-shared-utils-string.utils.spec.js                                                                                          | spec-app-shared-utils-string.utils.spec                                                                                          |   2.11 kB | 
spec-app-pages-crm-negotiation-show-components-negotiation-summary-card-negotiation-summary-card.spec.js                            | spec-app-pages-crm-negotiation-show-components-negotiation-summary-card-negotiation-summary-card.spec                            |   2.06 kB | 
spec-app-pages-crm-negotiation-show-components-negotiation-loss-modal-negotiation-loss-modal.spec.js                                | spec-app-pages-crm-negotiation-show-components-negotiation-loss-modal-negotiation-loss-modal.spec                                |   2.03 kB | 
chunk-D37S7CTZ.js                                                                                                                   | -                                                                                                                                |   1.93 kB | 
spec-app-pages-crm-negotiation-show-components-negotiation-company-card-negotiation-company-card.spec.js                            | spec-app-pages-crm-negotiation-show-components-negotiation-company-card-negotiation-company-card.spec                            |   1.89 kB | 
spec-app-pages-crm-negotiation-show-components-negotiation-contact-card-negotiation-contact-card.spec.js                            | spec-app-pages-crm-negotiation-show-components-negotiation-contact-card-negotiation-contact-card.spec                            |   1.89 kB | 
spec-app-pages-crm-negotiation-show-components-negotiation-header-negotiation-header.spec.js                                        | spec-app-pages-crm-negotiation-show-components-negotiation-header-negotiation-header.spec                                        |   1.84 kB | 
chunk-EPR6LKYA.js                                                                                                                   | -                                                                                                                                |   1.82 kB | 
chunk-LMSOSV6R.js                                                                                                                   | -                                                                                                                                |   1.82 kB | 
spec-app-pages-crm-negotiation-show-components-negotiation-upcoming-tasks-negotiation-upcoming-tasks.spec.js                        | spec-app-pages-crm-negotiation-show-components-negotiation-upcoming-tasks-negotiation-upcoming-tasks.spec                        |   1.72 kB | 
chunk-YGAIV654.js                                                                                                                   | -                                                                                                                                |   1.71 kB | 
spec-app-core-services-billing-status.service.spec.js                                                                               | spec-app-core-services-billing-status.service.spec                                                                               |   1.68 kB | 
chunk-AAWM6MFM.js                                                                                                                   | -                                                                                                                                |   1.68 kB | 
spec-app-core-services-chat-realtime.store.spec.js                                                                                  | spec-app-core-services-chat-realtime.store.spec                                                                                  |   1.52 kB | 
chunk-MH6RQTOS.js                                                                                                                   | -                                                                                                                                |   1.50 kB | 
chunk-NBALVMCR.js                                                                                                                   | -                                                                                                                                |   1.48 kB | 
chunk-IQPFO7OS.js                                                                                                                   | -                                                                                                                                |   1.25 kB | 
chunk-2IFIQPV3.js                                                                                                                   | -                                                                                                                                |   1.02 kB | 
chunk-LXUZJJDQ.js                                                                                                                   | -                                                                                                                                | 943 bytes | 
chunk-WIOR63H7.js                                                                                                                   | -                                                                                                                                | 931 bytes | 
spec-app-pages-chat-utils-sentiment.spec.js                                                                                         | spec-app-pages-chat-utils-sentiment.spec                                                                                         | 912 bytes | 
chunk-5XP442TC.js                                                                                                                   | -                                                                                                                                | 804 bytes | 
chunk-PZD5MEEN.js                                                                                                                   | -                                                                                                                                | 734 bytes | 
chunk-FPVVXPA7.js                                                                                                                   | -                                                                                                                                | 664 bytes | 
chunk-H3A3GEBR.js                                                                                                                   | -                                                                                                                                | 663 bytes | 
chunk-R5TWBHXF.js                                                                                                                   | -                                                                                                                                | 444 bytes | 
chunk-7ALLOIQD.js                                                                                                                   | -                                                                                                                                | 343 bytes | 

                                                                                                                                    | Initial total                                                                                                                    |  10.89 MB

Lazy chunk files                                                                                                                    | Names                                                                                                                            |  Raw size
chunk-HEPNTBXZ.js                                                                                                                   | apexcharts-esm                                                                                                                   |   1.20 MB | 
chunk-CL4ZUNID.js                                                                                                                   | photoswipe-esm                                                                                                                   | 150.85 kB | 
chunk-X7W3BMSW.js                                                                                                                   | photoswipe-lightbox-esm                                                                                                          |  38.77 kB | 
chunk-KQNTGOGL.js                                                                                                                   | web                                                                                                                              |   5.79 kB | 
spec-app-pages-chat-components-chat-message-media-chat-message-media.component.spec.css                                             | -                                                                                                                                |   5.71 kB | 
spec-app-pages-chat-components-user-chat-thread-user-chat-thread.component.spec.css                                                 | -                                                                                                                                |   5.71 kB | 
spec-app-pages-chat-components-user-chat-user-chat.spec.css                                                                         | -                                                                                                                                |   5.68 kB | 
spec-app-pages-chat-ticket-ticket-detail-page.spec.css                                                                              | -                                                                                                                                |   5.68 kB | 
spec-app-pages-chat-chat.spec.css                                                                                                   | -                                                                                                                                |   5.66 kB | 
chunk-5G7ES7E2.js                                                                                                                   | web                                                                                                                              |   3.24 kB | 
chunk-R5JHGIFX.js                                                                                                                   | web                                                                                                                              |   2.73 kB | 
chunk-3MFKR3BY.js                                                                                                                   | web                                                                                                                              |   1.70 kB | 
chunk-JDLXMCUA.js                                                                                                                   | web                                                                                                                              | 837 bytes | 

Application bundle generation complete. [134.906 seconds] - 2026-04-27T02:09:52.272Z


[1m[46m RUN [49m[22m [36mv4.1.1 [39m[90m/Users/rafael.silva/Documents/interazap/app[39m

[90mstderr[2m | spec-app-pages-crm-contacts-crm-contacts.spec.js
[22m[39mNG0914: The application is using zoneless change detection, but is still loading Zone.js. Consider removing Zone.js to get the full benefits of zoneless. In applications using the Angular CLI, Zone.js is typically included in the "polyfills" section of the angular.json file.

[90mstderr[2m | spec-app-pages-crm-agenda-agenda.spec.js
[22m[39mNG0914: The application is using zoneless change detection, but is still loading Zone.js. Consider removing Zone.js to get the full benefits of zoneless. In applications using the Angular CLI, Zone.js is typically included in the "polyfills" section of the angular.json file.

[90mstderr[2m | spec-app-pages-dashboard-dashboard.spec.js
[22m[39mNG0914: The application is using zoneless change detection, but is still loading Zone.js. Consider removing Zone.js to get the full benefits of zoneless. In applications using the Angular CLI, Zone.js is typically included in the "polyfills" section of the angular.json file.

[90mstderr[2m | spec-app-pages-crm-negotiations-negotiations.spec.js
[22m[39mNG0914: The application is using zoneless change detection, but is still loading Zone.js. Consider removing Zone.js to get the full benefits of zoneless. In applications using the Angular CLI, Zone.js is typically included in the "polyfills" section of the angular.json file.

[90mstderr[2m | spec-app-pages-chat-chat.spec.js
[22m[39mNG0914: The application is using zoneless change detection, but is still loading Zone.js. Consider removing Zone.js to get the full benefits of zoneless. In applications using the Angular CLI, Zone.js is typically included in the "polyfills" section of the angular.json file.

[90mstderr[2m | spec-app-pages-ai-pages-agents-agent-workspace-agent-workspace.spec.js
[22m[39mNG0914: The application is using zoneless change detection, but is still loading Zone.js. Consider removing Zone.js to get the full benefits of zoneless. In applications using the Angular CLI, Zone.js is typically included in the "polyfills" section of the angular.json file.

[90mstderr[2m | spec-app-pages-platform-tenants-tenants.spec.js
[22m[39mNG0914: The application is using zoneless change detection, but is still loading Zone.js. Consider removing Zone.js to get the full benefits of zoneless. In applications using the Angular CLI, Zone.js is typically included in the "polyfills" section of the angular.json file.

[90mstderr[2m | spec-app-pages-crm-contacts-crm-contacts.spec.js[2m > [22m[2mContacts[2m > [22m[2mcreates and loads initial list
[22m[39mNG0914: The application is using zoneless change detection, but is still loading Zone.js. Consider removing Zone.js to get the full benefits of zoneless. In applications using the Angular CLI, Zone.js is typically included in the "polyfills" section of the angular.json file.

[90mstderr[2m | spec-app-pages-crm-contacts-crm-contacts.spec.js[2m > [22m[2mContacts[2m > [22m[2mopens bulk delete only when there is a selection
[22m[39mNG0914: The application is using zoneless change detection, but is still loading Zone.js. Consider removing Zone.js to get the full benefits of zoneless. In applications using the Angular CLI, Zone.js is typically included in the "polyfills" section of the angular.json file.

[90mstderr[2m | spec-app-pages-crm-contacts-crm-contacts.spec.js[2m > [22m[2mContacts[2m > [22m[2mdeletes selected contacts and clears selection
[22m[39mNG0914: The application is using zoneless change detection, but is still loading Zone.js. Consider removing Zone.js to get the full benefits of zoneless. In applications using the Angular CLI, Zone.js is typically included in the "polyfills" section of the angular.json file.

 [32m✓[39m [30m[46m app-new [49m[39m spec-app-pages-dashboard-dashboard.spec.js [2m([22m[2m5 tests[22m[2m)[22m[33m 1476[2mms[22m[39m
     [33m[2m✓[22m[39m should create the component [33m 696[2mms[22m[39m
     [33m[2m✓[22m[39m should call DashboardService on init [33m 321[2mms[22m[39m
 [32m✓[39m [30m[46m app-new [49m[39m spec-app-pages-crm-contacts-crm-contacts.spec.js [2m([22m[2m3 tests[22m[2m)[22m[33m 882[2mms[22m[39m
     [33m[2m✓[22m[39m creates and loads initial list [33m 645[2mms[22m[39m
 [32m✓[39m [30m[46m app-new [49m[39m spec-app-pages-ai-pages-agents-agent-workspace-agent-workspace.spec.js [2m([22m[2m3 tests[22m[2m)[22m[33m 2002[2mms[22m[39m
     [33m[2m✓[22m[39m should create and load agent [33m 1280[2mms[22m[39m
     [33m[2m✓[22m[39m should have a single global save button in the template [33m 387[2mms[22m[39m
     [33m[2m✓[22m[39m should save globally by reading from overview and channels tabs [33m 325[2mms[22m[39m
 [32m✓[39m [30m[46m app-new [49m[39m spec-app-pages-crm-negotiations-negotiations.spec.js [2m([22m[2m6 tests[22m[2m)[22m[33m 2574[2mms[22m[39m
     [33m[2m✓[22m[39m should create [33m 1261[2mms[22m[39m
     [33m[2m✓[22m[39m should default to kanban view mode [33m 321[2mms[22m[39m
     [33m[2m✓[22m[39m should clear status filter chip state [33m 460[2mms[22m[39m
 [32m✓[39m [30m[46m app-new [49m[39m spec-app-pages-platform-tenants-tenants.spec.js [2m([22m[2m11 tests[22m[2m)[22m[33m 3825[2mms[22m[39m
     [33m[2m✓[22m[39m should create [33m 1260[2mms[22m[39m
     [33m[2m✓[22m[39m loads tenants on init [33m 417[2mms[22m[39m
     [33m[2m✓[22m[39m renders details button for active tenant rows [33m 316[2mms[22m[39m
     [33m[2m✓[22m[39m opens side panel and loads tenant details [33m 353[2mms[22m[39m
 [32m✓[39m [30m[46m app-new [49m[39m spec-app-pages-chat-chat.spec.js [2m([22m[2m6 tests[22m[2m)[22m[32m 171[2mms[22m[39m
[90mstderr[2m | spec-app-pages-crm-companies-crm-companies.spec.js
[22m[39mNG0914: The application is using zoneless change detection, but is still loading Zone.js. Consider removing Zone.js to get the full benefits of zoneless. In applications using the Angular CLI, Zone.js is typically included in the "polyfills" section of the angular.json file.

 [32m✓[39m [30m[46m app-new [49m[39m spec-app-pages-crm-agenda-agenda.spec.js [2m([22m[2m11 tests[22m[2m)[22m[33m 6295[2mms[22m[39m
     [33m[2m✓[22m[39m should create [33m 1415[2mms[22m[39m
     [33m[2m✓[22m[39m should switch view mode [33m 434[2mms[22m[39m
     [33m[2m✓[22m[39m should switch calendar display mode between month, week and day [33m 433[2mms[22m[39m
     [33m[2m✓[22m[39m should expose options and labels [33m 352[2mms[22m[39m
     [33m[2m✓[22m[39m should resolve event classes [33m 506[2mms[22m[39m
     [33m[2m✓[22m[39m should open and close calendar modal [33m 469[2mms[22m[39m
     [33m[2m✓[22m[39m should close editor and reload calendar when editor emits saved [33m 728[2mms[22m[39m
     [33m[2m✓[22m[39m should close editor when editor emits closed (cancel flow) [33m 530[2mms[22m[39m
     [33m[2m✓[22m[39m should keep filters and apply them when switching back to calendar mode [33m 426[2mms[22m[39m
     [33m[2m✓[22m[39m should sync events on the active calendar mode after loading events [33m 375[2mms[22m[39m
     [33m[2m✓[22m[39m should preserve selected filters while toggling between list and calendar [33m 617[2mms[22m[39m
[90mstderr[2m | spec-app-pages-chat-components-chat-negotiation-view-chat-negotiation-view.spec.js
[22m[39mNG0914: The application is using zoneless change detection, but is still loading Zone.js. Consider removing Zone.js to get the full benefits of zoneless. In applications using the Angular CLI, Zone.js is typically included in the "polyfills" section of the angular.json file.

[90mstderr[2m | spec-app-pages-ai-simulator-simulator.spec.js
[22m[39mNG0914: The application is using zoneless change detection, but is still loading Zone.js. Consider removing Zone.js to get the full benefits of zoneless. In applications using the Angular CLI, Zone.js is typically included in the "polyfills" section of the angular.json file.

[90mstderr[2m | spec-app-pages-settings-my-plan-my-plan.spec.js
[22m[39mNG0914: The application is using zoneless change detection, but is still loading Zone.js. Consider removing Zone.js to get the full benefits of zoneless. In applications using the Angular CLI, Zone.js is typically included in the "polyfills" section of the angular.json file.

[90mstderr[2m | spec-app-pages-ai-pages-knowledge-knowledge-list-knowledge-list.spec.js
[22m[39mNG0914: The application is using zoneless change detection, but is still loading Zone.js. Consider removing Zone.js to get the full benefits of zoneless. In applications using the Angular CLI, Zone.js is typically included in the "polyfills" section of the angular.json file.

[90mstderr[2m | spec-app-pages-crm-negotiation-show-negotiation-show.spec.js
[22m[39mNG0914: The application is using zoneless change detection, but is still loading Zone.js. Consider removing Zone.js to get the full benefits of zoneless. In applications using the Angular CLI, Zone.js is typically included in the "polyfills" section of the angular.json file.

[90mstderr[2m | spec-app-pages-chat-components-chat-negotiation-view-chat-negotiation-view.spec.js[2m > [22m[2mChatNegotiationView[2m > [22m[2mshould create
[22m[39mNG0914: The application is using zoneless change detection, but is still loading Zone.js. Consider removing Zone.js to get the full benefits of zoneless. In applications using the Angular CLI, Zone.js is typically included in the "polyfills" section of the angular.json file.

[90mstderr[2m | spec-app-pages-crm-companies-crm-companies.spec.js[2m > [22m[2mCompanies[2m > [22m[2mcreates and loads initial list
[22m[39mNG0914: The application is using zoneless change detection, but is still loading Zone.js. Consider removing Zone.js to get the full benefits of zoneless. In applications using the Angular CLI, Zone.js is typically included in the "polyfills" section of the angular.json file.

[90mstderr[2m | spec-app-pages-chat-components-chat-negotiation-view-chat-negotiation-view.spec.js[2m > [22m[2mChatNegotiationView[2m > [22m[2mshould format date correctly
[22m[39mNG0914: The application is using zoneless change detection, but is still loading Zone.js. Consider removing Zone.js to get the full benefits of zoneless. In applications using the Angular CLI, Zone.js is typically included in the "polyfills" section of the angular.json file.

[90mstderr[2m | spec-app-pages-chat-components-chat-negotiation-view-chat-negotiation-view.spec.js[2m > [22m[2mChatNegotiationView[2m > [22m[2mshould return correct status tone
[22m[39mNG0914: The application is using zoneless change detection, but is still loading Zone.js. Consider removing Zone.js to get the full benefits of zoneless. In applications using the Angular CLI, Zone.js is typically included in the "polyfills" section of the angular.json file.

[90mstderr[2m | spec-app-pages-chat-components-chat-negotiation-view-chat-negotiation-view.spec.js[2m > [22m[2mChatNegotiationView[2m > [22m[2mshould handle input contact change
[22m[39mNG0914: The application is using zoneless change detection, but is still loading Zone.js. Consider removing Zone.js to get the full benefits of zoneless. In applications using the Angular CLI, Zone.js is typically included in the "polyfills" section of the angular.json file.

[90mstderr[2m | spec-app-pages-chat-components-chat-negotiation-view-chat-negotiation-view.spec.js[2m > [22m[2mChatNegotiationView[2m > [22m[2mshould allow creation only when form is valid
[22m[39mNG0914: The application is using zoneless change detection, but is still loading Zone.js. Consider removing Zone.js to get the full benefits of zoneless. In applications using the Angular CLI, Zone.js is typically included in the "polyfills" section of the angular.json file.

[90mstderr[2m | spec-app-pages-chat-components-chat-negotiation-view-chat-negotiation-view.spec.js[2m > [22m[2mChatNegotiationView[2m > [22m[2mclears stale detail state and exposes a persistent detail error when selection load fails
[22m[39mNG0914: The application is using zoneless change detection, but is still loading Zone.js. Consider removing Zone.js to get the full benefits of zoneless. In applications using the Angular CLI, Zone.js is typically included in the "polyfills" section of the angular.json file.

[90mstderr[2m | spec-app-pages-chat-components-chat-negotiation-view-chat-negotiation-view.spec.js[2m > [22m[2mChatNegotiationView[2m > [22m[2mkeeps detail loading bound to the latest request during rapid negotiation switches
[22m[39mNG0914: The application is using zoneless change detection, but is still loading Zone.js. Consider removing Zone.js to get the full benefits of zoneless. In applications using the Angular CLI, Zone.js is typically included in the "polyfills" section of the angular.json file.

[90mstderr[2m | spec-app-pages-chat-components-chat-negotiation-view-chat-negotiation-view.spec.js[2m > [22m[2mChatNegotiationView[2m > [22m[2mresets loading flags when contact context is cleared while detail is in flight
[22m[39mNG0914: The application is using zoneless change detection, but is still loading Zone.js. Consider removing Zone.js to get the full benefits of zoneless. In applications using the Angular CLI, Zone.js is typically included in the "polyfills" section of the angular.json file.

[90mstderr[2m | spec-app-pages-chat-components-chat-negotiation-view-chat-negotiation-view.spec.js[2m > [22m[2mChatNegotiationView[2m > [22m[2mexposes persistent product and task errors when child collections fail to load
[22m[39mNG0914: The application is using zoneless change detection, but is still loading Zone.js. Consider removing Zone.js to get the full benefits of zoneless. In applications using the Angular CLI, Zone.js is typically included in the "polyfills" section of the angular.json file.

[90mstderr[2m | spec-app-pages-chat-components-chat-negotiation-view-chat-negotiation-view.spec.js[2m > [22m[2mChatNegotiationView[2m > [22m[2mbridges the existing item price FormControl to updateProduct through getItemPriceControlFn
[22m[39mNG0914: The application is using zoneless change detection, but is still loading Zone.js. Consider removing Zone.js to get the full benefits of zoneless. In applications using the Angular CLI, Zone.js is typically included in the "polyfills" section of the angular.json file.

[90mstderr[2m | spec-app-pages-chat-components-chat-negotiation-view-chat-negotiation-view.spec.js[2m > [22m[2mChatNegotiationView[2m > [22m[2maccepts only valid notifyChannel values in task field updates
[22m[39mNG0914: The application is using zoneless change detection, but is still loading Zone.js. Consider removing Zone.js to get the full benefits of zoneless. In applications using the Angular CLI, Zone.js is typically included in the "polyfills" section of the angular.json file.

 [32m✓[39m [30m[46m app-new [49m[39m spec-app-pages-chat-components-chat-negotiation-view-chat-negotiation-view.spec.js [2m([22m[2m11 tests[22m[2m)[22m[33m 832[2mms[22m[39m
[90mstderr[2m | spec-app-pages-crm-companies-crm-companies.spec.js[2m > [22m[2mCompanies[2m > [22m[2mshows empty state when no companies
[22m[39mNG0914: The application is using zoneless change detection, but is still loading Zone.js. Consider removing Zone.js to get the full benefits of zoneless. In applications using the Angular CLI, Zone.js is typically included in the "polyfills" section of the angular.json file.

[90mstderr[2m | spec-app-pages-ai-simulator-simulator.spec.js[2m > [22m[2mAiSimulatorComponent[2m > [22m[2mattaches audio url to assistant message on completed event
[22m[39mThe 'allowSignalWrites' flag is deprecated and no longer impacts effect() (writes are always allowed)
The 'allowSignalWrites' flag is deprecated and no longer impacts effect() (writes are always allowed)

[90mstderr[2m | spec-app-pages-crm-companies-crm-companies.spec.js[2m > [22m[2mCompanies[2m > [22m[2mshows error state on load failure
[22m[39mNG0914: The application is using zoneless change detection, but is still loading Zone.js. Consider removing Zone.js to get the full benefits of zoneless. In applications using the Angular CLI, Zone.js is typically included in the "polyfills" section of the angular.json file.

[90mstderr[2m | spec-app-pages-crm-companies-crm-companies.spec.js[2m > [22m[2mCompanies[2m > [22m[2msearches companies
[22m[39mNG0914: The application is using zoneless change detection, but is still loading Zone.js. Consider removing Zone.js to get the full benefits of zoneless. In applications using the Angular CLI, Zone.js is typically included in the "polyfills" section of the angular.json file.

[90mstderr[2m | spec-app-pages-crm-companies-crm-companies.spec.js[2m > [22m[2mCompanies[2m > [22m[2mpaginates companies
[22m[39mNG0914: The application is using zoneless change detection, but is still loading Zone.js. Consider removing Zone.js to get the full benefits of zoneless. In applications using the Angular CLI, Zone.js is typically included in the "polyfills" section of the angular.json file.

[90mstderr[2m | spec-app-pages-crm-companies-crm-companies.spec.js[2m > [22m[2mCompanies[2m > [22m[2mopens create modal
[22m[39mNG0914: The application is using zoneless change detection, but is still loading Zone.js. Consider removing Zone.js to get the full benefits of zoneless. In applications using the Angular CLI, Zone.js is typically included in the "polyfills" section of the angular.json file.

[90mstderr[2m | spec-app-pages-crm-companies-crm-companies.spec.js[2m > [22m[2mCompanies[2m > [22m[2mopens edit modal with selected company
[22m[39mNG0914: The application is using zoneless change detection, but is still loading Zone.js. Consider removing Zone.js to get the full benefits of zoneless. In applications using the Angular CLI, Zone.js is typically included in the "polyfills" section of the angular.json file.

[90mstderr[2m | spec-app-pages-crm-companies-crm-companies.spec.js[2m > [22m[2mCompanies[2m > [22m[2mopens single delete confirmation
[22m[39mNG0914: The application is using zoneless change detection, but is still loading Zone.js. Consider removing Zone.js to get the full benefits of zoneless. In applications using the Angular CLI, Zone.js is typically included in the "polyfills" section of the angular.json file.

[90mstderr[2m | spec-app-pages-crm-companies-crm-companies.spec.js[2m > [22m[2mCompanies[2m > [22m[2mopens bulk delete only when there is a selection
[22m[39mNG0914: The application is using zoneless change detection, but is still loading Zone.js. Consider removing Zone.js to get the full benefits of zoneless. In applications using the Angular CLI, Zone.js is typically included in the "polyfills" section of the angular.json file.

[90mstderr[2m | spec-app-pages-crm-companies-crm-companies.spec.js[2m > [22m[2mCompanies[2m > [22m[2mdeletes a single company
[22m[39mNG0914: The application is using zoneless change detection, but is still loading Zone.js. Consider removing Zone.js to get the full benefits of zoneless. In applications using the Angular CLI, Zone.js is typically included in the "polyfills" section of the angular.json file.

[90mstderr[2m | spec-app-pages-crm-companies-crm-companies.spec.js[2m > [22m[2mCompanies[2m > [22m[2mdeletes selected companies in bulk and clears selection
[22m[39mNG0914: The application is using zoneless change detection, but is still loading Zone.js. Consider removing Zone.js to get the full benefits of zoneless. In applications using the Angular CLI, Zone.js is typically included in the "polyfills" section of the angular.json file.

[90mstderr[2m | spec-app-pages-crm-companies-crm-companies.spec.js[2m > [22m[2mCompanies[2m > [22m[2mcancels form modal and clears selection
[22m[39mNG0914: The application is using zoneless change detection, but is still loading Zone.js. Consider removing Zone.js to get the full benefits of zoneless. In applications using the Angular CLI, Zone.js is typically included in the "polyfills" section of the angular.json file.

[90mstderr[2m | spec-app-pages-ai-simulator-simulator.spec.js[2m > [22m[2mAiSimulatorComponent[2m > [22m[2mattaches audio url to assistant message on completed event
[22m[39m
  It looks like you're using the disabled attribute with a reactive form directive. If you set disabled to true
  when you set up this control in your component class, the disabled attribute will actually be set in the DOM for
  you. We recommend using this approach to avoid 'changed after checked' errors.

  Example:
  // Specify the `disabled` property at control creation time:
  form = new FormGroup({
    first: new FormControl({value: 'Nancy', disabled: true}, Validators.required),
    last: new FormControl('Drew', Validators.required)
  });

  // Controls can also be enabled/disabled after creation:
  form.get('first')?.enable();
  form.get('last')?.disable();


[90mstderr[2m | spec-app-pages-crm-companies-crm-companies.spec.js[2m > [22m[2mCompanies[2m > [22m[2mhandles form saved and reloads list
[22m[39mNG0914: The application is using zoneless change detection, but is still loading Zone.js. Consider removing Zone.js to get the full benefits of zoneless. In applications using the Angular CLI, Zone.js is typically included in the "polyfills" section of the angular.json file.

[90mstderr[2m | spec-app-pages-crm-companies-crm-companies.spec.js[2m > [22m[2mCompanies[2m > [22m[2mopens and closes detail panel
[22m[39mNG0914: The application is using zoneless change detection, but is still loading Zone.js. Consider removing Zone.js to get the full benefits of zoneless. In applications using the Angular CLI, Zone.js is typically included in the "polyfills" section of the angular.json file.

[90mstderr[2m | spec-app-pages-crm-companies-crm-companies.spec.js[2m > [22m[2mCompanies[2m > [22m[2msorts companies
[22m[39mNG0914: The application is using zoneless change detection, but is still loading Zone.js. Consider removing Zone.js to get the full benefits of zoneless. In applications using the Angular CLI, Zone.js is typically included in the "polyfills" section of the angular.json file.

 [32m✓[39m [30m[46m app-new [49m[39m spec-app-pages-ai-simulator-simulator.spec.js [2m([22m[2m1 test[22m[2m)[22m[33m 966[2mms[22m[39m
     [33m[2m✓[22m[39m attaches audio url to assistant message on completed event [33m 963[2mms[22m[39m
 [32m✓[39m [30m[46m app-new [49m[39m spec-app-pages-crm-companies-crm-companies.spec.js [2m([22m[2m15 tests[22m[2m)[22m[33m 1817[2mms[22m[39m
     [33m[2m✓[22m[39m creates and loads initial list [33m 1049[2mms[22m[39m
[90mstderr[2m | spec-app-pages-crm-negotiation-show-negotiation-show.spec.js[2m > [22m[2mNegotiationShow[2m > [22m[2mcreates and loads negotiation
[22m[39mNG0914: The application is using zoneless change detection, but is still loading Zone.js. Consider removing Zone.js to get the full benefits of zoneless. In applications using the Angular CLI, Zone.js is typically included in the "polyfills" section of the angular.json file.

 [32m✓[39m [30m[46m app-new [49m[39m spec-app-pages-settings-my-plan-my-plan.spec.js [2m([22m[2m3 tests[22m[2m)[22m[33m 1831[2mms[22m[39m
     [33m[2m✓[22m[39m carrega subscription e planos no init [33m 1385[2mms[22m[39m
 [32m✓[39m [30m[46m app-new [49m[39m spec-app-pages-ai-pages-knowledge-knowledge-list-knowledge-list.spec.js [2m([22m[2m2 tests[22m[2m)[22m[33m 1502[2mms[22m[39m
     [33m[2m✓[22m[39m starts polling when documents have non-final status [33m 1398[2mms[22m[39m
[90mstderr[2m | spec-app-pages-crm-negotiation-show-negotiation-show.spec.js[2m > [22m[2mNegotiationShow[2m > [22m[2mhas tabs configured
[22m[39mNG0914: The application is using zoneless change detection, but is still loading Zone.js. Consider removing Zone.js to get the full benefits of zoneless. In applications using the Angular CLI, Zone.js is typically included in the "polyfills" section of the angular.json file.

[90mstderr[2m | spec-app-pages-crm-negotiation-show-negotiation-show.spec.js[2m > [22m[2mNegotiationShow[2m > [22m[2mmarks negotiation as won using current negotiation id
[22m[39mNG0914: The application is using zoneless change detection, but is still loading Zone.js. Consider removing Zone.js to get the full benefits of zoneless. In applications using the Angular CLI, Zone.js is typically included in the "polyfills" section of the angular.json file.

 [32m✓[39m [30m[46m app-new [49m[39m spec-app-pages-crm-negotiation-show-negotiation-show.spec.js [2m([22m[2m3 tests[22m[2m)[22m[33m 2122[2mms[22m[39m
     [33m[2m✓[22m[39m creates and loads negotiation [33m 1604[2mms[22m[39m
[90mstderr[2m | spec-app-pages-chat-components-chat-sidebar-chat-sidebar.spec.js
[22m[39mNG0914: The application is using zoneless change detection, but is still loading Zone.js. Consider removing Zone.js to get the full benefits of zoneless. In applications using the Angular CLI, Zone.js is typically included in the "polyfills" section of the angular.json file.

[90mstderr[2m | spec-app-pages-platform-invoices-platform-invoices.spec.js
[22m[39mNG0914: The application is using zoneless change detection, but is still loading Zone.js. Consider removing Zone.js to get the full benefits of zoneless. In applications using the Angular CLI, Zone.js is typically included in the "polyfills" section of the angular.json file.

[90mstderr[2m | spec-app-pages-chat-channel-channel.spec.js
[22m[39mNG0914: The application is using zoneless change detection, but is still loading Zone.js. Consider removing Zone.js to get the full benefits of zoneless. In applications using the Angular CLI, Zone.js is typically included in the "polyfills" section of the angular.json file.

[90mstderr[2m | spec-app-pages-ai-pages-dashboard-usage-dashboard-usage-dashboard.spec.js
[22m[39mNG0914: The application is using zoneless change detection, but is still loading Zone.js. Consider removing Zone.js to get the full benefits of zoneless. In applications using the Angular CLI, Zone.js is typically included in the "polyfills" section of the angular.json file.

[90mstderr[2m | spec-app-pages-chat-auto-reply-auto-reply.spec.js
[22m[39mNG0914: The application is using zoneless change detection, but is still loading Zone.js. Consider removing Zone.js to get the full benefits of zoneless. In applications using the Angular CLI, Zone.js is typically included in the "polyfills" section of the angular.json file.

[90mstderr[2m | spec-app-pages-auth-preferences-preferences.spec.js
[22m[39mNG0914: The application is using zoneless change detection, but is still loading Zone.js. Consider removing Zone.js to get the full benefits of zoneless. In applications using the Angular CLI, Zone.js is typically included in the "polyfills" section of the angular.json file.

 [32m✓[39m [30m[46m app-new [49m[39m spec-app-pages-chat-components-chat-sidebar-chat-sidebar.spec.js [2m([22m[2m13 tests[22m[2m)[22m[33m 5052[2mms[22m[39m
     [33m[2m✓[22m[39m auto-selects a single connected instance and hides empty state [33m 1747[2mms[22m[39m
     [33m[2m✓[22m[39m treats last_connection.connected as connected when status is unknown [33m 423[2mms[22m[39m
     [33m[2m✓[22m[39m restores persisted selection when the instance is still connected [33m 338[2mms[22m[39m
     [33m[2m✓[22m[39m abre e fecha modal de busca sincronizando o termo [33m 335[2mms[22m[39m
     [33m[2m✓[22m[39m valida campos obrigatórios antes de iniciar chat [33m 418[2mms[22m[39m
     [33m[2m✓[22m[39m should toggle search modal visibility [33m 346[2mms[22m[39m
 [32m✓[39m [30m[46m app-new [49m[39m spec-app-pages-ai-pages-dashboard-usage-dashboard-usage-dashboard.spec.js [2m([22m[2m1 test[22m[2m)[22m[33m 486[2mms[22m[39m
     [33m[2m✓[22m[39m loads dashboard data and renders KPI values [33m 484[2mms[22m[39m
 [32m✓[39m [30m[46m app-new [49m[39m spec-app-pages-chat-auto-reply-auto-reply.spec.js [2m([22m[2m6 tests[22m[2m)[22m[32m 297[2mms[22m[39m
[90mstderr[2m | spec-app-pages-chat-components-chat-navbar-chat-navbar.spec.js
[22m[39mNG0914: The application is using zoneless change detection, but is still loading Zone.js. Consider removing Zone.js to get the full benefits of zoneless. In applications using the Angular CLI, Zone.js is typically included in the "polyfills" section of the angular.json file.

[90mstderr[2m | spec-app-pages-auth-preferences-preferences.spec.js[2m > [22m[2mPreferencesComponent[2m > [22m[2mshould create
[22m[39mThe 'allowSignalWrites' flag is deprecated and no longer impacts effect() (writes are always allowed)
The 'allowSignalWrites' flag is deprecated and no longer impacts effect() (writes are always allowed)

[90mstderr[2m | spec-app-pages-auth-preferences-preferences.spec.js[2m > [22m[2mPreferencesComponent[2m > [22m[2mshould have all notification type options
[22m[39mThe 'allowSignalWrites' flag is deprecated and no longer impacts effect() (writes are always allowed)
The 'allowSignalWrites' flag is deprecated and no longer impacts effect() (writes are always allowed)

[90mstderr[2m | spec-app-pages-auth-preferences-preferences.spec.js[2m > [22m[2mPreferencesComponent[2m > [22m[2mshould have all notification channel options
[22m[39mThe 'allowSignalWrites' flag is deprecated and no longer impacts effect() (writes are always allowed)
The 'allowSignalWrites' flag is deprecated and no longer impacts effect() (writes are always allowed)

[90mstderr[2m | spec-app-pages-auth-preferences-preferences.spec.js[2m > [22m[2mPreferencesComponent[2m > [22m[2mshould have notificationControls for each type × channel combination
[22m[39mThe 'allowSignalWrites' flag is deprecated and no longer impacts effect() (writes are always allowed)
The 'allowSignalWrites' flag is deprecated and no longer impacts effect() (writes are always allowed)

[90mstderr[2m | spec-app-pages-auth-preferences-preferences.spec.js[2m > [22m[2mPreferencesComponent[2m > [22m[2mshould mark store dirty when appearance theme changes
[22m[39mThe 'allowSignalWrites' flag is deprecated and no longer impacts effect() (writes are always allowed)
The 'allowSignalWrites' flag is deprecated and no longer impacts effect() (writes are always allowed)

[90mstderr[2m | spec-app-pages-auth-preferences-preferences.spec.js[2m > [22m[2mPreferencesComponent[2m > [22m[2mshould mark store dirty when behavior sound changes
[22m[39mThe 'allowSignalWrites' flag is deprecated and no longer impacts effect() (writes are always allowed)
The 'allowSignalWrites' flag is deprecated and no longer impacts effect() (writes are always allowed)

[90mstderr[2m | spec-app-pages-auth-preferences-preferences.spec.js[2m > [22m[2mPreferencesComponent[2m > [22m[2mshould mark store dirty when crm pipeline view changes
[22m[39mThe 'allowSignalWrites' flag is deprecated and no longer impacts effect() (writes are always allowed)
The 'allowSignalWrites' flag is deprecated and no longer impacts effect() (writes are always allowed)

[90mstderr[2m | spec-app-pages-auth-preferences-preferences.spec.js[2m > [22m[2mPreferencesComponent[2m > [22m[2mshould mark store dirty when accessibility reducedMotion changes
[22m[39mThe 'allowSignalWrites' flag is deprecated and no longer impacts effect() (writes are always allowed)
The 'allowSignalWrites' flag is deprecated and no longer impacts effect() (writes are always allowed)

 [32m✓[39m [30m[46m app-new [49m[39m spec-app-pages-auth-preferences-preferences.spec.js [2m([22m[2m8 tests[22m[2m)[22m[33m 561[2mms[22m[39m
 [32m✓[39m [30m[46m app-new [49m[39m spec-app-pages-platform-invoices-platform-invoices.spec.js [2m([22m[2m9 tests[22m[2m)[22m[33m 3628[2mms[22m[39m
     [33m[2m✓[22m[39m renders invoices list on load [33m 1863[2mms[22m[39m
     [33m[2m✓[22m[39m filters by tenant when company select changes [33m 406[2mms[22m[39m
 [31m❯[39m [30m[46m app-new [49m[39m spec-app-pages-chat-channel-channel.spec.js [2m([22m[2m13 tests[22m[2m | [22m[31m3 failed[39m[2m)[22m[33m 3970[2mms[22m[39m
     [33m[2m✓[22m[39m should create [33m 1498[2mms[22m[39m
     [32m✓[39m should have initial state[32m 260[2mms[22m[39m
     [32m✓[39m should open create, edit and delete modals[32m 274[2mms[22m[39m
     [32m✓[39m should handle QR modal lifecycle[32m 207[2mms[22m[39m
     [32m✓[39m should only allow connect when token is configured[32m 287[2mms[22m[39m
     [32m✓[39m should prioritize is_connected over textual status for connection UI decisions[32m 216[2mms[22m[39m
     [32m✓[39m should reconcile realtime aliases as connected using the shared status helper[32m 172[2mms[22m[39m
     [32m✓[39m should format brazilian phone when event carries +55 edge case[32m 154[2mms[22m[39m
     [32m✓[39m should preserve readable international formatting for non-brazilian numbers[32m 181[2mms[22m[39m
[31m     [31m×[31m should not open delete modal for connected integration and should show toast[39m[32m 231[2mms[22m[39m
     [32m✓[39m should open delete modal for disconnected integration[32m 166[2mms[22m[39m
[31m     [31m×[31m should show specific toast and close modal when delete returns 409[39m[32m 177[2mms[22m[39m
[31m     [31m×[31m should keep modal open when delete fails with non-409 error[39m[32m 144[2mms[22m[39m
[90mstderr[2m | spec-app-pages-reports-components-media-transcription-report-media-transcription-report.spec.js
[22m[39mNG0914: The application is using zoneless change detection, but is still loading Zone.js. Consider removing Zone.js to get the full benefits of zoneless. In applications using the Angular CLI, Zone.js is typically included in the "polyfills" section of the angular.json file.

[90mstderr[2m | spec-app-pages-ai-pages-knowledge-knowledge-dashboard-knowledge-dashboard.spec.js
[22m[39mNG0914: The application is using zoneless change detection, but is still loading Zone.js. Consider removing Zone.js to get the full benefits of zoneless. In applications using the Angular CLI, Zone.js is typically included in the "polyfills" section of the angular.json file.

 [32m✓[39m [30m[46m app-new [49m[39m spec-app-pages-chat-components-chat-navbar-chat-navbar.spec.js [2m([22m[2m30 tests[22m[2m)[22m[33m 4635[2mms[22m[39m
     [33m[2m✓[22m[39m should create [33m 974[2mms[22m[39m
[90mstderr[2m | spec-app-pages-chat-ticket-ticket-page.spec.js
[22m[39mNG0914: The application is using zoneless change detection, but is still loading Zone.js. Consider removing Zone.js to get the full benefits of zoneless. In applications using the Angular CLI, Zone.js is typically included in the "polyfills" section of the angular.json file.

[90mstderr[2m | spec-app-pages-chat-quick-answers-quick-answers.spec.js
[22m[39mNG0914: The application is using zoneless change detection, but is still loading Zone.js. Consider removing Zone.js to get the full benefits of zoneless. In applications using the Angular CLI, Zone.js is typically included in the "polyfills" section of the angular.json file.

Not implemented: navigation to another Document
 [32m✓[39m [30m[46m app-new [49m[39m spec-app-pages-reports-components-media-transcription-report-media-transcription-report.spec.js [2m([22m[2m8 tests[22m[2m)[22m[33m 1209[2mms[22m[39m
     [33m[2m✓[22m[39m carrega dados automaticamente com datas padrão [33m 335[2mms[22m[39m
[90mstderr[2m | spec-app-pages-billing-invoices-components-invoice-payment-modal-invoice-payment-modal.spec.js
[22m[39mNG0914: The application is using zoneless change detection, but is still loading Zone.js. Consider removing Zone.js to get the full benefits of zoneless. In applications using the Angular CLI, Zone.js is typically included in the "polyfills" section of the angular.json file.

 [32m✓[39m [30m[46m app-new [49m[39m spec-app-pages-chat-quick-answers-quick-answers.spec.js [2m([22m[2m6 tests[22m[2m)[22m[32m 163[2mms[22m[39m
 [32m✓[39m [30m[46m app-new [49m[39m spec-app-pages-ai-pages-knowledge-knowledge-dashboard-knowledge-dashboard.spec.js [2m([22m[2m15 tests[22m[2m)[22m[33m 1475[2mms[22m[39m
     [33m[2m✓[22m[39m should create [33m 529[2mms[22m[39m
[90mstderr[2m | spec-app-pages-chat-transmission-list-chat-transmission-list-form.spec.js
[22m[39mNG0914: The application is using zoneless change detection, but is still loading Zone.js. Consider removing Zone.js to get the full benefits of zoneless. In applications using the Angular CLI, Zone.js is typically included in the "polyfills" section of the angular.json file.

 [32m✓[39m [30m[46m app-new [49m[39m spec-app-pages-billing-invoices-components-invoice-payment-modal-invoice-payment-modal.spec.js [2m([22m[2m2 tests[22m[2m)[22m[33m 1121[2mms[22m[39m
     [33m[2m✓[22m[39m bloqueia submit e mostra mensagens de pattern para cartao invalido [33m 1012[2mms[22m[39m
 [32m✓[39m [30m[46m app-new [49m[39m spec-app-pages-chat-ticket-ticket-page.spec.js [2m([22m[2m16 tests[22m[2m)[22m[33m 2678[2mms[22m[39m
     [33m[2m✓[22m[39m loads tickets on init [33m 972[2mms[22m[39m
 [32m✓[39m [30m[46m app-new [49m[39m spec-app-pages-chat-transmission-list-chat-transmission-list-form.spec.js [2m([22m[2m8 tests[22m[2m)[22m[32m 227[2mms[22m[39m
[90mstderr[2m | spec-app-pages-crm-funnels-funnels.spec.js
[22m[39mNG0914: The application is using zoneless change detection, but is still loading Zone.js. Consider removing Zone.js to get the full benefits of zoneless. In applications using the Angular CLI, Zone.js is typically included in the "polyfills" section of the angular.json file.

[90mstderr[2m | spec-app-pages-chat-components-chat-contact-view-chat-contact-view.spec.js
[22m[39mNG0914: The application is using zoneless change detection, but is still loading Zone.js. Consider removing Zone.js to get the full benefits of zoneless. In applications using the Angular CLI, Zone.js is typically included in the "polyfills" section of the angular.json file.

 [32m✓[39m [30m[46m app-new [49m[39m spec-app-pages-chat-components-chat-contact-view-chat-contact-view.spec.js [2m([22m[2m5 tests[22m[2m)[22m[32m 114[2mms[22m[39m
[90mstderr[2m | spec-app-pages-crm-negotiation-tasks-negotiation-tasks.spec.js
[22m[39mNG0914: The application is using zoneless change detection, but is still loading Zone.js. Consider removing Zone.js to get the full benefits of zoneless. In applications using the Angular CLI, Zone.js is typically included in the "polyfills" section of the angular.json file.

[90mstderr[2m | spec-app-pages-configuration-media-transcription-media-transcription.spec.js
[22m[39mNG0914: The application is using zoneless change detection, but is still loading Zone.js. Consider removing Zone.js to get the full benefits of zoneless. In applications using the Angular CLI, Zone.js is typically included in the "polyfills" section of the angular.json file.

[90mstderr[2m | spec-app-pages-crm-negotiation-tasks-negotiation-tasks.spec.js[2m > [22m[2mNegotiationTasks[2m > [22m[2mshould create
[22m[39mNG0914: The application is using zoneless change detection, but is still loading Zone.js. Consider removing Zone.js to get the full benefits of zoneless. In applications using the Angular CLI, Zone.js is typically included in the "polyfills" section of the angular.json file.

 [32m✓[39m [30m[46m app-new [49m[39m spec-app-pages-crm-funnels-funnels.spec.js [2m([22m[2m4 tests[22m[2m)[22m[33m 1354[2mms[22m[39m
     [33m[2m✓[22m[39m should create [33m 859[2mms[22m[39m
[90mstderr[2m | spec-app-pages-crm-negotiation-tasks-negotiation-tasks.spec.js[2m > [22m[2mNegotiationTasks[2m > [22m[2mshould load tasks on init
[22m[39mNG0914: The application is using zoneless change detection, but is still loading Zone.js. Consider removing Zone.js to get the full benefits of zoneless. In applications using the Angular CLI, Zone.js is typically included in the "polyfills" section of the angular.json file.

[90mstderr[2m | spec-app-pages-crm-negotiation-tasks-negotiation-tasks.spec.js[2m > [22m[2mNegotiationTasks[2m > [22m[2mshould have status columns
[22m[39mNG0914: The application is using zoneless change detection, but is still loading Zone.js. Consider removing Zone.js to get the full benefits of zoneless. In applications using the Angular CLI, Zone.js is typically included in the "polyfills" section of the angular.json file.

[90mstderr[2m | spec-app-pages-crm-negotiation-tasks-negotiation-tasks.spec.js[2m > [22m[2mNegotiationTasks[2m > [22m[2mshould compute tasksByStatus
[22m[39mNG0914: The application is using zoneless change detection, but is still loading Zone.js. Consider removing Zone.js to get the full benefits of zoneless. In applications using the Angular CLI, Zone.js is typically included in the "polyfills" section of the angular.json file.

[90mstderr[2m | spec-app-pages-crm-negotiation-tasks-negotiation-tasks.spec.js[2m > [22m[2mNegotiationTasks[2m > [22m[2mshould get column tasks
[22m[39mNG0914: The application is using zoneless change detection, but is still loading Zone.js. Consider removing Zone.js to get the full benefits of zoneless. In applications using the Angular CLI, Zone.js is typically included in the "polyfills" section of the angular.json file.

[90mstderr[2m | spec-app-pages-crm-negotiation-tasks-negotiation-tasks.spec.js[2m > [22m[2mNegotiationTasks[2m > [22m[2mshould format date
[22m[39mNG0914: The application is using zoneless change detection, but is still loading Zone.js. Consider removing Zone.js to get the full benefits of zoneless. In applications using the Angular CLI, Zone.js is typically included in the "polyfills" section of the angular.json file.

[90mstderr[2m | spec-app-pages-crm-negotiation-tasks-negotiation-tasks.spec.js[2m > [22m[2mNegotiationTasks[2m > [22m[2mshould format time
[22m[39mNG0914: The application is using zoneless change detection, but is still loading Zone.js. Consider removing Zone.js to get the full benefits of zoneless. In applications using the Angular CLI, Zone.js is typically included in the "polyfills" section of the angular.json file.

[90mstderr[2m | spec-app-pages-crm-negotiation-tasks-negotiation-tasks.spec.js[2m > [22m[2mNegotiationTasks[2m > [22m[2mshould get status badge
[22m[39mNG0914: The application is using zoneless change detection, but is still loading Zone.js. Consider removing Zone.js to get the full benefits of zoneless. In applications using the Angular CLI, Zone.js is typically included in the "polyfills" section of the angular.json file.

[90mstderr[2m | spec-app-pages-crm-negotiation-tasks-negotiation-tasks.spec.js[2m > [22m[2mNegotiationTasks[2m > [22m[2mshould get status label
[22m[39mNG0914: The application is using zoneless change detection, but is still loading Zone.js. Consider removing Zone.js to get the full benefits of zoneless. In applications using the Angular CLI, Zone.js is typically included in the "polyfills" section of the angular.json file.

[90mstderr[2m | spec-app-pages-crm-negotiation-tasks-negotiation-tasks.spec.js[2m > [22m[2mNegotiationTasks[2m > [22m[2mshould get negotiation label
[22m[39mNG0914: The application is using zoneless change detection, but is still loading Zone.js. Consider removing Zone.js to get the full benefits of zoneless. In applications using the Angular CLI, Zone.js is typically included in the "polyfills" section of the angular.json file.

[90mstderr[2m | spec-app-layout-components-topbar-notification-dropdown.spec.js
[22m[39mNG0914: The application is using zoneless change detection, but is still loading Zone.js. Consider removing Zone.js to get the full benefits of zoneless. In applications using the Angular CLI, Zone.js is typically included in the "polyfills" section of the angular.json file.

[90mstderr[2m | spec-app-pages-crm-negotiation-tasks-negotiation-tasks.spec.js[2m > [22m[2mNegotiationTasks[2m > [22m[2mshould have dropListIds
[22m[39mNG0914: The application is using zoneless change detection, but is still loading Zone.js. Consider removing Zone.js to get the full benefits of zoneless. In applications using the Angular CLI, Zone.js is typically included in the "polyfills" section of the angular.json file.

 [32m✓[39m [30m[46m app-new [49m[39m spec-app-pages-crm-negotiation-tasks-negotiation-tasks.spec.js [2m([22m[2m11 tests[22m[2m)[22m[33m 628[2mms[22m[39m
[90mstderr[2m | spec-app-pages-platform-tenant-settings-tenant-settings.spec.js
[22m[39mNG0914: The application is using zoneless change detection, but is still loading Zone.js. Consider removing Zone.js to get the full benefits of zoneless. In applications using the Angular CLI, Zone.js is typically included in the "polyfills" section of the angular.json file.

 [32m✓[39m [30m[46m app-new [49m[39m spec-app-pages-configuration-media-transcription-media-transcription.spec.js [2m([22m[2m7 tests[22m[2m)[22m[33m 583[2mms[22m[39m
[90mstderr[2m | spec-app-pages-chat-ticket-ticket-detail-page.spec.js
[22m[39mNG0914: The application is using zoneless change detection, but is still loading Zone.js. Consider removing Zone.js to get the full benefits of zoneless. In applications using the Angular CLI, Zone.js is typically included in the "polyfills" section of the angular.json file.

 [32m✓[39m [30m[46m app-new [49m[39m spec-app-layout-components-topbar-notification-dropdown.spec.js [2m([22m[2m11 tests[22m[2m)[22m[33m 557[2mms[22m[39m
 [32m✓[39m [30m[46m app-new [49m[39m spec-app-pages-platform-tenant-settings-tenant-settings.spec.js [2m([22m[2m12 tests[22m[2m)[22m[33m 631[2mms[22m[39m
 [32m✓[39m [30m[46m app-new [49m[39m spec-app-pages-chat-ticket-ticket-detail-page.spec.js [2m([22m[2m8 tests[22m[2m)[22m[33m 484[2mms[22m[39m
[90mstderr[2m | spec-app-app.spec.js
[22m[39mNG0914: The application is using zoneless change detection, but is still loading Zone.js. Consider removing Zone.js to get the full benefits of zoneless. In applications using the Angular CLI, Zone.js is typically included in the "polyfills" section of the angular.json file.

[90mstderr[2m | spec-app-pages-public-proposal-view-proposal-view.spec.js
[22m[39mNG0914: The application is using zoneless change detection, but is still loading Zone.js. Consider removing Zone.js to get the full benefits of zoneless. In applications using the Angular CLI, Zone.js is typically included in the "polyfills" section of the angular.json file.

 [32m✓[39m [30m[46m app-new [49m[39m spec-app-app.spec.js [2m([22m[2m2 tests[22m[2m)[22m[33m 402[2mms[22m[39m
     [33m[2m✓[22m[39m should create the app [33m 359[2mms[22m[39m
[90mstderr[2m | spec-app-pages-auth-login-login.spec.js
[22m[39mNG0914: The application is using zoneless change detection, but is still loading Zone.js. Consider removing Zone.js to get the full benefits of zoneless. In applications using the Angular CLI, Zone.js is typically included in the "polyfills" section of the angular.json file.

 [32m✓[39m [30m[46m app-new [49m[39m spec-app-pages-public-proposal-view-proposal-view.spec.js [2m([22m[2m2 tests[22m[2m)[22m[32m 111[2mms[22m[39m
[90mstderr[2m | spec-app-pages-ai-pages-agents-agent-list-agent-list.spec.js
[22m[39mNG0914: The application is using zoneless change detection, but is still loading Zone.js. Consider removing Zone.js to get the full benefits of zoneless. In applications using the Angular CLI, Zone.js is typically included in the "polyfills" section of the angular.json file.

[90mstderr[2m | spec-app-pages-chat-transmission-list-chat-transmission-list.spec.js
[22m[39mNG0914: The application is using zoneless change detection, but is still loading Zone.js. Consider removing Zone.js to get the full benefits of zoneless. In applications using the Angular CLI, Zone.js is typically included in the "polyfills" section of the angular.json file.

 [32m✓[39m [30m[46m app-new [49m[39m spec-app-pages-auth-login-login.spec.js [2m([22m[2m5 tests[22m[2m)[22m[32m 278[2mms[22m[39m
[90mstderr[2m | spec-app-pages-chat-components-chat-quoted-message-chat-quoted-message.component.spec.js
[22m[39mNG0914: The application is using zoneless change detection, but is still loading Zone.js. Consider removing Zone.js to get the full benefits of zoneless. In applications using the Angular CLI, Zone.js is typically included in the "polyfills" section of the angular.json file.

 [32m✓[39m [30m[46m app-new [49m[39m spec-app-pages-chat-transmission-list-chat-transmission-list.spec.js [2m([22m[2m8 tests[22m[2m)[22m[32m 80[2mms[22m[39m
 [32m✓[39m [30m[46m app-new [49m[39m spec-app-pages-ai-pages-agents-agent-list-agent-list.spec.js [2m([22m[2m1 test[22m[2m)[22m[33m 401[2mms[22m[39m
     [33m[2m✓[22m[39m loads and renders agent list [33m 398[2mms[22m[39m
 [32m✓[39m [30m[46m app-new [49m[39m spec-app-pages-chat-components-chat-quoted-message-chat-quoted-message.component.spec.js [2m([22m[2m3 tests[22m[2m)[22m[32m 178[2mms[22m[39m
[90mstderr[2m | spec-app-pages-webchat-webchat-page.component.spec.js
[22m[39mNG0914: The application is using zoneless change detection, but is still loading Zone.js. Consider removing Zone.js to get the full benefits of zoneless. In applications using the Angular CLI, Zone.js is typically included in the "polyfills" section of the angular.json file.

[90mstderr[2m | spec-app-pages-chat-components-chat-message-media-chat-message-media.component.spec.js
[22m[39mNG0914: The application is using zoneless change detection, but is still loading Zone.js. Consider removing Zone.js to get the full benefits of zoneless. In applications using the Angular CLI, Zone.js is typically included in the "polyfills" section of the angular.json file.

Warning: A vi.hoisted() call in "/Users/rafael.silva/Documents/interazap/app/dist/test-out/20260427T020737332Z-286f7a62/spec-app-pages-chat-components-chat-message-media-chat-message-media.component.spec.js" is not at the top level of the module. Although it appears nested, it will be hoisted and executed before any tests run. Move it to the top level to reflect its actual execution order. This will become an error in a future version.
See: https://vitest.dev/guide/mocking/modules#how-it-works
Warning: A vi.mock("photoswipe/lightbox") call in "/Users/rafael.silva/Documents/interazap/app/dist/test-out/20260427T020737332Z-286f7a62/spec-app-pages-chat-components-chat-message-media-chat-message-media.component.spec.js" is not at the top level of the module. Although it appears nested, it will be hoisted and executed before any tests run. Move it to the top level to reflect its actual execution order. This will become an error in a future version.
See: https://vitest.dev/guide/mocking/modules#how-it-works
 [32m✓[39m [30m[46m app-new [49m[39m spec-app-pages-webchat-webchat-page.component.spec.js [2m([22m[2m7 tests[22m[2m)[22m[33m 617[2mms[22m[39m
       [33m[2m✓[22m[39m should create [33m 330[2mms[22m[39m
[90mstderr[2m | spec-app-pages-webchat-components-chat-window-chat-window.component.spec.js
[22m[39mNG0914: The application is using zoneless change detection, but is still loading Zone.js. Consider removing Zone.js to get the full benefits of zoneless. In applications using the Angular CLI, Zone.js is typically included in the "polyfills" section of the angular.json file.

[90mstderr[2m | spec-app-pages-billing-lockout-lockout.spec.js
[22m[39mNG0914: The application is using zoneless change detection, but is still loading Zone.js. Consider removing Zone.js to get the full benefits of zoneless. In applications using the Angular CLI, Zone.js is typically included in the "polyfills" section of the angular.json file.

 [32m✓[39m [30m[46m app-new [49m[39m spec-app-pages-chat-components-chat-message-media-chat-message-media.component.spec.js [2m([22m[2m32 tests[22m[2m)[22m[33m 924[2mms[22m[39m
[90mstderr[2m | spec-app-pages-webchat-embed-webchat-embed.component.spec.js
[22m[39mNG0914: The application is using zoneless change detection, but is still loading Zone.js. Consider removing Zone.js to get the full benefits of zoneless. In applications using the Angular CLI, Zone.js is typically included in the "polyfills" section of the angular.json file.

[90mstderr[2m | spec-app-pages-webchat-services-webchat.service.spec.js
[22m[39mNG0914: The application is using zoneless change detection, but is still loading Zone.js. Consider removing Zone.js to get the full benefits of zoneless. In applications using the Angular CLI, Zone.js is typically included in the "polyfills" section of the angular.json file.

 [32m✓[39m [30m[46m app-new [49m[39m spec-app-pages-billing-lockout-lockout.spec.js [2m([22m[2m3 tests[22m[2m)[22m[32m 270[2mms[22m[39m
[90mstderr[2m | spec-app-pages-auth-reset-password-reset-password.spec.js
[22m[39mNG0914: The application is using zoneless change detection, but is still loading Zone.js. Consider removing Zone.js to get the full benefits of zoneless. In applications using the Angular CLI, Zone.js is typically included in the "polyfills" section of the angular.json file.

 [31m❯[39m [30m[46m app-new [49m[39m spec-app-pages-webchat-services-webchat.service.spec.js [2m([22m[2m21 tests[22m[2m | [22m[31m1 failed[39m[2m)[22m[32m 222[2mms[22m[39m
       [32m✓[39m should create a session and store token/sessionId[32m 85[2mms[22m[39m
       [32m✓[39m should set error signal on failure[32m 6[2mms[22m[39m
       [32m✓[39m should send a message and add it optimistically to messages list[32m 5[2mms[22m[39m
       [32m✓[39m should use tempId when provided for optimistic message[32m 4[2mms[22m[39m
       [32m✓[39m should fail fast with friendly error when token is missing[32m 4[2mms[22m[39m
       [32m✓[39m should close the ticket and set local status to closed[32m 6[2mms[22m[39m
       [32m✓[39m should set closeError on close failure[32m 3[2mms[22m[39m
       [32m✓[39m should fail fast when session token is missing[32m 2[2mms[22m[39m
       [32m✓[39m should save and restore session from localStorage[32m 4[2mms[22m[39m
       [32m✓[39m should return null for expired sessions[32m 4[2mms[22m[39m
       [32m✓[39m should clear session from localStorage[32m 15[2mms[22m[39m
       [32m✓[39m should return null and clear storage for malformed persisted session[32m 3[2mms[22m[39m
       [32m✓[39m should set error state and not create socket when token is invalid[32m 3[2mms[22m[39m
       [32m✓[39m should initialize with disconnected state[32m 5[2mms[22m[39m
       [32m✓[39m should update message status[32m 5[2mms[22m[39m
       [32m✓[39m should add message and avoid duplicates[32m 3[2mms[22m[39m
       [32m✓[39m should send FormData with token and file[32m 7[2mms[22m[39m
       [32m✓[39m should return error when sessionToken is null[32m 7[2mms[22m[39m
       [32m✓[39m should set error signal on HTTP error[32m 17[2mms[22m[39m
[31m       [31m×[31m should send correct payload and add optimistic message[39m[32m 28[2mms[22m[39m
       [32m✓[39m should return error when sessionToken is null[32m 2[2mms[22m[39m
 [32m✓[39m [30m[46m app-new [49m[39m spec-app-pages-webchat-components-chat-window-chat-window.component.spec.js [2m([22m[2m35 tests[22m[2m)[22m[33m 1476[2mms[22m[39m
       [33m[2m✓[22m[39m should create [33m 356[2mms[22m[39m
 [32m✓[39m [30m[46m app-new [49m[39m spec-app-pages-auth-reset-password-reset-password.spec.js [2m([22m[2m3 tests[22m[2m)[22m[32m 242[2mms[22m[39m
 [32m✓[39m [30m[46m app-new [49m[39m spec-app-pages-webchat-embed-webchat-embed.component.spec.js [2m([22m[2m4 tests[22m[2m)[22m[33m 499[2mms[22m[39m
     [33m[2m✓[22m[39m should create [33m 380[2mms[22m[39m
[90mstderr[2m | spec-app-pages-crm-agenda-components-agenda-event-editor-agenda-event-editor.spec.js
[22m[39mNG0914: The application is using zoneless change detection, but is still loading Zone.js. Consider removing Zone.js to get the full benefits of zoneless. In applications using the Angular CLI, Zone.js is typically included in the "polyfills" section of the angular.json file.

 [32m✓[39m [30m[46m app-new [49m[39m spec-app-pages-crm-agenda-components-agenda-event-editor-agenda-event-editor.spec.js [2m([22m[2m4 tests[22m[2m)[22m[32m 189[2mms[22m[39m
[90mstderr[2m | spec-app-pages-chat-store-chat-realtime.adapter.spec.js
[22m[39mNG0914: The application is using zoneless change detection, but is still loading Zone.js. Consider removing Zone.js to get the full benefits of zoneless. In applications using the Angular CLI, Zone.js is typically included in the "polyfills" section of the angular.json file.

 [32m✓[39m [30m[46m app-new [49m[39m spec-app-pages-chat-store-chat-realtime.adapter.spec.js [2m([22m[2m6 tests[22m[2m)[22m[32m 157[2mms[22m[39m
[90mstderr[2m | spec-app-pages-chat-components-chat-list-chat-list.spec.js
[22m[39mNG0914: The application is using zoneless change detection, but is still loading Zone.js. Consider removing Zone.js to get the full benefits of zoneless. In applications using the Angular CLI, Zone.js is typically included in the "polyfills" section of the angular.json file.

[90mstderr[2m | spec-app-pages-chat-services-optimistic-update.service.spec.js
[22m[39mNG0914: The application is using zoneless change detection, but is still loading Zone.js. Consider removing Zone.js to get the full benefits of zoneless. In applications using the Angular CLI, Zone.js is typically included in the "polyfills" section of the angular.json file.

 [32m✓[39m [30m[46m app-new [49m[39m spec-app-pages-chat-services-optimistic-update.service.spec.js [2m([22m[2m16 tests[22m[2m)[22m[32m 95[2mms[22m[39m
 [32m✓[39m [30m[46m app-new [49m[39m spec-app-pages-chat-components-chat-list-chat-list.spec.js [2m([22m[2m4 tests[22m[2m)[22m[33m 327[2mms[22m[39m
[90mstderr[2m | spec-app-pages-chat-components-new-conversation-modal-new-conversation-modal.spec.js
[22m[39mNG0914: The application is using zoneless change detection, but is still loading Zone.js. Consider removing Zone.js to get the full benefits of zoneless. In applications using the Angular CLI, Zone.js is typically included in the "polyfills" section of the angular.json file.

[90mstderr[2m | spec-app-pages-auth-create-password-create-password.spec.js
[22m[39mNG0914: The application is using zoneless change detection, but is still loading Zone.js. Consider removing Zone.js to get the full benefits of zoneless. In applications using the Angular CLI, Zone.js is typically included in the "polyfills" section of the angular.json file.

[90mstderr[2m | spec-app-pages-chat-components-user-chat-thread-user-chat-thread.component.spec.js
[22m[39mNG0914: The application is using zoneless change detection, but is still loading Zone.js. Consider removing Zone.js to get the full benefits of zoneless. In applications using the Angular CLI, Zone.js is typically included in the "polyfills" section of the angular.json file.

 [32m✓[39m [30m[46m app-new [49m[39m spec-app-pages-auth-create-password-create-password.spec.js [2m([22m[2m2 tests[22m[2m)[22m[32m 201[2mms[22m[39m
[90mstderr[2m | spec-app-pages-chat-components-user-chat-thread-user-chat-thread.component.spec.js[2m > [22m[2mUserChatThreadComponent — scroll indicator[2m > [22m[2mshowScrollToBottom inicia como false
[22m[39m[vitest] The vi.fn() mock did not use 'function' or 'class' in its implementation, see https://vitest.dev/api/vi#vi-spyon for examples.

[90mstderr[2m | spec-app-pages-chat-components-user-chat-thread-user-chat-thread.component.spec.js[2m > [22m[2mUserChatThreadComponent — scroll indicator[2m > [22m[2munreadCount inicia como zero
[22m[39m[vitest] The vi.fn() mock did not use 'function' or 'class' in its implementation, see https://vitest.dev/api/vi#vi-spyon for examples.

[90mstderr[2m | spec-app-pages-chat-components-user-chat-thread-user-chat-thread.component.spec.js[2m > [22m[2mUserChatThreadComponent — scroll indicator[2m > [22m[2mscrollToBottomClick zera showScrollToBottom e unreadCount
[22m[39m[vitest] The vi.fn() mock did not use 'function' or 'class' in its implementation, see https://vitest.dev/api/vi#vi-spyon for examples.

[90mstderr[2m | spec-app-pages-chat-components-user-chat-thread-user-chat-thread.component.spec.js[2m > [22m[2mUserChatThreadComponent — scroll indicator[2m > [22m[2mbotao aparece quando usuario esta scrollado para cima e nova mensagem chega
[22m[39m[vitest] The vi.fn() mock did not use 'function' or 'class' in its implementation, see https://vitest.dev/api/vi#vi-spyon for examples.

[90mstderr[2m | spec-app-pages-chat-components-user-chat-thread-user-chat-thread.component.spec.js[2m > [22m[2mUserChatThreadComponent — scroll indicator[2m > [22m[2mbotao nao aparece quando usuario esta no fundo (wasNearBottom true)
[22m[39m[vitest] The vi.fn() mock did not use 'function' or 'class' in its implementation, see https://vitest.dev/api/vi#vi-spyon for examples.

[90mstderr[2m | spec-app-pages-chat-components-user-chat-thread-user-chat-thread.component.spec.js[2m > [22m[2mUserChatThreadComponent — scroll indicator[2m > [22m[2mhandleScroll reseta estado ao chegar no fundo
[22m[39m[vitest] The vi.fn() mock did not use 'function' or 'class' in its implementation, see https://vitest.dev/api/vi#vi-spyon for examples.

[90mstderr[2m | spec-app-pages-chat-components-user-chat-thread-user-chat-thread.component.spec.js[2m > [22m[2mUserChatThreadComponent — scroll indicator[2m > [22m[2mtroca de calledId reseta showScrollToBottom, unreadCount e prevMessageCount
[22m[39m[vitest] The vi.fn() mock did not use 'function' or 'class' in its implementation, see https://vitest.dev/api/vi#vi-spyon for examples.

[90mstderr[2m | spec-app-pages-chat-components-user-chat-thread-user-chat-thread.component.spec.js[2m > [22m[2mUserChatThreadComponent — scroll indicator[2m > [22m[2mbotao com aria-label correto renderiza no DOM quando showScrollToBottom e true
[22m[39m[vitest] The vi.fn() mock did not use 'function' or 'class' in its implementation, see https://vitest.dev/api/vi#vi-spyon for examples.

 [31m❯[39m [30m[46m app-new [49m[39m spec-app-pages-chat-components-user-chat-thread-user-chat-thread.component.spec.js [2m([22m[2m13 tests[22m[2m | [22m[31m1 failed[39m[2m)[22m[33m 500[2mms[22m[39m
     [32m✓[39m deve criar o componente[32m 115[2mms[22m[39m
     [32m✓[39m deve renderizar uma bolha por mensagem[32m 49[2mms[22m[39m
     [32m✓[39m should render internal transfer note with dedicated style[32m 18[2mms[22m[39m
     [32m✓[39m should not render internal label for regular messages[32m 18[2mms[22m[39m
     [32m✓[39m should hide external delivery affordances for internal notes[32m 12[2mms[22m[39m
     [32m✓[39m showScrollToBottom inicia como false[32m 116[2mms[22m[39m
     [32m✓[39m unreadCount inicia como zero[32m 15[2mms[22m[39m
     [32m✓[39m scrollToBottomClick zera showScrollToBottom e unreadCount[32m 18[2mms[22m[39m
[31m     [31m×[31m botao aparece quando usuario esta scrollado para cima e nova mensagem chega[39m[32m 25[2mms[22m[39m
     [32m✓[39m botao nao aparece quando usuario esta no fundo (wasNearBottom true)[32m 69[2mms[22m[39m
     [32m✓[39m handleScroll reseta estado ao chegar no fundo[32m 11[2mms[22m[39m
     [32m✓[39m troca de calledId reseta showScrollToBottom, unreadCount e prevMessageCount[32m 16[2mms[22m[39m
     [32m✓[39m botao com aria-label correto renderiza no DOM quando showScrollToBottom e true[32m 17[2mms[22m[39m
[90mstderr[2m | spec-app-pages-chat-chat-sidebar-contact-section-contact-section.spec.js
[22m[39mNG0914: The application is using zoneless change detection, but is still loading Zone.js. Consider removing Zone.js to get the full benefits of zoneless. In applications using the Angular CLI, Zone.js is typically included in the "polyfills" section of the angular.json file.

 [32m✓[39m [30m[46m app-new [49m[39m spec-app-pages-chat-components-new-conversation-modal-new-conversation-modal.spec.js [2m([22m[2m19 tests[22m[2m)[22m[33m 1318[2mms[22m[39m
     [33m[2m✓[22m[39m should create [33m 361[2mms[22m[39m
     [33m[2m✓[22m[39m contact search clears results for short terms [33m 327[2mms[22m[39m
[90mstderr[2m | spec-app-pages-chat-store-chat-store.spec.js
[22m[39mNG0914: The application is using zoneless change detection, but is still loading Zone.js. Consider removing Zone.js to get the full benefits of zoneless. In applications using the Angular CLI, Zone.js is typically included in the "polyfills" section of the angular.json file.

 [32m✓[39m [30m[46m app-new [49m[39m spec-app-pages-chat-store-chat-store.spec.js [2m([22m[2m9 tests[22m[2m)[22m[32m 69[2mms[22m[39m
[90mstderr[2m | spec-app-core-services-chat-message-cache.service.spec.js
[22m[39mNG0914: The application is using zoneless change detection, but is still loading Zone.js. Consider removing Zone.js to get the full benefits of zoneless. In applications using the Angular CLI, Zone.js is typically included in the "polyfills" section of the angular.json file.

 [32m✓[39m [30m[46m app-new [49m[39m spec-app-core-services-chat-message-cache.service.spec.js [2m([22m[2m21 tests[22m[2m)[22m[32m 35[2mms[22m[39m
 [32m✓[39m [30m[46m app-new [49m[39m spec-app-pages-chat-chat-sidebar-contact-section-contact-section.spec.js [2m([22m[2m15 tests[22m[2m)[22m[33m 870[2mms[22m[39m
     [33m[2m✓[22m[39m loads full contact when input changes [33m 351[2mms[22m[39m
[90mstderr[2m | spec-app-pages-chat-services-chat-ticket-list.service.spec.js
[22m[39mNG0914: The application is using zoneless change detection, but is still loading Zone.js. Consider removing Zone.js to get the full benefits of zoneless. In applications using the Angular CLI, Zone.js is typically included in the "polyfills" section of the angular.json file.

 [32m✓[39m [30m[46m app-new [49m[39m spec-app-pages-chat-services-chat-ticket-list.service.spec.js [2m([22m[2m12 tests[22m[2m)[22m[32m 165[2mms[22m[39m
[90mstderr[2m | spec-app-pages-chat-chat-sidebar-crm-section-deal-edit-modal-deal-edit-modal.component.spec.js
[22m[39mNG0914: The application is using zoneless change detection, but is still loading Zone.js. Consider removing Zone.js to get the full benefits of zoneless. In applications using the Angular CLI, Zone.js is typically included in the "polyfills" section of the angular.json file.

[90mstderr[2m | spec-app-pages-chat-channel-components-channel-form-channel-form.spec.js
[22m[39mNG0914: The application is using zoneless change detection, but is still loading Zone.js. Consider removing Zone.js to get the full benefits of zoneless. In applications using the Angular CLI, Zone.js is typically included in the "polyfills" section of the angular.json file.

[90mstderr[2m | spec-app-pages-chat-channel-components-channel-form-channel-form.spec.js[2m > [22m[2mChannelFormComponent[2m > [22m[2mkeeps token required for uazapi editions even when integration already has token
[22m[39mAssertionError: expected false to be true // Object.is equality
    at [90m/Users/rafael.silva/Documents/interazap/app/[39mdist/test-out/20260427T020737332Z-286f7a62/src/app/pages/chat/channel/components/channel-form/channel-form.spec.ts:77:41
    at Generator.next (<anonymous>)
    at fulfilled [90m(/Users/rafael.silva/Documents/interazap/app/[39mdist/test-out/20260427T020737332Z-286f7a62/chunk-FYSHOF5T.js:120:24[90m)[39m
    at _ZoneDelegate.invoke [90m(/Users/rafael.silva/Documents/interazap/app/[39mdist/test-out/node_modules/[4m.pnpm[24m/zone.js@0.15.1/node_modules/[4mzone.js[24m/fesm2015/zone.js:398:28[90m)[39m
    at ZoneImpl.run [90m(/Users/rafael.silva/Documents/interazap/app/[39mdist/test-out/node_modules/[4m.pnpm[24m/zone.js@0.15.1/node_modules/[4mzone.js[24m/fesm2015/zone.js:113:43[90m)[39m
    at [90m/Users/rafael.silva/Documents/interazap/app/[39mdist/test-out/node_modules/[4m.pnpm[24m/zone.js@0.15.1/node_modules/[4mzone.js[24m/fesm2015/zone.js:2537:40
    at _ZoneDelegate.invokeTask [90m(/Users/rafael.silva/Documents/interazap/app/[39mdist/test-out/node_modules/[4m.pnpm[24m/zone.js@0.15.1/node_modules/[4mzone.js[24m/fesm2015/zone.js:431:33[90m)[39m
    at ZoneImpl.runTask [90m(/Users/rafael.silva/Documents/interazap/app/[39mdist/test-out/node_modules/[4m.pnpm[24m/zone.js@0.15.1/node_modules/[4mzone.js[24m/fesm2015/zone.js:161:47[90m)[39m
    at drainMicroTaskQueue [90m(/Users/rafael.silva/Documents/interazap/app/[39mdist/test-out/node_modules/[4m.pnpm[24m/zone.js@0.15.1/node_modules/[4mzone.js[24m/fesm2015/zone.js:612:35[90m)[39m
[90m    at processTicksAndRejections (node:internal/process/task_queues:103:5)[39m {
  actual: [33mfalse[39m,
  expected: [33mtrue[39m,
  showDiff: [33mtrue[39m,
  operator: [32m'strictEqual'[39m
}

[90mstderr[2m | spec-app-pages-webchat-components-pre-chat-pre-chat.component.spec.js
[22m[39mNG0914: The application is using zoneless change detection, but is still loading Zone.js. Consider removing Zone.js to get the full benefits of zoneless. In applications using the Angular CLI, Zone.js is typically included in the "polyfills" section of the angular.json file.

 [31m❯[39m [30m[46m app-new [49m[39m spec-app-pages-chat-channel-components-channel-form-channel-form.spec.js [2m([22m[2m7 tests[22m[2m | [22m[31m1 failed[39m[2m)[22m[33m 771[2mms[22m[39m
     [32m✓[39m uses uazapi as the default provider[32m 240[2mms[22m[39m
[31m     [31m×[31m keeps token required for uazapi editions even when integration already has token[39m[32m 79[2mms[22m[39m
     [32m✓[39m allows saving a connected uazapi integration after re-entering the token[32m 88[2mms[22m[39m
     [32m✓[39m serializes whatsapp using the selected supported country code[32m 127[2mms[22m[39m
     [32m✓[39m loads fallback message from integration settings and keeps it in update payload[32m 110[2mms[22m[39m
     [32m✓[39m keeps fallback message undefined in payload when field is empty[32m 62[2mms[22m[39m
     [32m✓[39m preserves the original whatsapp value when the persisted DDI is not recognized safely[32m 62[2mms[22m[39m
[90mstderr[2m | spec-app-core-services-auth.service.spec.js
[22m[39mNG0914: The application is using zoneless change detection, but is still loading Zone.js. Consider removing Zone.js to get the full benefits of zoneless. In applications using the Angular CLI, Zone.js is typically included in the "polyfills" section of the angular.json file.

 [32m✓[39m [30m[46m app-new [49m[39m spec-app-pages-chat-chat-sidebar-crm-section-deal-edit-modal-deal-edit-modal.component.spec.js [2m([22m[2m9 tests[22m[2m)[22m[33m 1061[2mms[22m[39m
     [33m[2m✓[22m[39m should create [33m 453[2mms[22m[39m
 [31m❯[39m [30m[46m app-new [49m[39m spec-app-core-services-auth.service.spec.js [2m([22m[2m7 tests[22m[2m | [22m[31m4 failed[39m[2m)[22m[32m 104[2mms[22m[39m
       [32m✓[39m NÃO envia device_name no body e NÃO persiste token via AuthStorageService[32m 45[2mms[22m[39m
[31m       [31m×[31m envia device_name no body e persiste token via AuthStorageService[39m[32m 10[2mms[22m[39m
[31m       [31m×[31m cai em fallback de device_name quando Device.getInfo lança[39m[32m 10[2mms[22m[39m
[31m       [31m×[31m não persiste token quando resposta não inclui token[39m[32m 9[2mms[22m[39m
       [32m✓[39m em web, chama POST /auth/logout e clear (no-op em web) é executado[32m 17[2mms[22m[39m
       [32m✓[39m em mobile, chama POST /auth/logout e limpa AuthStorageService[32m 5[2mms[22m[39m
[31m       [31m×[31m envia device_name e persiste token retornado[39m[32m 4[2mms[22m[39m
[90mstderr[2m | spec-app-core-services-platform-native-bridge.service.spec.js
[22m[39mNG0914: The application is using zoneless change detection, but is still loading Zone.js. Consider removing Zone.js to get the full benefits of zoneless. In applications using the Angular CLI, Zone.js is typically included in the "polyfills" section of the angular.json file.

 [32m✓[39m [30m[46m app-new [49m[39m spec-app-core-services-platform-native-bridge.service.spec.js [2m([22m[2m9 tests[22m[2m)[22m[32m 167[2mms[22m[39m
[90mstderr[2m | spec-app-pages-chat-components-chat-transfer-modal-chat-transfer-modal.spec.js
[22m[39mNG0914: The application is using zoneless change detection, but is still loading Zone.js. Consider removing Zone.js to get the full benefits of zoneless. In applications using the Angular CLI, Zone.js is typically included in the "polyfills" section of the angular.json file.

[90mstderr[2m | spec-app-pages-chat-chat-sidebar-company-modal-company-modal.spec.js
[22m[39mNG0914: The application is using zoneless change detection, but is still loading Zone.js. Consider removing Zone.js to get the full benefits of zoneless. In applications using the Angular CLI, Zone.js is typically included in the "polyfills" section of the angular.json file.

Warning: A vi.mock("ngx-sonner") call in "/Users/rafael.silva/Documents/interazap/app/dist/test-out/20260427T020737332Z-286f7a62/spec-app-pages-chat-chat-sidebar-company-modal-company-modal.spec.js" is not at the top level of the module. Although it appears nested, it will be hoisted and executed before any tests run. Move it to the top level to reflect its actual execution order. This will become an error in a future version.
See: https://vitest.dev/guide/mocking/modules#how-it-works
 [31m❯[39m [30m[46m app-new [49m[39m spec-app-pages-webchat-components-pre-chat-pre-chat.component.spec.js [2m([22m[2m13 tests[22m[2m | [22m[31m1 failed[39m[2m)[22m[33m 698[2mms[22m[39m
       [32m✓[39m should create[32m 136[2mms[22m[39m
       [32m✓[39m should not be loading initially[32m 24[2mms[22m[39m
       [32m✓[39m should not show error initially[32m 26[2mms[22m[39m
       [32m✓[39m should invalidate name control when empty[32m 21[2mms[22m[39m
       [32m✓[39m should validate name when it has 3+ characters[32m 22[2mms[22m[39m
       [33m[2m✓[22m[39m should update form state when controls change [33m 330[2mms[22m[39m
       [32m✓[39m should resolve tenant id from /chat/external/:tenantId path[32m 25[2mms[22m[39m
       [32m✓[39m should call createSession with correct parameters[32m 19[2mms[22m[39m
       [32m✓[39m should emit sessionReady on success[32m 18[2mms[22m[39m
[31m       [31m×[31m should save and connect on success[39m[32m 27[2mms[22m[39m
       [32m✓[39m should set error message on failure[32m 19[2mms[22m[39m
       [32m✓[39m should not submit if name is empty[32m 16[2mms[22m[39m
       [32m✓[39m should not submit if name is too short[32m 12[2mms[22m[39m
[90mstderr[2m | spec-app-pages-chat-components-chat-transfer-modal-chat-transfer-modal.spec.js[2m > [22m[2mChatTransferModalComponent[2m > [22m[2mcreates component
[22m[39mThe 'allowSignalWrites' flag is deprecated and no longer impacts effect() (writes are always allowed)

[90mstderr[2m | spec-app-pages-chat-components-chat-transfer-modal-chat-transfer-modal.spec.js[2m > [22m[2mChatTransferModalComponent[2m > [22m[2mtransferUserOptions[2m > [22m[2mfilters out the current assigned user
[22m[39mThe 'allowSignalWrites' flag is deprecated and no longer impacts effect() (writes are always allowed)

[90mstderr[2m | spec-app-pages-chat-components-chat-transfer-modal-chat-transfer-modal.spec.js[2m > [22m[2mChatTransferModalComponent[2m > [22m[2mtransferUserOptions[2m > [22m[2mreturns all active users when no user is currently assigned
[22m[39mThe 'allowSignalWrites' flag is deprecated and no longer impacts effect() (writes are always allowed)

[90mstderr[2m | spec-app-pages-chat-components-chat-transfer-modal-chat-transfer-modal.spec.js[2m > [22m[2mChatTransferModalComponent[2m > [22m[2mconfirm[2m > [22m[2mshould disable confirm until user and reason are provided
[22m[39mThe 'allowSignalWrites' flag is deprecated and no longer impacts effect() (writes are always allowed)

[90mstderr[2m | spec-app-pages-chat-components-chat-transfer-modal-chat-transfer-modal.spec.js[2m > [22m[2mChatTransferModalComponent[2m > [22m[2mconfirm[2m > [22m[2mshould emit reason and selected user on confirm
[22m[39mThe 'allowSignalWrites' flag is deprecated and no longer impacts effect() (writes are always allowed)

[90mstderr[2m | spec-app-pages-chat-components-chat-transfer-modal-chat-transfer-modal.spec.js[2m > [22m[2mChatTransferModalComponent[2m > [22m[2mconfirm[2m > [22m[2mshould block inputs and show loading label while submitting transfer
[22m[39mThe 'allowSignalWrites' flag is deprecated and no longer impacts effect() (writes are always allowed)

[90mstderr[2m | spec-app-pages-chat-components-chat-transfer-modal-chat-transfer-modal.spec.js[2m > [22m[2mChatTransferModalComponent[2m > [22m[2mconfirm[2m > [22m[2mshould preserve form data and show error message when transfer fails
[22m[39mThe 'allowSignalWrites' flag is deprecated and no longer impacts effect() (writes are always allowed)

[90mstderr[2m | spec-app-pages-chat-components-chat-transfer-modal-chat-transfer-modal.spec.js[2m > [22m[2mChatTransferModalComponent[2m > [22m[2mconfirm[2m > [22m[2mshould show empty state when no transfer users are available
[22m[39mThe 'allowSignalWrites' flag is deprecated and no longer impacts effect() (writes are always allowed)

 [32m✓[39m [30m[46m app-new [49m[39m spec-app-pages-chat-components-chat-transfer-modal-chat-transfer-modal.spec.js [2m([22m[2m8 tests[22m[2m)[22m[33m 579[2mms[22m[39m
 [32m✓[39m [30m[46m app-new [49m[39m spec-app-pages-chat-chat-sidebar-company-modal-company-modal.spec.js [2m([22m[2m8 tests[22m[2m)[22m[33m 777[2mms[22m[39m
     [33m[2m✓[22m[39m should create [33m 398[2mms[22m[39m
[90mstderr[2m | spec-app-pages-chat-services-chat-recorder.service.spec.js
[22m[39mNG0914: The application is using zoneless change detection, but is still loading Zone.js. Consider removing Zone.js to get the full benefits of zoneless. In applications using the Angular CLI, Zone.js is typically included in the "polyfills" section of the angular.json file.

[90mstderr[2m | spec-app-core-services-preferences.store.spec.js
[22m[39mNG0914: The application is using zoneless change detection, but is still loading Zone.js. Consider removing Zone.js to get the full benefits of zoneless. In applications using the Angular CLI, Zone.js is typically included in the "polyfills" section of the angular.json file.

 [32m✓[39m [30m[46m app-new [49m[39m spec-app-pages-chat-services-chat-recorder.service.spec.js [2m([22m[2m10 tests[22m[2m)[22m[32m 105[2mms[22m[39m
 [32m✓[39m [30m[46m app-new [49m[39m spec-app-core-services-preferences.store.spec.js [2m([22m[2m20 tests[22m[2m)[22m[32m 109[2mms[22m[39m
[90mstderr[2m | spec-app-pages-chat-components-chat-negotiation-view-components-negotiation-actions-negotiation-actions.component.spec.js
[22m[39mNG0914: The application is using zoneless change detection, but is still loading Zone.js. Consider removing Zone.js to get the full benefits of zoneless. In applications using the Angular CLI, Zone.js is typically included in the "polyfills" section of the angular.json file.

[90mstderr[2m | spec-app-pages-chat-components-chat-negotiation-view-components-negotiation-actions-negotiation-actions.component.spec.js[2m > [22m[2mNegotiationActionsComponent[2m > [22m[2memits detailFieldChange and saveDetails from the detail section
[22m[39mNG0914: The application is using zoneless change detection, but is still loading Zone.js. Consider removing Zone.js to get the full benefits of zoneless. In applications using the Angular CLI, Zone.js is typically included in the "polyfills" section of the angular.json file.

[90mstderr[2m | spec-app-pages-chat-components-chat-negotiation-view-components-negotiation-actions-negotiation-actions.component.spec.js[2m > [22m[2mNegotiationActionsComponent[2m > [22m[2memits taskFieldChange and createTask from the task form
[22m[39mNG0914: The application is using zoneless change detection, but is still loading Zone.js. Consider removing Zone.js to get the full benefits of zoneless. In applications using the Angular CLI, Zone.js is typically included in the "polyfills" section of the angular.json file.

[90mstderr[2m | spec-app-pages-chat-components-chat-negotiation-view-components-negotiation-actions-negotiation-actions.component.spec.js[2m > [22m[2mNegotiationActionsComponent[2m > [22m[2mnormalizes invalid notifyChannel values to none before emitting
[22m[39mNG0914: The application is using zoneless change detection, but is still loading Zone.js. Consider removing Zone.js to get the full benefits of zoneless. In applications using the Angular CLI, Zone.js is typically included in the "polyfills" section of the angular.json file.

[90mstderr[2m | spec-app-pages-chat-components-chat-negotiation-view-components-negotiation-actions-negotiation-actions.component.spec.js[2m > [22m[2mNegotiationActionsComponent[2m > [22m[2memits toggleTask when a task action is clicked
[22m[39mNG0914: The application is using zoneless change detection, but is still loading Zone.js. Consider removing Zone.js to get the full benefits of zoneless. In applications using the Angular CLI, Zone.js is typically included in the "polyfills" section of the angular.json file.

 [32m✓[39m [30m[46m app-new [49m[39m spec-app-pages-chat-components-chat-negotiation-view-components-negotiation-actions-negotiation-actions.component.spec.js [2m([22m[2m4 tests[22m[2m)[22m[32m 225[2mms[22m[39m
[90mstderr[2m | spec-app-pages-chat-components-new-conversation-modal-components-template-selector-template-selector.spec.js
[22m[39mNG0914: The application is using zoneless change detection, but is still loading Zone.js. Consider removing Zone.js to get the full benefits of zoneless. In applications using the Angular CLI, Zone.js is typically included in the "polyfills" section of the angular.json file.

 [32m✓[39m [30m[46m app-new [49m[39m spec-app-pages-chat-components-new-conversation-modal-components-template-selector-template-selector.spec.js [2m([22m[2m12 tests[22m[2m)[22m[33m 626[2mms[22m[39m
[90mstderr[2m | spec-app-pages-chat-chat-sidebar-contact-section-contact-inline-edit.directive.spec.js
[22m[39mNG0914: The application is using zoneless change detection, but is still loading Zone.js. Consider removing Zone.js to get the full benefits of zoneless. In applications using the Angular CLI, Zone.js is typically included in the "polyfills" section of the angular.json file.

 [32m✓[39m [30m[46m app-new [49m[39m spec-app-pages-chat-chat-sidebar-contact-section-contact-inline-edit.directive.spec.js [2m([22m[2m3 tests[22m[2m)[22m[32m 142[2mms[22m[39m
[90mstderr[2m | spec-app-pages-crm-agenda-components-agenda-month-view-agenda-month-view.spec.js
[22m[39mNG0914: The application is using zoneless change detection, but is still loading Zone.js. Consider removing Zone.js to get the full benefits of zoneless. In applications using the Angular CLI, Zone.js is typically included in the "polyfills" section of the angular.json file.

[90mstderr[2m | spec-app-pages-crm-agenda-components-agenda-week-view-agenda-week-view.spec.js
[22m[39mNG0914: The application is using zoneless change detection, but is still loading Zone.js. Consider removing Zone.js to get the full benefits of zoneless. In applications using the Angular CLI, Zone.js is typically included in the "polyfills" section of the angular.json file.

 [32m✓[39m [30m[46m app-new [49m[39m spec-app-pages-crm-agenda-components-agenda-month-view-agenda-month-view.spec.js [2m([22m[2m2 tests[22m[2m)[22m[32m 137[2mms[22m[39m
 [32m✓[39m [30m[46m app-new [49m[39m spec-app-pages-crm-agenda-components-agenda-week-view-agenda-week-view.spec.js [2m([22m[2m2 tests[22m[2m)[22m[32m 124[2mms[22m[39m
[90mstderr[2m | spec-app-pages-chat-store-chat-store.resync.spec.js
[22m[39mNG0914: The application is using zoneless change detection, but is still loading Zone.js. Consider removing Zone.js to get the full benefits of zoneless. In applications using the Angular CLI, Zone.js is typically included in the "polyfills" section of the angular.json file.

[90mstderr[2m | spec-app-pages-crm-agenda-components-agenda-day-view-agenda-day-view.spec.js
[22m[39mNG0914: The application is using zoneless change detection, but is still loading Zone.js. Consider removing Zone.js to get the full benefits of zoneless. In applications using the Angular CLI, Zone.js is typically included in the "polyfills" section of the angular.json file.

 [32m✓[39m [30m[46m app-new [49m[39m spec-app-pages-chat-store-chat-store.resync.spec.js [2m([22m[2m4 tests[22m[2m)[22m[32m 71[2mms[22m[39m
[90mstderr[2m | spec-app-pages-chat-components-user-chat-user-chat.spec.js
[22m[39mNG0914: The application is using zoneless change detection, but is still loading Zone.js. Consider removing Zone.js to get the full benefits of zoneless. In applications using the Angular CLI, Zone.js is typically included in the "polyfills" section of the angular.json file.

 [32m✓[39m [30m[46m app-new [49m[39m spec-app-pages-crm-agenda-components-agenda-day-view-agenda-day-view.spec.js [2m([22m[2m2 tests[22m[2m)[22m[32m 119[2mms[22m[39m
[90mstderr[2m | spec-app-pages-ai-pages-agents-agent-workspace-tabs-tools-tab.spec.js
[22m[39mNG0914: The application is using zoneless change detection, but is still loading Zone.js. Consider removing Zone.js to get the full benefits of zoneless. In applications using the Angular CLI, Zone.js is typically included in the "polyfills" section of the angular.json file.

 [32m✓[39m [30m[46m app-new [49m[39m spec-app-pages-chat-components-user-chat-user-chat.spec.js [2m([22m[2m4 tests[22m[2m)[22m[32m 165[2mms[22m[39m
[90mstderr[2m | spec-app-shared-components-search-spotlight-search-spotlight.spec.js
[22m[39mNG0914: The application is using zoneless change detection, but is still loading Zone.js. Consider removing Zone.js to get the full benefits of zoneless. In applications using the Angular CLI, Zone.js is typically included in the "polyfills" section of the angular.json file.

 [32m✓[39m [30m[46m app-new [49m[39m spec-app-pages-ai-pages-agents-agent-workspace-tabs-tools-tab.spec.js [2m([22m[2m8 tests[22m[2m)[22m[32m 224[2mms[22m[39m
 [32m✓[39m [30m[46m app-new [49m[39m spec-app-shared-components-search-spotlight-search-spotlight.spec.js [2m([22m[2m8 tests[22m[2m)[22m[32m 273[2mms[22m[39m
[90mstderr[2m | spec-app-pages-crm-negotiations-components-negotiation-form-negotiation-form.spec.js
[22m[39mNG0914: The application is using zoneless change detection, but is still loading Zone.js. Consider removing Zone.js to get the full benefits of zoneless. In applications using the Angular CLI, Zone.js is typically included in the "polyfills" section of the angular.json file.

[90mstderr[2m | spec-app-core-services-platform-back-button.service.spec.js
[22m[39mNG0914: The application is using zoneless change detection, but is still loading Zone.js. Consider removing Zone.js to get the full benefits of zoneless. In applications using the Angular CLI, Zone.js is typically included in the "polyfills" section of the angular.json file.

 [32m✓[39m [30m[46m app-new [49m[39m spec-app-core-services-platform-back-button.service.spec.js [2m([22m[2m4 tests[22m[2m)[22m[32m 58[2mms[22m[39m
[90mstderr[2m | spec-app-pages-chat-components-chat-ticket-item-chat-ticket-item.spec.js
[22m[39mNG0914: The application is using zoneless change detection, but is still loading Zone.js. Consider removing Zone.js to get the full benefits of zoneless. In applications using the Angular CLI, Zone.js is typically included in the "polyfills" section of the angular.json file.

 [32m✓[39m [30m[46m app-new [49m[39m spec-app-pages-crm-negotiations-components-negotiation-form-negotiation-form.spec.js [2m([22m[2m8 tests[22m[2m)[22m[33m 804[2mms[22m[39m
     [33m[2m✓[22m[39m cria componente corretamente [33m 385[2mms[22m[39m
[90mstderr[2m | spec-app-pages-chat-components-chat-negotiation-view-components-negotiation-products-tab-negotiation-products-tab.component.spec.js
[22m[39mNG0914: The application is using zoneless change detection, but is still loading Zone.js. Consider removing Zone.js to get the full benefits of zoneless. In applications using the Angular CLI, Zone.js is typically included in the "polyfills" section of the angular.json file.

 [32m✓[39m [30m[46m app-new [49m[39m spec-app-pages-chat-components-chat-ticket-item-chat-ticket-item.spec.js [2m([22m[2m15 tests[22m[2m)[22m[33m 348[2mms[22m[39m
[90mstderr[2m | spec-app-pages-chat-components-chat-negotiation-view-components-negotiation-products-tab-negotiation-products-tab.component.spec.js[2m > [22m[2mNegotiationProductsTabComponent[2m > [22m[2memits productFieldChange and addProduct from the add product form
[22m[39mNG0914: The application is using zoneless change detection, but is still loading Zone.js. Consider removing Zone.js to get the full benefits of zoneless. In applications using the Angular CLI, Zone.js is typically included in the "polyfills" section of the angular.json file.

[90mstderr[2m | spec-app-pages-chat-components-user-chat-thread-user-chat-thread.store.spec.js
[22m[39mNG0914: The application is using zoneless change detection, but is still loading Zone.js. Consider removing Zone.js to get the full benefits of zoneless. In applications using the Angular CLI, Zone.js is typically included in the "polyfills" section of the angular.json file.

[90mstderr[2m | spec-app-pages-chat-components-chat-negotiation-view-components-negotiation-products-tab-negotiation-products-tab.component.spec.js[2m > [22m[2mNegotiationProductsTabComponent[2m > [22m[2memits productQuantityChange for an existing item
[22m[39mNG0914: The application is using zoneless change detection, but is still loading Zone.js. Consider removing Zone.js to get the full benefits of zoneless. In applications using the Angular CLI, Zone.js is typically included in the "polyfills" section of the angular.json file.

 [32m✓[39m [30m[46m app-new [49m[39m spec-app-pages-chat-components-user-chat-thread-user-chat-thread.store.spec.js [2m([22m[2m3 tests[22m[2m)[22m[32m 60[2mms[22m[39m
[90mstderr[2m | spec-app-pages-chat-components-chat-negotiation-view-components-negotiation-products-tab-negotiation-products-tab.component.spec.js[2m > [22m[2mNegotiationProductsTabComponent[2m > [22m[2memits removeProduct when the remove action is clicked
[22m[39mNG0914: The application is using zoneless change detection, but is still loading Zone.js. Consider removing Zone.js to get the full benefits of zoneless. In applications using the Angular CLI, Zone.js is typically included in the "polyfills" section of the angular.json file.

 [32m✓[39m [30m[46m app-new [49m[39m spec-app-pages-chat-components-chat-negotiation-view-components-negotiation-products-tab-negotiation-products-tab.component.spec.js [2m([22m[2m3 tests[22m[2m)[22m[32m 242[2mms[22m[39m
[90mstderr[2m | spec-app-pages-crm-proposals-proposal-list-proposal-list.spec.js
[22m[39mNG0914: The application is using zoneless change detection, but is still loading Zone.js. Consider removing Zone.js to get the full benefits of zoneless. In applications using the Angular CLI, Zone.js is typically included in the "polyfills" section of the angular.json file.

[90mstderr[2m | spec-app-pages-chat-chat-sidebar-crm-section-crm-section.spec.js
[22m[39mNG0914: The application is using zoneless change detection, but is still loading Zone.js. Consider removing Zone.js to get the full benefits of zoneless. In applications using the Angular CLI, Zone.js is typically included in the "polyfills" section of the angular.json file.

[90mstderr[2m | spec-app-pages-crm-proposals-proposal-list-proposal-list.spec.js[2m > [22m[2mProposalListComponent[2m > [22m[2mshould create
[22m[39mNG0914: The application is using zoneless change detection, but is still loading Zone.js. Consider removing Zone.js to get the full benefits of zoneless. In applications using the Angular CLI, Zone.js is typically included in the "polyfills" section of the angular.json file.

[90mstderr[2m | spec-app-pages-crm-proposals-proposal-list-proposal-list.spec.js[2m > [22m[2mProposalListComponent[2m > [22m[2mshould load proposals on init
[22m[39mNG0914: The application is using zoneless change detection, but is still loading Zone.js. Consider removing Zone.js to get the full benefits of zoneless. In applications using the Angular CLI, Zone.js is typically included in the "polyfills" section of the angular.json file.

 [32m✓[39m [30m[46m app-new [49m[39m spec-app-pages-chat-chat-sidebar-crm-section-crm-section.spec.js [2m([22m[2m7 tests[22m[2m)[22m[33m 413[2mms[22m[39m
[90mstderr[2m | spec-app-pages-crm-proposals-proposal-list-proposal-list.spec.js[2m > [22m[2mProposalListComponent[2m > [22m[2mshould open and close create form
[22m[39mNG0914: The application is using zoneless change detection, but is still loading Zone.js. Consider removing Zone.js to get the full benefits of zoneless. In applications using the Angular CLI, Zone.js is typically included in the "polyfills" section of the angular.json file.

[90mstderr[2m | spec-app-core-services-platform-auth-storage.service.spec.js
[22m[39mNG0914: The application is using zoneless change detection, but is still loading Zone.js. Consider removing Zone.js to get the full benefits of zoneless. In applications using the Angular CLI, Zone.js is typically included in the "polyfills" section of the angular.json file.

[90mstderr[2m | spec-app-pages-crm-proposals-proposal-list-proposal-list.spec.js[2m > [22m[2mProposalListComponent[2m > [22m[2mshould open edit form
[22m[39mNG0914: The application is using zoneless change detection, but is still loading Zone.js. Consider removing Zone.js to get the full benefits of zoneless. In applications using the Angular CLI, Zone.js is typically included in the "polyfills" section of the angular.json file.

[90mstderr[2m | spec-app-pages-crm-proposals-proposal-list-proposal-list.spec.js[2m > [22m[2mProposalListComponent[2m > [22m[2mshould confirm delete
[22m[39mNG0914: The application is using zoneless change detection, but is still loading Zone.js. Consider removing Zone.js to get the full benefits of zoneless. In applications using the Angular CLI, Zone.js is typically included in the "polyfills" section of the angular.json file.

 [32m✓[39m [30m[46m app-new [49m[39m spec-app-core-services-platform-auth-storage.service.spec.js [2m([22m[2m11 tests[22m[2m)[22m[32m 110[2mms[22m[39m
[90mstderr[2m | spec-app-pages-crm-proposals-proposal-list-proposal-list.spec.js[2m > [22m[2mProposalListComponent[2m > [22m[2mshould cancel delete
[22m[39mNG0914: The application is using zoneless change detection, but is still loading Zone.js. Consider removing Zone.js to get the full benefits of zoneless. In applications using the Angular CLI, Zone.js is typically included in the "polyfills" section of the angular.json file.

[90mstderr[2m | spec-app-pages-crm-proposals-proposal-list-proposal-list.spec.js[2m > [22m[2mProposalListComponent[2m > [22m[2mshould get status class
[22m[39mNG0914: The application is using zoneless change detection, but is still loading Zone.js. Consider removing Zone.js to get the full benefits of zoneless. In applications using the Angular CLI, Zone.js is typically included in the "polyfills" section of the angular.json file.

[90mstderr[2m | spec-app-pages-crm-proposals-proposal-list-proposal-list.spec.js[2m > [22m[2mProposalListComponent[2m > [22m[2mshould track by id
[22m[39mNG0914: The application is using zoneless change detection, but is still loading Zone.js. Consider removing Zone.js to get the full benefits of zoneless. In applications using the Angular CLI, Zone.js is typically included in the "polyfills" section of the angular.json file.

[90mstderr[2m | spec-app-pages-crm-proposals-proposal-list-proposal-list.spec.js[2m > [22m[2mProposalListComponent[2m > [22m[2mshould reload on save
[22m[39mNG0914: The application is using zoneless change detection, but is still loading Zone.js. Consider removing Zone.js to get the full benefits of zoneless. In applications using the Angular CLI, Zone.js is typically included in the "polyfills" section of the angular.json file.

[90mstderr[2m | spec-app-core-interceptors-bearer.interceptor.spec.js
[22m[39mNG0914: The application is using zoneless change detection, but is still loading Zone.js. Consider removing Zone.js to get the full benefits of zoneless. In applications using the Angular CLI, Zone.js is typically included in the "polyfills" section of the angular.json file.

[90mstderr[2m | spec-app-pages-crm-proposals-proposal-list-proposal-list.spec.js[2m > [22m[2mProposalListComponent[2m > [22m[2mshould have isLoading signal
[22m[39mNG0914: The application is using zoneless change detection, but is still loading Zone.js. Consider removing Zone.js to get the full benefits of zoneless. In applications using the Angular CLI, Zone.js is typically included in the "polyfills" section of the angular.json file.

 [32m✓[39m [30m[46m app-new [49m[39m spec-app-core-interceptors-bearer.interceptor.spec.js [2m([22m[2m4 tests[22m[2m)[22m[32m 73[2mms[22m[39m
[90mstderr[2m | spec-app-pages-crm-proposals-proposal-list-proposal-list.spec.js[2m > [22m[2mProposalListComponent[2m > [22m[2mshould have errorMessage signal
[22m[39mNG0914: The application is using zoneless change detection, but is still loading Zone.js. Consider removing Zone.js to get the full benefits of zoneless. In applications using the Angular CLI, Zone.js is typically included in the "polyfills" section of the angular.json file.

 [32m✓[39m [30m[46m app-new [49m[39m spec-app-pages-crm-proposals-proposal-list-proposal-list.spec.js [2m([22m[2m11 tests[22m[2m)[22m[33m 1332[2mms[22m[39m
     [33m[2m✓[22m[39m should create [33m 442[2mms[22m[39m
[90mstderr[2m | spec-app-pages-ai-pages-knowledge-knowledge-upload-knowledge-upload.spec.js
[22m[39mNG0914: The application is using zoneless change detection, but is still loading Zone.js. Consider removing Zone.js to get the full benefits of zoneless. In applications using the Angular CLI, Zone.js is typically included in the "polyfills" section of the angular.json file.

[90mstderr[2m | spec-app-pages-crm-proposals-proposal-form-proposal-form.spec.js
[22m[39mNG0914: The application is using zoneless change detection, but is still loading Zone.js. Consider removing Zone.js to get the full benefits of zoneless. In applications using the Angular CLI, Zone.js is typically included in the "polyfills" section of the angular.json file.

[90mstderr[2m | spec-app-pages-chat-components-chat-negotiation-view-components-negotiation-timeline-negotiation-timeline.component.spec.js
[22m[39mNG0914: The application is using zoneless change detection, but is still loading Zone.js. Consider removing Zone.js to get the full benefits of zoneless. In applications using the Angular CLI, Zone.js is typically included in the "polyfills" section of the angular.json file.

[90mstderr[2m | spec-app-pages-chat-components-chat-negotiation-view-components-negotiation-timeline-negotiation-timeline.component.spec.js[2m > [22m[2mNegotiationTimelineComponent[2m > [22m[2memits selectNegotiation when a negotiation card is clicked
[22m[39mNG0914: The application is using zoneless change detection, but is still loading Zone.js. Consider removing Zone.js to get the full benefits of zoneless. In applications using the Angular CLI, Zone.js is typically included in the "polyfills" section of the angular.json file.

[90mstderr[2m | spec-app-pages-crm-proposals-proposal-form-proposal-form.spec.js[2m > [22m[2mProposalFormComponent[2m > [22m[2mshould create
[22m[39mNG0914: The application is using zoneless change detection, but is still loading Zone.js. Consider removing Zone.js to get the full benefits of zoneless. In applications using the Angular CLI, Zone.js is typically included in the "polyfills" section of the angular.json file.

[90mstderr[2m | spec-app-pages-crm-proposals-proposal-form-proposal-form.spec.js[2m > [22m[2mProposalFormComponent[2m > [22m[2mshould have form controls
[22m[39mNG0914: The application is using zoneless change detection, but is still loading Zone.js. Consider removing Zone.js to get the full benefits of zoneless. In applications using the Angular CLI, Zone.js is typically included in the "polyfills" section of the angular.json file.

[90mstderr[2m | spec-app-pages-chat-components-chat-negotiation-view-components-negotiation-timeline-negotiation-timeline.component.spec.js[2m > [22m[2mNegotiationTimelineComponent[2m > [22m[2memits createFieldChange for creation form inputs
[22m[39mNG0914: The application is using zoneless change detection, but is still loading Zone.js. Consider removing Zone.js to get the full benefits of zoneless. In applications using the Angular CLI, Zone.js is typically included in the "polyfills" section of the angular.json file.

[90mstderr[2m | spec-app-pages-crm-proposals-proposal-form-proposal-form.spec.js[2m > [22m[2mProposalFormComponent[2m > [22m[2mshould add item
[22m[39mNG0914: The application is using zoneless change detection, but is still loading Zone.js. Consider removing Zone.js to get the full benefits of zoneless. In applications using the Angular CLI, Zone.js is typically included in the "polyfills" section of the angular.json file.

[90mstderr[2m | spec-app-pages-chat-components-chat-negotiation-view-components-negotiation-timeline-negotiation-timeline.component.spec.js[2m > [22m[2mNegotiationTimelineComponent[2m > [22m[2memits createNegotiation when the create button is clicked
[22m[39mNG0914: The application is using zoneless change detection, but is still loading Zone.js. Consider removing Zone.js to get the full benefits of zoneless. In applications using the Angular CLI, Zone.js is typically included in the "polyfills" section of the angular.json file.

[90mstderr[2m | spec-app-pages-crm-proposals-proposal-form-proposal-form.spec.js[2m > [22m[2mProposalFormComponent[2m > [22m[2mshould have total signal
[22m[39mNG0914: The application is using zoneless change detection, but is still loading Zone.js. Consider removing Zone.js to get the full benefits of zoneless. In applications using the Angular CLI, Zone.js is typically included in the "polyfills" section of the angular.json file.

 [32m✓[39m [30m[46m app-new [49m[39m spec-app-pages-chat-components-chat-negotiation-view-components-negotiation-timeline-negotiation-timeline.component.spec.js [2m([22m[2m3 tests[22m[2m)[22m[32m 297[2mms[22m[39m
[90mstderr[2m | spec-app-pages-crm-proposals-proposal-form-proposal-form.spec.js[2m > [22m[2mProposalFormComponent[2m > [22m[2mshould emit cancelled when cancel is called
[22m[39mNG0914: The application is using zoneless change detection, but is still loading Zone.js. Consider removing Zone.js to get the full benefits of zoneless. In applications using the Angular CLI, Zone.js is typically included in the "polyfills" section of the angular.json file.

 [32m✓[39m [30m[46m app-new [49m[39m spec-app-pages-ai-pages-knowledge-knowledge-upload-knowledge-upload.spec.js [2m([22m[2m3 tests[22m[2m)[22m[32m 243[2mms[22m[39m
[90mstderr[2m | spec-app-pages-crm-proposals-proposal-form-proposal-form.spec.js[2m > [22m[2mProposalFormComponent[2m > [22m[2mshould not submit if form is invalid
[22m[39mNG0914: The application is using zoneless change detection, but is still loading Zone.js. Consider removing Zone.js to get the full benefits of zoneless. In applications using the Angular CLI, Zone.js is typically included in the "polyfills" section of the angular.json file.

[90mstderr[2m | spec-app-pages-crm-proposals-proposal-form-proposal-form.spec.js[2m > [22m[2mProposalFormComponent[2m > [22m[2mshould track item by index
[22m[39mNG0914: The application is using zoneless change detection, but is still loading Zone.js. Consider removing Zone.js to get the full benefits of zoneless. In applications using the Angular CLI, Zone.js is typically included in the "polyfills" section of the angular.json file.

[90mstderr[2m | spec-app-pages-crm-proposals-proposal-form-proposal-form.spec.js[2m > [22m[2mProposalFormComponent[2m > [22m[2mshould have isSaving signal
[22m[39mNG0914: The application is using zoneless change detection, but is still loading Zone.js. Consider removing Zone.js to get the full benefits of zoneless. In applications using the Angular CLI, Zone.js is typically included in the "polyfills" section of the angular.json file.

[90mstderr[2m | spec-app-pages-crm-proposals-proposal-form-proposal-form.spec.js[2m > [22m[2mProposalFormComponent[2m > [22m[2mshould have errorMessage signal
[22m[39mNG0914: The application is using zoneless change detection, but is still loading Zone.js. Consider removing Zone.js to get the full benefits of zoneless. In applications using the Angular CLI, Zone.js is typically included in the "polyfills" section of the angular.json file.

[90mstderr[2m | spec-app-pages-crm-proposals-proposal-form-proposal-form.spec.js[2m > [22m[2mProposalFormComponent[2m > [22m[2mshould include unit_price and discount controls for proposal item
[22m[39mNG0914: The application is using zoneless change detection, but is still loading Zone.js. Consider removing Zone.js to get the full benefits of zoneless. In applications using the Angular CLI, Zone.js is typically included in the "polyfills" section of the angular.json file.

 [32m✓[39m [30m[46m app-new [49m[39m spec-app-pages-crm-proposals-proposal-form-proposal-form.spec.js [2m([22m[2m10 tests[22m[2m)[22m[33m 473[2mms[22m[39m
[90mstderr[2m | spec-app-pages-chat-chat.store.spec.js
[22m[39mNG0914: The application is using zoneless change detection, but is still loading Zone.js. Consider removing Zone.js to get the full benefits of zoneless. In applications using the Angular CLI, Zone.js is typically included in the "polyfills" section of the angular.json file.

 [32m✓[39m [30m[46m app-new [49m[39m spec-app-pages-chat-chat.store.spec.js [2m([22m[2m8 tests[22m[2m)[22m[32m 60[2mms[22m[39m
[90mstderr[2m | spec-app-core-interceptors-billing-lockout.interceptor.spec.js
[22m[39mNG0914: The application is using zoneless change detection, but is still loading Zone.js. Consider removing Zone.js to get the full benefits of zoneless. In applications using the Angular CLI, Zone.js is typically included in the "polyfills" section of the angular.json file.

 [32m✓[39m [30m[46m app-new [49m[39m spec-app-core-interceptors-billing-lockout.interceptor.spec.js [2m([22m[2m2 tests[22m[2m)[22m[32m 75[2mms[22m[39m
[90mstderr[2m | spec-app-pages-chat-components-new-conversation-modal-services-window-verification.service.spec.js
[22m[39mNG0914: The application is using zoneless change detection, but is still loading Zone.js. Consider removing Zone.js to get the full benefits of zoneless. In applications using the Angular CLI, Zone.js is typically included in the "polyfills" section of the angular.json file.

[90mstderr[2m | spec-app-pages-chat-components-conversation-panel-conversation-panel.component.spec.js
[22m[39mNG0914: The application is using zoneless change detection, but is still loading Zone.js. Consider removing Zone.js to get the full benefits of zoneless. In applications using the Angular CLI, Zone.js is typically included in the "polyfills" section of the angular.json file.

 [32m✓[39m [30m[46m app-new [49m[39m spec-app-pages-chat-components-new-conversation-modal-services-window-verification.service.spec.js [2m([22m[2m6 tests[22m[2m)[22m[32m 60[2mms[22m[39m
 [32m✓[39m [30m[46m app-new [49m[39m spec-app-pages-chat-components-conversation-panel-conversation-panel.component.spec.js [2m([22m[2m1 test[22m[2m)[22m[32m 76[2mms[22m[39m
[90mstderr[2m | spec-app-core-services-preferences.service.spec.js
[22m[39mNG0914: The application is using zoneless change detection, but is still loading Zone.js. Consider removing Zone.js to get the full benefits of zoneless. In applications using the Angular CLI, Zone.js is typically included in the "polyfills" section of the angular.json file.

[90mstderr[2m | spec-app-pages-ai-pages-agents-agent-workspace-tabs-triggers-tab.spec.js
[22m[39mNG0914: The application is using zoneless change detection, but is still loading Zone.js. Consider removing Zone.js to get the full benefits of zoneless. In applications using the Angular CLI, Zone.js is typically included in the "polyfills" section of the angular.json file.

 [32m✓[39m [30m[46m app-new [49m[39m spec-app-core-services-preferences.service.spec.js [2m([22m[2m2 tests[22m[2m)[22m[32m 91[2mms[22m[39m
[90mstderr[2m | spec-app-pages-ai-pages-agents-agent-workspace-tabs-voice-tab.spec.js
[22m[39mNG0914: The application is using zoneless change detection, but is still loading Zone.js. Consider removing Zone.js to get the full benefits of zoneless. In applications using the Angular CLI, Zone.js is typically included in the "polyfills" section of the angular.json file.

 [32m✓[39m [30m[46m app-new [49m[39m spec-app-pages-ai-pages-agents-agent-workspace-tabs-voice-tab.spec.js [2m([22m[2m3 tests[22m[2m)[22m[32m 265[2mms[22m[39m
 [32m✓[39m [30m[46m app-new [49m[39m spec-app-pages-ai-pages-agents-agent-workspace-tabs-triggers-tab.spec.js [2m([22m[2m3 tests[22m[2m)[22m[33m 481[2mms[22m[39m
     [33m[2m✓[22m[39m should create [33m 337[2mms[22m[39m
[90mstderr[2m | spec-app-pages-crm-funnels-components-funnel-form-funnel-form.spec.js
[22m[39mNG0914: The application is using zoneless change detection, but is still loading Zone.js. Consider removing Zone.js to get the full benefits of zoneless. In applications using the Angular CLI, Zone.js is typically included in the "polyfills" section of the angular.json file.

[90mstderr[2m | spec-app-pages-chat-chat-sidebar-crm-section-deal-card-deal-card.component.spec.js
[22m[39mNG0914: The application is using zoneless change detection, but is still loading Zone.js. Consider removing Zone.js to get the full benefits of zoneless. In applications using the Angular CLI, Zone.js is typically included in the "polyfills" section of the angular.json file.

 [32m✓[39m [30m[46m app-new [49m[39m spec-app-pages-chat-chat-sidebar-crm-section-deal-card-deal-card.component.spec.js [2m([22m[2m4 tests[22m[2m)[22m[32m 297[2mms[22m[39m
[90mstderr[2m | spec-app-core-strategies-app-title.strategy.spec.js
[22m[39mNG0914: The application is using zoneless change detection, but is still loading Zone.js. Consider removing Zone.js to get the full benefits of zoneless. In applications using the Angular CLI, Zone.js is typically included in the "polyfills" section of the angular.json file.

[90mstderr[2m | spec-app-core-services-notification-api.service.spec.js
[22m[39mNG0914: The application is using zoneless change detection, but is still loading Zone.js. Consider removing Zone.js to get the full benefits of zoneless. In applications using the Angular CLI, Zone.js is typically included in the "polyfills" section of the angular.json file.

 [32m✓[39m [30m[46m app-new [49m[39m spec-app-core-services-notification-api.service.spec.js [2m([22m[2m4 tests[22m[2m)[22m[32m 53[2mms[22m[39m
 [32m✓[39m [30m[46m app-new [49m[39m spec-app-core-strategies-app-title.strategy.spec.js [2m([22m[2m3 tests[22m[2m)[22m[32m 52[2mms[22m[39m
 [32m✓[39m [30m[46m app-new [49m[39m spec-app-pages-crm-funnels-components-funnel-form-funnel-form.spec.js [2m([22m[2m4 tests[22m[2m)[22m[33m 547[2mms[22m[39m
     [33m[2m✓[22m[39m should create [33m 371[2mms[22m[39m
[90mstderr[2m | spec-app-pages-crm-negotiation-show-components-negotiation-products-tab-negotiation-products-tab.spec.js
[22m[39mNG0914: The application is using zoneless change detection, but is still loading Zone.js. Consider removing Zone.js to get the full benefits of zoneless. In applications using the Angular CLI, Zone.js is typically included in the "polyfills" section of the angular.json file.

[90mstderr[2m | spec-app-pages-crm-negotiation-show-components-negotiation-products-tab-negotiation-products-tab.spec.js[2m > [22m[2mNegotiationProductsTabComponent[2m > [22m[2mcreates and loads products
[22m[39mNG0914: The application is using zoneless change detection, but is still loading Zone.js. Consider removing Zone.js to get the full benefits of zoneless. In applications using the Angular CLI, Zone.js is typically included in the "polyfills" section of the angular.json file.

 [32m✓[39m [30m[46m app-new [49m[39m spec-app-pages-crm-negotiation-show-components-negotiation-products-tab-negotiation-products-tab.spec.js [2m([22m[2m1 test[22m[2m)[22m[33m 389[2mms[22m[39m
     [33m[2m✓[22m[39m creates and loads products [33m 386[2mms[22m[39m
[90mstderr[2m | spec-app-core-services-global-search.service.spec.js
[22m[39mNG0914: The application is using zoneless change detection, but is still loading Zone.js. Consider removing Zone.js to get the full benefits of zoneless. In applications using the Angular CLI, Zone.js is typically included in the "polyfills" section of the angular.json file.

 [32m✓[39m [30m[46m app-new [49m[39m spec-app-core-services-global-search.service.spec.js [2m([22m[2m4 tests[22m[2m)[22m[32m 54[2mms[22m[39m
[90mstderr[2m | spec-app-pages-chat-components-shell-chat-page.component.spec.js
[22m[39mNG0914: The application is using zoneless change detection, but is still loading Zone.js. Consider removing Zone.js to get the full benefits of zoneless. In applications using the Angular CLI, Zone.js is typically included in the "polyfills" section of the angular.json file.

 [32m✓[39m [30m[46m app-new [49m[39m spec-app-pages-chat-components-shell-chat-page.component.spec.js [2m([22m[2m1 test[22m[2m)[22m[32m 62[2mms[22m[39m
[90mstderr[2m | spec-app-pages-chat-channel-channel-realtime.adapter.spec.js
[22m[39mNG0914: The application is using zoneless change detection, but is still loading Zone.js. Consider removing Zone.js to get the full benefits of zoneless. In applications using the Angular CLI, Zone.js is typically included in the "polyfills" section of the angular.json file.

 [32m✓[39m [30m[46m app-new [49m[39m spec-app-pages-chat-channel-channel-realtime.adapter.spec.js [2m([22m[2m5 tests[22m[2m)[22m[32m 79[2mms[22m[39m
[90mstderr[2m | spec-app-pages-chat-store-chat-store.streaming.spec.js
[22m[39mNG0914: The application is using zoneless change detection, but is still loading Zone.js. Consider removing Zone.js to get the full benefits of zoneless. In applications using the Angular CLI, Zone.js is typically included in the "polyfills" section of the angular.json file.

[90mstderr[2m | spec-app-pages-ai-pages-agents-agent-workspace-tabs-channels-tab.spec.js
[22m[39mNG0914: The application is using zoneless change detection, but is still loading Zone.js. Consider removing Zone.js to get the full benefits of zoneless. In applications using the Angular CLI, Zone.js is typically included in the "polyfills" section of the angular.json file.

[90mstderr[2m | spec-app-pages-ai-pages-agents-agent-workspace-tabs-overview-tab.spec.js
[22m[39mNG0914: The application is using zoneless change detection, but is still loading Zone.js. Consider removing Zone.js to get the full benefits of zoneless. In applications using the Angular CLI, Zone.js is typically included in the "polyfills" section of the angular.json file.

 [32m✓[39m [30m[46m app-new [49m[39m spec-app-pages-chat-store-chat-store.streaming.spec.js [2m([22m[2m3 tests[22m[2m)[22m[32m 43[2mms[22m[39m
 [32m✓[39m [30m[46m app-new [49m[39m spec-app-pages-ai-pages-agents-agent-workspace-tabs-channels-tab.spec.js [2m([22m[2m3 tests[22m[2m)[22m[32m 155[2mms[22m[39m
 [32m✓[39m [30m[46m app-new [49m[39m spec-app-pages-ai-pages-agents-agent-workspace-tabs-overview-tab.spec.js [2m([22m[2m4 tests[22m[2m)[22m[32m 298[2mms[22m[39m
[90mstderr[2m | spec-app-pages-crm-negotiation-show-components-negotiation-tasks-tab-negotiation-tasks-tab.spec.js
[22m[39mNG0914: The application is using zoneless change detection, but is still loading Zone.js. Consider removing Zone.js to get the full benefits of zoneless. In applications using the Angular CLI, Zone.js is typically included in the "polyfills" section of the angular.json file.

[90mstderr[2m | spec-app-pages-chat-components-message-composer-message-composer.component.spec.js
[22m[39mNG0914: The application is using zoneless change detection, but is still loading Zone.js. Consider removing Zone.js to get the full benefits of zoneless. In applications using the Angular CLI, Zone.js is typically included in the "polyfills" section of the angular.json file.

 [32m✓[39m [30m[46m app-new [49m[39m spec-app-pages-chat-components-message-composer-message-composer.component.spec.js [2m([22m[2m1 test[22m[2m)[22m[32m 69[2mms[22m[39m
[90mstderr[2m | spec-app-pages-chat-components-ticket-list-panel-ticket-list-panel.component.spec.js
[22m[39mNG0914: The application is using zoneless change detection, but is still loading Zone.js. Consider removing Zone.js to get the full benefits of zoneless. In applications using the Angular CLI, Zone.js is typically included in the "polyfills" section of the angular.json file.

 [32m✓[39m [30m[46m app-new [49m[39m spec-app-pages-chat-components-ticket-list-panel-ticket-list-panel.component.spec.js [2m([22m[2m1 test[22m[2m)[22m[32m 67[2mms[22m[39m
[90mstderr[2m | spec-app-pages-crm-negotiation-show-components-negotiation-tasks-tab-negotiation-tasks-tab.spec.js[2m > [22m[2mNegotiationTasksTabComponent[2m > [22m[2mcreates component
[22m[39mNG0914: The application is using zoneless change detection, but is still loading Zone.js. Consider removing Zone.js to get the full benefits of zoneless. In applications using the Angular CLI, Zone.js is typically included in the "polyfills" section of the angular.json file.

 [32m✓[39m [30m[46m app-new [49m[39m spec-app-pages-crm-negotiation-show-components-negotiation-tasks-tab-negotiation-tasks-tab.spec.js [2m([22m[2m1 test[22m[2m)[22m[33m 360[2mms[22m[39m
     [33m[2m✓[22m[39m creates component [33m 358[2mms[22m[39m
[90mstderr[2m | spec-app-pages-chat-components-detail-panel-detail-panel.component.spec.js
[22m[39mNG0914: The application is using zoneless change detection, but is still loading Zone.js. Consider removing Zone.js to get the full benefits of zoneless. In applications using the Angular CLI, Zone.js is typically included in the "polyfills" section of the angular.json file.

 [32m✓[39m [30m[46m app-new [49m[39m spec-app-pages-chat-components-detail-panel-detail-panel.component.spec.js [2m([22m[2m1 test[22m[2m)[22m[32m 81[2mms[22m[39m
[90mstderr[2m | spec-app-pages-crm-negotiation-show-components-negotiation-contacts-tab-negotiation-contacts-tab.spec.js
[22m[39mNG0914: The application is using zoneless change detection, but is still loading Zone.js. Consider removing Zone.js to get the full benefits of zoneless. In applications using the Angular CLI, Zone.js is typically included in the "polyfills" section of the angular.json file.

[90mstderr[2m | spec-app-pages-crm-agenda-components-agenda-form-agenda-form.spec.js
[22m[39mNG0914: The application is using zoneless change detection, but is still loading Zone.js. Consider removing Zone.js to get the full benefits of zoneless. In applications using the Angular CLI, Zone.js is typically included in the "polyfills" section of the angular.json file.

[90mstderr[2m | spec-app-pages-crm-negotiation-show-components-negotiation-contacts-tab-negotiation-contacts-tab.spec.js[2m > [22m[2mNegotiationContactsTabComponent[2m > [22m[2mcreates and loads contact links
[22m[39mNG0914: The application is using zoneless change detection, but is still loading Zone.js. Consider removing Zone.js to get the full benefits of zoneless. In applications using the Angular CLI, Zone.js is typically included in the "polyfills" section of the angular.json file.

 [32m✓[39m [30m[46m app-new [49m[39m spec-app-pages-crm-agenda-components-agenda-form-agenda-form.spec.js [2m([22m[2m5 tests[22m[2m)[22m[33m 330[2mms[22m[39m
[90mstderr[2m | spec-app-pages-chat-components-message-list-message-list.component.spec.js
[22m[39mNG0914: The application is using zoneless change detection, but is still loading Zone.js. Consider removing Zone.js to get the full benefits of zoneless. In applications using the Angular CLI, Zone.js is typically included in the "polyfills" section of the angular.json file.

 [32m✓[39m [30m[46m app-new [49m[39m spec-app-pages-crm-negotiation-show-components-negotiation-contacts-tab-negotiation-contacts-tab.spec.js [2m([22m[2m1 test[22m[2m)[22m[33m 342[2mms[22m[39m
     [33m[2m✓[22m[39m creates and loads contact links [33m 340[2mms[22m[39m
 [32m✓[39m [30m[46m app-new [49m[39m spec-app-pages-chat-components-message-list-message-list.component.spec.js [2m([22m[2m1 test[22m[2m)[22m[32m 76[2mms[22m[39m
[90mstderr[2m | spec-app-pages-crm-negotiation-show-components-negotiation-history-tab-negotiation-history-tab.spec.js
[22m[39mNG0914: The application is using zoneless change detection, but is still loading Zone.js. Consider removing Zone.js to get the full benefits of zoneless. In applications using the Angular CLI, Zone.js is typically included in the "polyfills" section of the angular.json file.

[90mstderr[2m | spec-app-pages-crm-negotiation-show-components-negotiation-edit-modal-negotiation-edit-modal.spec.js
[22m[39mNG0914: The application is using zoneless change detection, but is still loading Zone.js. Consider removing Zone.js to get the full benefits of zoneless. In applications using the Angular CLI, Zone.js is typically included in the "polyfills" section of the angular.json file.

[90mstderr[2m | spec-app-pages-crm-negotiation-show-components-negotiation-history-tab-negotiation-history-tab.spec.js[2m > [22m[2mNegotiationHistoryTabComponent[2m > [22m[2mcreates component and loads annotations
[22m[39mNG0914: The application is using zoneless change detection, but is still loading Zone.js. Consider removing Zone.js to get the full benefits of zoneless. In applications using the Angular CLI, Zone.js is typically included in the "polyfills" section of the angular.json file.

[90mstderr[2m | spec-app-pages-crm-negotiation-show-components-negotiation-edit-modal-negotiation-edit-modal.spec.js[2m > [22m[2mNegotiationEditModalComponent[2m > [22m[2mcreates component
[22m[39mNG0914: The application is using zoneless change detection, but is still loading Zone.js. Consider removing Zone.js to get the full benefits of zoneless. In applications using the Angular CLI, Zone.js is typically included in the "polyfills" section of the angular.json file.

[90mstderr[2m | spec-app-pages-crm-contacts-crm-contacts.helpers.spec.js
[22m[39mNG0914: The application is using zoneless change detection, but is still loading Zone.js. Consider removing Zone.js to get the full benefits of zoneless. In applications using the Angular CLI, Zone.js is typically included in the "polyfills" section of the angular.json file.

 [32m✓[39m [30m[46m app-new [49m[39m spec-app-pages-crm-contacts-crm-contacts.helpers.spec.js [2m([22m[2m7 tests[22m[2m)[22m[32m 26[2mms[22m[39m
[90mstderr[2m | spec-app-pages-chat-chat-sidebar-tags-modal-tags-modal.spec.js
[22m[39mNG0914: The application is using zoneless change detection, but is still loading Zone.js. Consider removing Zone.js to get the full benefits of zoneless. In applications using the Angular CLI, Zone.js is typically included in the "polyfills" section of the angular.json file.

 [32m✓[39m [30m[46m app-new [49m[39m spec-app-pages-crm-negotiation-show-components-negotiation-history-tab-negotiation-history-tab.spec.js [2m([22m[2m1 test[22m[2m)[22m[33m 411[2mms[22m[39m
     [33m[2m✓[22m[39m creates component and loads annotations [33m 409[2mms[22m[39m
 [32m✓[39m [30m[46m app-new [49m[39m spec-app-pages-crm-negotiation-show-components-negotiation-edit-modal-negotiation-edit-modal.spec.js [2m([22m[2m1 test[22m[2m)[22m[33m 479[2mms[22m[39m
     [33m[2m✓[22m[39m creates component [33m 477[2mms[22m[39m
 [32m✓[39m [30m[46m app-new [49m[39m spec-app-pages-chat-chat-sidebar-tags-modal-tags-modal.spec.js [2m([22m[2m1 test[22m[2m)[22m[33m 327[2mms[22m[39m
     [33m[2m✓[22m[39m creates tag on Enter and attaches to contact [33m 325[2mms[22m[39m
[90mstderr[2m | spec-app-pages-crm-negotiation-show-components-negotiation-files-tab-negotiation-files-tab.spec.js
[22m[39mNG0914: The application is using zoneless change detection, but is still loading Zone.js. Consider removing Zone.js to get the full benefits of zoneless. In applications using the Angular CLI, Zone.js is typically included in the "polyfills" section of the angular.json file.

[90mstderr[2m | spec-app-core-services-chat-rewrite-rollout.service.spec.js
[22m[39mNG0914: The application is using zoneless change detection, but is still loading Zone.js. Consider removing Zone.js to get the full benefits of zoneless. In applications using the Angular CLI, Zone.js is typically included in the "polyfills" section of the angular.json file.

[90mstderr[2m | spec-app-core-services-realtime.service.spec.js
[22m[39mNG0914: The application is using zoneless change detection, but is still loading Zone.js. Consider removing Zone.js to get the full benefits of zoneless. In applications using the Angular CLI, Zone.js is typically included in the "polyfills" section of the angular.json file.

 [32m✓[39m [30m[46m app-new [49m[39m spec-app-core-services-chat-rewrite-rollout.service.spec.js [2m([22m[2m5 tests[22m[2m)[22m[32m 65[2mms[22m[39m
 [32m✓[39m [30m[46m app-new [49m[39m spec-app-core-services-realtime.service.spec.js [2m([22m[2m2 tests[22m[2m)[22m[32m 60[2mms[22m[39m
[90mstderr[2m | spec-app-pages-crm-negotiation-show-components-negotiation-files-tab-negotiation-files-tab.spec.js[2m > [22m[2mNegotiationFilesTabComponent[2m > [22m[2mcreates and loads files
[22m[39mNG0914: The application is using zoneless change detection, but is still loading Zone.js. Consider removing Zone.js to get the full benefits of zoneless. In applications using the Angular CLI, Zone.js is typically included in the "polyfills" section of the angular.json file.

 [32m✓[39m [30m[46m app-new [49m[39m spec-app-pages-crm-negotiation-show-components-negotiation-files-tab-negotiation-files-tab.spec.js [2m([22m[2m1 test[22m[2m)[22m[33m 307[2mms[22m[39m
     [33m[2m✓[22m[39m creates and loads files [33m 305[2mms[22m[39m
[90mstderr[2m | spec-app-pages-chat-components-message-bubble-message-bubble.component.spec.js
[22m[39mNG0914: The application is using zoneless change detection, but is still loading Zone.js. Consider removing Zone.js to get the full benefits of zoneless. In applications using the Angular CLI, Zone.js is typically included in the "polyfills" section of the angular.json file.

[90mstderr[2m | spec-app-core-services-platform-platform.service.spec.js
[22m[39mNG0914: The application is using zoneless change detection, but is still loading Zone.js. Consider removing Zone.js to get the full benefits of zoneless. In applications using the Angular CLI, Zone.js is typically included in the "polyfills" section of the angular.json file.

 [32m✓[39m [30m[46m app-new [49m[39m spec-app-pages-chat-components-message-bubble-message-bubble.component.spec.js [2m([22m[2m3 tests[22m[2m)[22m[32m 102[2mms[22m[39m
 [32m✓[39m [30m[46m app-new [49m[39m spec-app-core-services-platform-platform.service.spec.js [2m([22m[2m4 tests[22m[2m)[22m[32m 52[2mms[22m[39m
[90mstderr[2m | spec-app-pages-ai-components-streaming-message-bubble-streaming-message-bubble.spec.js
[22m[39mNG0914: The application is using zoneless change detection, but is still loading Zone.js. Consider removing Zone.js to get the full benefits of zoneless. In applications using the Angular CLI, Zone.js is typically included in the "polyfills" section of the angular.json file.

 [32m✓[39m [30m[46m app-new [49m[39m spec-app-pages-ai-components-streaming-message-bubble-streaming-message-bubble.spec.js [2m([22m[2m2 tests[22m[2m)[22m[32m 113[2mms[22m[39m
[90mstderr[2m | spec-app-shared-utils-string.utils.spec.js
[22m[39mNG0914: The application is using zoneless change detection, but is still loading Zone.js. Consider removing Zone.js to get the full benefits of zoneless. In applications using the Angular CLI, Zone.js is typically included in the "polyfills" section of the angular.json file.

 [32m✓[39m [30m[46m app-new [49m[39m spec-app-shared-utils-string.utils.spec.js [2m([22m[2m14 tests[22m[2m)[22m[32m 53[2mms[22m[39m
[90mstderr[2m | spec-app-pages-crm-negotiation-show-components-negotiation-summary-card-negotiation-summary-card.spec.js
[22m[39mNG0914: The application is using zoneless change detection, but is still loading Zone.js. Consider removing Zone.js to get the full benefits of zoneless. In applications using the Angular CLI, Zone.js is typically included in the "polyfills" section of the angular.json file.

[90mstderr[2m | spec-app-pages-crm-negotiation-show-components-negotiation-loss-modal-negotiation-loss-modal.spec.js
[22m[39mNG0914: The application is using zoneless change detection, but is still loading Zone.js. Consider removing Zone.js to get the full benefits of zoneless. In applications using the Angular CLI, Zone.js is typically included in the "polyfills" section of the angular.json file.

[90mstderr[2m | spec-app-pages-crm-negotiation-show-components-negotiation-company-card-negotiation-company-card.spec.js
[22m[39mNG0914: The application is using zoneless change detection, but is still loading Zone.js. Consider removing Zone.js to get the full benefits of zoneless. In applications using the Angular CLI, Zone.js is typically included in the "polyfills" section of the angular.json file.

[90mstderr[2m | spec-app-pages-crm-negotiation-show-components-negotiation-summary-card-negotiation-summary-card.spec.js[2m > [22m[2mNegotiationSummaryCardComponent[2m > [22m[2mcreates component
[22m[39mNG0914: The application is using zoneless change detection, but is still loading Zone.js. Consider removing Zone.js to get the full benefits of zoneless. In applications using the Angular CLI, Zone.js is typically included in the "polyfills" section of the angular.json file.

[90mstderr[2m | spec-app-pages-crm-negotiation-show-components-negotiation-loss-modal-negotiation-loss-modal.spec.js[2m > [22m[2mNegotiationLossModalComponent[2m > [22m[2mcreates component
[22m[39mNG0914: The application is using zoneless change detection, but is still loading Zone.js. Consider removing Zone.js to get the full benefits of zoneless. In applications using the Angular CLI, Zone.js is typically included in the "polyfills" section of the angular.json file.

 [32m✓[39m [30m[46m app-new [49m[39m spec-app-pages-crm-negotiation-show-components-negotiation-summary-card-negotiation-summary-card.spec.js [2m([22m[2m1 test[22m[2m)[22m[32m 213[2mms[22m[39m
[90mstderr[2m | spec-app-pages-crm-negotiation-show-components-negotiation-company-card-negotiation-company-card.spec.js[2m > [22m[2mNegotiationCompanyCardComponent[2m > [22m[2mcreates component
[22m[39mNG0914: The application is using zoneless change detection, but is still loading Zone.js. Consider removing Zone.js to get the full benefits of zoneless. In applications using the Angular CLI, Zone.js is typically included in the "polyfills" section of the angular.json file.

 [32m✓[39m [30m[46m app-new [49m[39m spec-app-pages-crm-negotiation-show-components-negotiation-company-card-negotiation-company-card.spec.js [2m([22m[2m1 test[22m[2m)[22m[32m 117[2mms[22m[39m
 [32m✓[39m [30m[46m app-new [49m[39m spec-app-pages-crm-negotiation-show-components-negotiation-loss-modal-negotiation-loss-modal.spec.js [2m([22m[2m1 test[22m[2m)[22m[33m 401[2mms[22m[39m
     [33m[2m✓[22m[39m creates component [33m 399[2mms[22m[39m
[90mstderr[2m | spec-app-pages-crm-negotiation-show-components-negotiation-contact-card-negotiation-contact-card.spec.js
[22m[39mNG0914: The application is using zoneless change detection, but is still loading Zone.js. Consider removing Zone.js to get the full benefits of zoneless. In applications using the Angular CLI, Zone.js is typically included in the "polyfills" section of the angular.json file.

[90mstderr[2m | spec-app-pages-crm-negotiation-show-components-negotiation-header-negotiation-header.spec.js
[22m[39mNG0914: The application is using zoneless change detection, but is still loading Zone.js. Consider removing Zone.js to get the full benefits of zoneless. In applications using the Angular CLI, Zone.js is typically included in the "polyfills" section of the angular.json file.

[90mstderr[2m | spec-app-pages-crm-negotiation-show-components-negotiation-contact-card-negotiation-contact-card.spec.js[2m > [22m[2mNegotiationContactCardComponent[2m > [22m[2mcreates component
[22m[39mNG0914: The application is using zoneless change detection, but is still loading Zone.js. Consider removing Zone.js to get the full benefits of zoneless. In applications using the Angular CLI, Zone.js is typically included in the "polyfills" section of the angular.json file.

[90mstderr[2m | spec-app-pages-crm-negotiation-show-components-negotiation-header-negotiation-header.spec.js[2m > [22m[2mNegotiationHeaderComponent[2m > [22m[2mcreates component
[22m[39mNG0914: The application is using zoneless change detection, but is still loading Zone.js. Consider removing Zone.js to get the full benefits of zoneless. In applications using the Angular CLI, Zone.js is typically included in the "polyfills" section of the angular.json file.

 [32m✓[39m [30m[46m app-new [49m[39m spec-app-pages-crm-negotiation-show-components-negotiation-contact-card-negotiation-contact-card.spec.js [2m([22m[2m1 test[22m[2m)[22m[32m 108[2mms[22m[39m
[90mstderr[2m | spec-app-pages-crm-negotiation-show-components-negotiation-upcoming-tasks-negotiation-upcoming-tasks.spec.js
[22m[39mNG0914: The application is using zoneless change detection, but is still loading Zone.js. Consider removing Zone.js to get the full benefits of zoneless. In applications using the Angular CLI, Zone.js is typically included in the "polyfills" section of the angular.json file.

[90mstderr[2m | spec-app-core-services-billing-status.service.spec.js
[22m[39mNG0914: The application is using zoneless change detection, but is still loading Zone.js. Consider removing Zone.js to get the full benefits of zoneless. In applications using the Angular CLI, Zone.js is typically included in the "polyfills" section of the angular.json file.

 [32m✓[39m [30m[46m app-new [49m[39m spec-app-pages-crm-negotiation-show-components-negotiation-header-negotiation-header.spec.js [2m([22m[2m1 test[22m[2m)[22m[32m 185[2mms[22m[39m
[90mstderr[2m | spec-app-pages-crm-negotiation-show-components-negotiation-upcoming-tasks-negotiation-upcoming-tasks.spec.js[2m > [22m[2mNegotiationUpcomingTasksComponent[2m > [22m[2mcreates component
[22m[39mNG0914: The application is using zoneless change detection, but is still loading Zone.js. Consider removing Zone.js to get the full benefits of zoneless. In applications using the Angular CLI, Zone.js is typically included in the "polyfills" section of the angular.json file.

 [32m✓[39m [30m[46m app-new [49m[39m spec-app-core-services-billing-status.service.spec.js [2m([22m[2m3 tests[22m[2m)[22m[32m 42[2mms[22m[39m
 [32m✓[39m [30m[46m app-new [49m[39m spec-app-pages-crm-negotiation-show-components-negotiation-upcoming-tasks-negotiation-upcoming-tasks.spec.js [2m([22m[2m1 test[22m[2m)[22m[32m 75[2mms[22m[39m
[90mstderr[2m | spec-app-core-services-chat-realtime.store.spec.js
[22m[39mNG0914: The application is using zoneless change detection, but is still loading Zone.js. Consider removing Zone.js to get the full benefits of zoneless. In applications using the Angular CLI, Zone.js is typically included in the "polyfills" section of the angular.json file.

 [32m✓[39m [30m[46m app-new [49m[39m spec-app-core-services-chat-realtime.store.spec.js [2m([22m[2m2 tests[22m[2m)[22m[32m 59[2mms[22m[39m
[90mstderr[2m | spec-app-pages-chat-utils-sentiment.spec.js
[22m[39mNG0914: The application is using zoneless change detection, but is still loading Zone.js. Consider removing Zone.js to get the full benefits of zoneless. In applications using the Angular CLI, Zone.js is typically included in the "polyfills" section of the angular.json file.

 [32m✓[39m [30m[46m app-new [49m[39m spec-app-pages-chat-utils-sentiment.spec.js [2m([22m[2m2 tests[22m[2m)[22m[32m 5[2mms[22m[39m

[31m⎯⎯⎯⎯⎯⎯[39m[1m[41m Failed Tests 11 [49m[22m[31m⎯⎯⎯⎯⎯⎯⎯[39m

[41m[1m FAIL [22m[49m [30m[46m app-new [49m[39m spec-app-core-services-auth.service.spec.js[2m > [22mAuthService[2m > [22mlogin em mobile[2m > [22menvia device_name no body e persiste token via AuthStorageService
[41m[1m FAIL [22m[49m [30m[46m app-new [49m[39m spec-app-core-services-auth.service.spec.js[2m > [22mAuthService[2m > [22mlogin em mobile[2m > [22mcai em fallback de device_name quando Device.getInfo lança
[41m[1m FAIL [22m[49m [30m[46m app-new [49m[39m spec-app-core-services-auth.service.spec.js[2m > [22mAuthService[2m > [22mlogin em mobile[2m > [22mnão persiste token quando resposta não inclui token
[31m[1mError[22m: The property "getInfo" is not defined on the object.[39m
[90m [2m❯[22m src/app/core/services/auth.service.spec.ts:[2m108:10[22m[39m
[90m [2m❯[22m new ZoneAwarePromise ../node_modules/.pnpm/zone.js@0.15.1/node_modules/zone.js/fesm2015/zone.js:[2m2701:25[22m[39m

[31m[2m⎯⎯⎯⎯⎯⎯⎯⎯⎯⎯⎯⎯⎯⎯⎯⎯⎯⎯⎯⎯⎯⎯⎯[1/11]⎯[22m[39m

[41m[1m FAIL [22m[49m [30m[46m app-new [49m[39m spec-app-core-services-auth.service.spec.js[2m > [22mAuthService[2m > [22mloginWith2FA em mobile[2m > [22menvia device_name e persiste token retornado
[31m[1mError[22m: The property "getInfo" is not defined on the object.[39m
[90m [2m❯[22m src/app/core/services/auth.service.spec.ts:[2m194:10[22m[39m
[90m [2m❯[22m new ZoneAwarePromise ../node_modules/.pnpm/zone.js@0.15.1/node_modules/zone.js/fesm2015/zone.js:[2m2701:25[22m[39m

[31m[2m⎯⎯⎯⎯⎯⎯⎯⎯⎯⎯⎯⎯⎯⎯⎯⎯⎯⎯⎯⎯⎯⎯⎯[2/11]⎯[22m[39m

[41m[1m FAIL [22m[49m [30m[46m app-new [49m[39m spec-app-pages-chat-channel-channel.spec.js[2m > [22mIntegrations[2m > [22mshould not open delete modal for connected integration and should show toast
[31m[1mAssertionError[22m: expected "error" to be called with arguments: [ Array(1) ][90m

Received:

[1m  1st error call:

[22m[2m  [[22m
[32m-   "Não é possível excluir uma integração conectada. Desconecte primeiro.",[90m
[31m+   "Não é possível excluir um canal conectado. Desconecte primeiro.",[90m
[2m  ][22m
[31m[90m

Number of calls: [1m1[22m
[31m[39m
[90m [2m❯[22m src/app/pages/chat/channel/channel.spec.ts:[2m182:27[22m[39m
[90m [2m❯[22m new ZoneAwarePromise ../node_modules/.pnpm/zone.js@0.15.1/node_modules/zone.js/fesm2015/zone.js:[2m2701:25[22m[39m

[31m[2m⎯⎯⎯⎯⎯⎯⎯⎯⎯⎯⎯⎯⎯⎯⎯⎯⎯⎯⎯⎯⎯⎯⎯[3/11]⎯[22m[39m

[41m[1m FAIL [22m[49m [30m[46m app-new [49m[39m spec-app-pages-chat-channel-channel.spec.js[2m > [22mIntegrations[2m > [22mshould show specific toast and close modal when delete returns 409
[31m[1mAssertionError[22m: expected "error" to be called with arguments: [ Array(1) ][90m

Received:

[1m  1st error call:

[22m[2m  [[22m
[32m-   "Não é possível excluir uma integração conectada. Desconecte primeiro.",[90m
[31m+   "Não é possível excluir um canal conectado. Desconecte primeiro.",[90m
[2m  ][22m

[1m  2nd error call:

[22m[2m  [[22m
[32m-   "Não é possível excluir uma integração conectada. Desconecte primeiro.",[90m
[31m+   "Não é possível excluir um canal conectado. Desconecte primeiro.",[90m
[2m  ][22m
[31m[90m

Number of calls: [1m2[22m
[31m[39m
[90m [2m❯[22m src/app/pages/chat/channel/channel.spec.ts:[2m236:27[22m[39m
[90m [2m❯[22m new ZoneAwarePromise ../node_modules/.pnpm/zone.js@0.15.1/node_modules/zone.js/fesm2015/zone.js:[2m2701:25[22m[39m

[31m[2m⎯⎯⎯⎯⎯⎯⎯⎯⎯⎯⎯⎯⎯⎯⎯⎯⎯⎯⎯⎯⎯⎯⎯[4/11]⎯[22m[39m

[41m[1m FAIL [22m[49m [30m[46m app-new [49m[39m spec-app-pages-chat-channel-channel.spec.js[2m > [22mIntegrations[2m > [22mshould keep modal open when delete fails with non-409 error
[31m[1mAssertionError[22m: expected "error" to be called with arguments: [ 'Erro ao remover integração' ][90m

Received:

[1m  1st error call:

[22m[2m  [[22m
[32m-   "Erro ao remover integração",[90m
[31m+   "Não é possível excluir um canal conectado. Desconecte primeiro.",[90m
[2m  ][22m

[1m  2nd error call:

[22m[2m  [[22m
[32m-   "Erro ao remover integração",[90m
[31m+   "Não é possível excluir um canal conectado. Desconecte primeiro.",[90m
[2m  ][22m

[1m  3rd error call:

[22m[2m  [[22m
[32m-   "Erro ao remover integração",[90m
[31m+   "Erro ao remover canal",[90m
[2m  ][22m
[31m[90m

Number of calls: [1m3[22m
[31m[39m
[90m [2m❯[22m src/app/pages/chat/channel/channel.spec.ts:[2m272:27[22m[39m
[90m [2m❯[22m new ZoneAwarePromise ../node_modules/.pnpm/zone.js@0.15.1/node_modules/zone.js/fesm2015/zone.js:[2m2701:25[22m[39m

[31m[2m⎯⎯⎯⎯⎯⎯⎯⎯⎯⎯⎯⎯⎯⎯⎯⎯⎯⎯⎯⎯⎯⎯⎯[5/11]⎯[22m[39m

[41m[1m FAIL [22m[49m [30m[46m app-new [49m[39m spec-app-pages-chat-channel-components-channel-form-channel-form.spec.js[2m > [22mChannelFormComponent[2m > [22mkeeps token required for uazapi editions even when integration already has token
[31m[1mAssertionError[22m: expected false to be true // Object.is equality[39m

[32m- Expected[39m
[31m+ Received[39m

[32m- true[39m
[31m+ false[39m

[90m [2m❯[22m src/app/pages/chat/channel/components/channel-form/channel-form.spec.ts:[2m77:41[22m[39m
[36m [2m❯[22m fulfilled chunk-FYSHOF5T.js:[2m120:24[22m[39m
    [90m119|[39m       }
    [90m120|[39m     }[33m;[39m
    [90m121|[39m     var step = (x) => x.done ? resolve(x.value) : Promise.resolve(x.va…
    [90m   |[39m       [31m^[39m
    [90m122|[39m     [34mstep[39m((generator [33m=[39m generator[33m.[39m[34mapply[39m(__this[33m,[39m __arguments))[33m.[39m[34mnext[39m())[33m;[39m
    [90m123|[39m   })[33m;[39m
[90m [2m❯[22m _ZoneDelegate.invoke ../node_modules/.pnpm/zone.js@0.15.1/node_modules/zone.js/fesm2015/zone.js:[2m398:28[22m[39m
[90m [2m❯[22m ZoneImpl.run ../node_modules/.pnpm/zone.js@0.15.1/node_modules/zone.js/fesm2015/zone.js:[2m113:43[22m[39m
[90m [2m❯[22m ../node_modules/.pnpm/zone.js@0.15.1/node_modules/zone.js/fesm2015/zone.js:[2m2537:40[22m[39m
[90m [2m❯[22m _ZoneDelegate.invokeTask ../node_modules/.pnpm/zone.js@0.15.1/node_modules/zone.js/fesm2015/zone.js:[2m431:33[22m[39m
[90m [2m❯[22m ZoneImpl.runTask ../node_modules/.pnpm/zone.js@0.15.1/node_modules/zone.js/fesm2015/zone.js:[2m161:47[22m[39m
[90m [2m❯[22m drainMicroTaskQueue ../node_modules/.pnpm/zone.js@0.15.1/node_modules/zone.js/fesm2015/zone.js:[2m612:35[22m[39m

[31m[2m⎯⎯⎯⎯⎯⎯⎯⎯⎯⎯⎯⎯⎯⎯⎯⎯⎯⎯⎯⎯⎯⎯⎯[6/11]⎯[22m[39m

[41m[1m FAIL [22m[49m [30m[46m app-new [49m[39m spec-app-pages-chat-components-user-chat-thread-user-chat-thread.component.spec.js[2m > [22mUserChatThreadComponent — scroll indicator[2m > [22mbotao aparece quando usuario esta scrollado para cima e nova mensagem chega
[31m[1mAssertionError[22m: expected false to be true // Object.is equality[39m

[32m- Expected[39m
[31m+ Received[39m

[32m- true[39m
[31m+ false[39m

[90m [2m❯[22m src/app/pages/chat/components/user-chat-thread/user-chat-thread.component.spec.ts:[2m180:53[22m[39m
[90m [2m❯[22m new ZoneAwarePromise ../node_modules/.pnpm/zone.js@0.15.1/node_modules/zone.js/fesm2015/zone.js:[2m2701:25[22m[39m
[90m [2m❯[22m new ZoneAwarePromise ../node_modules/.pnpm/zone.js@0.15.1/node_modules/zone.js/fesm2015/zone.js:[2m2701:25[22m[39m

[31m[2m⎯⎯⎯⎯⎯⎯⎯⎯⎯⎯⎯⎯⎯⎯⎯⎯⎯⎯⎯⎯⎯⎯⎯[7/11]⎯[22m[39m

[41m[1m FAIL [22m[49m [30m[46m app-new [49m[39m spec-app-pages-webchat-components-pre-chat-pre-chat.component.spec.js[2m > [22mPreChatComponent[2m > [22monSubmit[2m > [22mshould save and connect on success
[31m[1mAssertionError[22m: expected "vi.fn()" to be called with arguments: [ 'jwt-token', 'session-123' ][90m

Received:

[1m  1st vi.fn() call:

[22m[2m  [[22m
[2m    "jwt-token",[22m
[2m    "session-123",[22m
[31m+   {[90m
[31m+     "contactName": undefined,[90m
[31m+     "contactPhone": undefined,[90m
[31m+     "protocol": undefined,[90m
[31m+   },[90m
[2m  ][22m
[31m[90m

Number of calls: [1m1[22m
[31m[39m
[90m [2m❯[22m src/app/pages/webchat/components/pre-chat/pre-chat.component.spec.ts:[2m152:46[22m[39m
[90m [2m❯[22m new ZoneAwarePromise ../node_modules/.pnpm/zone.js@0.15.1/node_modules/zone.js/fesm2015/zone.js:[2m2701:25[22m[39m

[31m[2m⎯⎯⎯⎯⎯⎯⎯⎯⎯⎯⎯⎯⎯⎯⎯⎯⎯⎯⎯⎯⎯⎯⎯[8/11]⎯[22m[39m

[41m[1m FAIL [22m[49m [30m[46m app-new [49m[39m spec-app-pages-webchat-services-webchat.service.spec.js[2m > [22mWebChatService[2m > [22msendFileMessage[2m > [22mshould send correct payload and add optimistic message
[31m[1mAssertionError[22m: expected { token: 'jwt-token-123', …(4) } to deeply equal { token: 'jwt-token-123', …(3) }[39m

[32m- Expected[39m
[31m+ Received[39m

[2m  {[22m
[31m+   "file_name": "temp-123",[39m
[2m    "file_url": "http://test/file.png",[22m
[2m    "mime_type": "image/png",[22m
[2m    "token": "jwt-token-123",[22m
[2m    "type": "image",[22m
[2m  }[22m

[90m [2m❯[22m src/app/pages/webchat/services/webchat.service.spec.ts:[2m425:32[22m[39m
[90m [2m❯[22m new ZoneAwarePromise ../node_modules/.pnpm/zone.js@0.15.1/node_modules/zone.js/fesm2015/zone.js:[2m2701:25[22m[39m
[90m [2m❯[22m new ZoneAwarePromise ../node_modules/.pnpm/zone.js@0.15.1/node_modules/zone.js/fesm2015/zone.js:[2m2701:25[22m[39m

[31m[2m⎯⎯⎯⎯⎯⎯⎯⎯⎯⎯⎯⎯⎯⎯⎯⎯⎯⎯⎯⎯⎯⎯⎯[9/11]⎯[22m[39m

[31m⎯⎯⎯⎯⎯⎯[39m[1m[41m Unhandled Errors [49m[22m[31m⎯⎯⎯⎯⎯⎯[39m
[31m[1m
Vitest caught 8 unhandled errors during the test run.
This might cause false positive tests. Resolve unhandled errors to make sure your tests are not affected.[22m[39m

[31m⎯⎯⎯⎯⎯[39m[1m[41m Uncaught Exception [49m[22m[31m⎯⎯⎯⎯⎯[39m
[31m[1mTypeError[22m: () => ({
          observe: vi.fn(),
          unobserve: vi.fn()...<omitted>...}) is not a constructor[39m
[90m [2m❯[22m new Mock ../node_modules/.pnpm/@vitest+spy@4.1.1/node_modules/@vitest/spy/dist/index.js:[2m309:27[22m[39m
[90m [2m❯[22m _UserChatThreadComponent.setupResizeObserver dist/test-out/20260427T020737332Z-286f7a62/src/app/pages/chat/components/user-chat-thread/user-chat-thread.component.ts:[2m178:27[22m[39m
[90m [2m❯[22m dist/test-out/20260427T020737332Z-286f7a62/src/app/pages/chat/components/user-chat-thread/user-chat-thread.component.ts:[2m165:12[22m[39m
[90m [2m❯[22m _ZoneDelegate.invokeTask dist/test-out/node_modules/.pnpm/zone.js@0.15.1/node_modules/zone.js/fesm2015/zone.js:[2m431:33[22m[39m
[90m [2m❯[22m AsyncStackTaggingZoneSpec.onInvokeTask dist/test-out/node_modules/.pnpm/@angular+core@20.3.18_@angular+compiler@20.3.18_rxjs@7.8.2_zone.js@0.15.1/node_modules/@angular/core/fesm2022/debug_node.mjs:[2m7595:28[22m[39m
[90m [2m❯[22m _ZoneDelegate.invokeTask dist/test-out/node_modules/.pnpm/zone.js@0.15.1/node_modules/zone.js/fesm2015/zone.js:[2m430:38[22m[39m
[90m [2m❯[22m Object.onInvokeTask dist/test-out/node_modules/.pnpm/@angular+core@20.3.18_@angular+compiler@20.3.18_rxjs@7.8.2_zone.js@0.15.1/node_modules/@angular/core/fesm2022/debug_node.mjs:[2m7917:33[22m[39m
[90m [2m❯[22m _ZoneDelegate.invokeTask dist/test-out/node_modules/.pnpm/zone.js@0.15.1/node_modules/zone.js/fesm2015/zone.js:[2m430:38[22m[39m
[90m [2m❯[22m ZoneImpl.runTask dist/test-out/node_modules/.pnpm/zone.js@0.15.1/node_modules/zone.js/fesm2015/zone.js:[2m161:47[22m[39m
[90m [2m❯[22m drainMicroTaskQueue dist/test-out/node_modules/.pnpm/zone.js@0.15.1/node_modules/zone.js/fesm2015/zone.js:[2m612:35[22m[39m
[90m [2m❯[22m Object.onScheduleTask dist/test-out/node_modules/.pnpm/zone.js@0.15.1/node_modules/zone.js/fesm2015/zone-testing.js:[2m1954:26[22m[39m
[90m [2m❯[22m _ZoneDelegate.scheduleTask dist/test-out/node_modules/.pnpm/zone.js@0.15.1/node_modules/zone.js/fesm2015/zone.js:[2m411:51[22m[39m
[90m [2m❯[22m Object.onScheduleTask dist/test-out/node_modules/.pnpm/zone.js@0.15.1/node_modules/zone.js/fesm2015/zone.js:[2m273:65[22m[39m
[90m [2m❯[22m _ZoneDelegate.scheduleTask dist/test-out/node_modules/.pnpm/zone.js@0.15.1/node_modules/zone.js/fesm2015/zone.js:[2m411:51[22m[39m
[90m [2m❯[22m ZoneImpl.scheduleTask dist/test-out/node_modules/.pnpm/zone.js@0.15.1/node_modules/zone.js/fesm2015/zone.js:[2m207:43[22m[39m
[90m [2m❯[22m ZoneImpl.scheduleMicroTask dist/test-out/node_modules/.pnpm/zone.js@0.15.1/node_modules/zone.js/fesm2015/zone.js:[2m227:25[22m[39m
[90m [2m❯[22m dist/test-out/node_modules/.pnpm/zone.js@0.15.1/node_modules/zone.js/fesm2015/zone.js:[2m1759:26[22m[39m

[31m[2m⎯⎯⎯⎯⎯⎯⎯⎯⎯⎯⎯⎯⎯⎯⎯⎯⎯⎯⎯⎯⎯⎯⎯⎯⎯⎯⎯⎯⎯⎯[22m[39m
[31m[1mSerialized Error:[22m[39m [90m{ longStack: 'TypeError: () => ({\n          observe: __vite_ssr_import_33__.vi.fn(),\n          unobserve: __vite_ssr_import_33__.vi.fn()...<omitted>...}) is not a constructor\n    at new Mock (file:///Users/rafael.silva/Documents/interazap/node_modules/.pnpm/@vitest+spy@4.1.1/node_modules/@vitest/spy/dist/index.js:309:27)\n    at _UserChatThreadComponent.setupResizeObserver (/Users/rafael.silva/Documents/interazap/app/dist/test-out/20260427T020737332Z-286f7a62/src/app/pages/chat/components/user-chat-thread/user-chat-thread.component.ts:178:27)\n    at /Users/rafael.silva/Documents/interazap/app/dist/test-out/20260427T020737332Z-286f7a62/src/app/pages/chat/components/user-chat-thread/user-chat-thread.component.ts:165:12\n    at _ZoneDelegate.invokeTask (/Users/rafael.silva/Documents/interazap/app/dist/test-out/node_modules/.pnpm/zone.js@0.15.1/node_modules/zone.js/fesm2015/zone.js:431:33)\n    at AsyncStackTaggingZoneSpec.onInvokeTask (/Users/rafael.silva/Documents/interazap/app/dist/test-out/node_modules/.pnpm/@angular+core@20.3.18_@angular+compiler@20.3.18_rxjs@7.8.2_zone.js@0.15.1/node_modules/@angular/core/fesm2022/debug_node.mjs:7595:28)\n    at _ZoneDelegate.invokeTask (/Users/rafael.silva/Documents/interazap/app/dist/test-out/node_modules/.pnpm/zone.js@0.15.1/node_modules/zone.js/fesm2015/zone.js:430:38)\n    at Object.onInvokeTask (/Users/rafael.silva/Documents/interazap/app/dist/test-out/node_modules/.pnpm/@angular+core@20.3.18_@angular+compiler@20.3.18_rxjs@7.8.2_zone.js@0.15.1/node_modules/@angular/core/fesm2022/debug_node.mjs:7917:33)\n    at _ZoneDelegate.invokeTask (/Users/rafael.silva/Documents/interazap/app/dist/test-out/node_modules/.pnpm/zone.js@0.15.1/node_modules/zone.js/fesm2015/zone.js:430:38)\n    at ZoneImpl.runTask (/Users/rafael.silva/Documents/interazap/app/dist/test-out/node_modules/.pnpm/zone.js@0.15.1/node_modules/zone.js/fesm2015/zone.js:161:47)\n    at drainMicroTaskQueue (/Users/rafael.silva/Documents/interazap/app/dist/test-out/node_modules/.pnpm/zone.js@0.15.1/node_modules/zone.js/fesm2015/zone.js:612:35)\n    at ____________________Elapsed_62_ms__At__Sun_Apr_26_2026_23_10_58_GMT_0300__Brasilia_Standard_Time_ (http://localhost)\n    at Object.onScheduleTask (/Users/rafael.silva/Documents/interazap/app/dist/test-out/node_modules/.pnpm/zone.js@0.15.1/node_modules/zone.js/fesm2015/zone-testing.js:1954:26)\n    at _ZoneDelegate.scheduleTask (/Users/rafael.silva/Documents/interazap/app/dist/test-out/node_modules/.pnpm/zone.js@0.15.1/node_modules/zone.js/fesm2015/zone.js:411:51)\n    at Object.onScheduleTask (/Users/rafael.silva/Documents/interazap/app/dist/test-out/node_modules/.pnpm/zone.js@0.15.1/node_modules/zone.js/fesm2015/zone.js:273:65)\n    at _ZoneDelegate.scheduleTask (/Users/rafael.silva/Documents/interazap/app/dist/test-out/node_modules/.pnpm/zone.js@0.15.1/node_modules/zone.js/fesm2015/zone.js:411:51)\n    at ZoneImpl.scheduleTask (/Users/rafael.silva/Documents/interazap/app/dist/test-out/node_modules/.pnpm/zone.js@0.15.1/node_modules/zone.js/fesm2015/zone.js:207:43)\n    at ZoneImpl.scheduleMicroTask (/Users/rafael.silva/Documents/interazap/app/dist/test-out/node_modules/.pnpm/zone.js@0.15.1/node_modules/zone.js/fesm2015/zone.js:227:25)\n    at /Users/rafael.silva/Documents/interazap/app/dist/test-out/node_modules/.pnpm/zone.js@0.15.1/node_modules/zone.js/fesm2015/zone.js:1759:26' }[39m
[31mThis error originated in "[1mdist/test-out/20260427T020737332Z-286f7a62/spec-app-pages-chat-components-user-chat-thread-user-chat-thread.component.spec.js[22m" test file. It doesn't mean the error was thrown inside the file itself, but while it was running.[39m
[31mThe latest test that might've caused the error is "[1mbotao nao aparece quando usuario esta no fundo (wasNearBottom true)[22m". It might mean one of the following:
- The error was thrown, while Vitest was running this test.
- If the error occurred after the test had been completed, this was the last documented test before it was thrown.[39m

[31m⎯⎯⎯⎯⎯[39m[1m[41m Uncaught Exception [49m[22m[31m⎯⎯⎯⎯⎯[39m
[31m[1mTypeError[22m: () => ({
          observe: vi.fn(),
          unobserve: vi.fn()...<omitted>...}) is not a constructor[39m
[90m [2m❯[22m new Mock ../node_modules/.pnpm/@vitest+spy@4.1.1/node_modules/@vitest/spy/dist/index.js:[2m309:27[22m[39m
[90m [2m❯[22m _UserChatThreadComponent.setupResizeObserver dist/test-out/20260427T020737332Z-286f7a62/src/app/pages/chat/components/user-chat-thread/user-chat-thread.component.ts:[2m178:27[22m[39m
[90m [2m❯[22m dist/test-out/20260427T020737332Z-286f7a62/src/app/pages/chat/components/user-chat-thread/user-chat-thread.component.ts:[2m165:12[22m[39m
[90m [2m❯[22m _ZoneDelegate.invokeTask dist/test-out/node_modules/.pnpm/zone.js@0.15.1/node_modules/zone.js/fesm2015/zone.js:[2m431:33[22m[39m
[90m [2m❯[22m AsyncStackTaggingZoneSpec.onInvokeTask dist/test-out/node_modules/.pnpm/@angular+core@20.3.18_@angular+compiler@20.3.18_rxjs@7.8.2_zone.js@0.15.1/node_modules/@angular/core/fesm2022/debug_node.mjs:[2m7595:28[22m[39m
[90m [2m❯[22m _ZoneDelegate.invokeTask dist/test-out/node_modules/.pnpm/zone.js@0.15.1/node_modules/zone.js/fesm2015/zone.js:[2m430:38[22m[39m
[90m [2m❯[22m Object.onInvokeTask dist/test-out/node_modules/.pnpm/@angular+core@20.3.18_@angular+compiler@20.3.18_rxjs@7.8.2_zone.js@0.15.1/node_modules/@angular/core/fesm2022/debug_node.mjs:[2m7917:33[22m[39m
[90m [2m❯[22m _ZoneDelegate.invokeTask dist/test-out/node_modules/.pnpm/zone.js@0.15.1/node_modules/zone.js/fesm2015/zone.js:[2m430:38[22m[39m
[90m [2m❯[22m ZoneImpl.runTask dist/test-out/node_modules/.pnpm/zone.js@0.15.1/node_modules/zone.js/fesm2015/zone.js:[2m161:47[22m[39m
[90m [2m❯[22m drainMicroTaskQueue dist/test-out/node_modules/.pnpm/zone.js@0.15.1/node_modules/zone.js/fesm2015/zone.js:[2m612:35[22m[39m
[90m [2m❯[22m Object.onScheduleTask dist/test-out/node_modules/.pnpm/zone.js@0.15.1/node_modules/zone.js/fesm2015/zone-testing.js:[2m1954:26[22m[39m
[90m [2m❯[22m _ZoneDelegate.scheduleTask dist/test-out/node_modules/.pnpm/zone.js@0.15.1/node_modules/zone.js/fesm2015/zone.js:[2m411:51[22m[39m
[90m [2m❯[22m Object.onScheduleTask dist/test-out/node_modules/.pnpm/zone.js@0.15.1/node_modules/zone.js/fesm2015/zone.js:[2m273:65[22m[39m
[90m [2m❯[22m _ZoneDelegate.scheduleTask dist/test-out/node_modules/.pnpm/zone.js@0.15.1/node_modules/zone.js/fesm2015/zone.js:[2m411:51[22m[39m
[90m [2m❯[22m ZoneImpl.scheduleTask dist/test-out/node_modules/.pnpm/zone.js@0.15.1/node_modules/zone.js/fesm2015/zone.js:[2m207:43[22m[39m
[90m [2m❯[22m ZoneImpl.scheduleMicroTask dist/test-out/node_modules/.pnpm/zone.js@0.15.1/node_modules/zone.js/fesm2015/zone.js:[2m227:25[22m[39m
[90m [2m❯[22m dist/test-out/node_modules/.pnpm/zone.js@0.15.1/node_modules/zone.js/fesm2015/zone.js:[2m1759:26[22m[39m

[31m[2m⎯⎯⎯⎯⎯⎯⎯⎯⎯⎯⎯⎯⎯⎯⎯⎯⎯⎯⎯⎯⎯⎯⎯⎯⎯⎯⎯⎯⎯⎯[22m[39m
[31m[1mSerialized Error:[22m[39m [90m{ longStack: 'TypeError: () => ({\n          observe: __vite_ssr_import_33__.vi.fn(),\n          unobserve: __vite_ssr_import_33__.vi.fn()...<omitted>...}) is not a constructor\n    at new Mock (file:///Users/rafael.silva/Documents/interazap/node_modules/.pnpm/@vitest+spy@4.1.1/node_modules/@vitest/spy/dist/index.js:309:27)\n    at _UserChatThreadComponent.setupResizeObserver (/Users/rafael.silva/Documents/interazap/app/dist/test-out/20260427T020737332Z-286f7a62/src/app/pages/chat/components/user-chat-thread/user-chat-thread.component.ts:178:27)\n    at /Users/rafael.silva/Documents/interazap/app/dist/test-out/20260427T020737332Z-286f7a62/src/app/pages/chat/components/user-chat-thread/user-chat-thread.component.ts:165:12\n    at _ZoneDelegate.invokeTask (/Users/rafael.silva/Documents/interazap/app/dist/test-out/node_modules/.pnpm/zone.js@0.15.1/node_modules/zone.js/fesm2015/zone.js:431:33)\n    at AsyncStackTaggingZoneSpec.onInvokeTask (/Users/rafael.silva/Documents/interazap/app/dist/test-out/node_modules/.pnpm/@angular+core@20.3.18_@angular+compiler@20.3.18_rxjs@7.8.2_zone.js@0.15.1/node_modules/@angular/core/fesm2022/debug_node.mjs:7595:28)\n    at _ZoneDelegate.invokeTask (/Users/rafael.silva/Documents/interazap/app/dist/test-out/node_modules/.pnpm/zone.js@0.15.1/node_modules/zone.js/fesm2015/zone.js:430:38)\n    at Object.onInvokeTask (/Users/rafael.silva/Documents/interazap/app/dist/test-out/node_modules/.pnpm/@angular+core@20.3.18_@angular+compiler@20.3.18_rxjs@7.8.2_zone.js@0.15.1/node_modules/@angular/core/fesm2022/debug_node.mjs:7917:33)\n    at _ZoneDelegate.invokeTask (/Users/rafael.silva/Documents/interazap/app/dist/test-out/node_modules/.pnpm/zone.js@0.15.1/node_modules/zone.js/fesm2015/zone.js:430:38)\n    at ZoneImpl.runTask (/Users/rafael.silva/Documents/interazap/app/dist/test-out/node_modules/.pnpm/zone.js@0.15.1/node_modules/zone.js/fesm2015/zone.js:161:47)\n    at drainMicroTaskQueue (/Users/rafael.silva/Documents/interazap/app/dist/test-out/node_modules/.pnpm/zone.js@0.15.1/node_modules/zone.js/fesm2015/zone.js:612:35)\n    at ____________________Elapsed_2_ms__At__Sun_Apr_26_2026_23_10_58_GMT_0300__Brasilia_Standard_Time_ (http://localhost)\n    at Object.onScheduleTask (/Users/rafael.silva/Documents/interazap/app/dist/test-out/node_modules/.pnpm/zone.js@0.15.1/node_modules/zone.js/fesm2015/zone-testing.js:1954:26)\n    at _ZoneDelegate.scheduleTask (/Users/rafael.silva/Documents/interazap/app/dist/test-out/node_modules/.pnpm/zone.js@0.15.1/node_modules/zone.js/fesm2015/zone.js:411:51)\n    at Object.onScheduleTask (/Users/rafael.silva/Documents/interazap/app/dist/test-out/node_modules/.pnpm/zone.js@0.15.1/node_modules/zone.js/fesm2015/zone.js:273:65)\n    at _ZoneDelegate.scheduleTask (/Users/rafael.silva/Documents/interazap/app/dist/test-out/node_modules/.pnpm/zone.js@0.15.1/node_modules/zone.js/fesm2015/zone.js:411:51)\n    at ZoneImpl.scheduleTask (/Users/rafael.silva/Documents/interazap/app/dist/test-out/node_modules/.pnpm/zone.js@0.15.1/node_modules/zone.js/fesm2015/zone.js:207:43)\n    at ZoneImpl.scheduleMicroTask (/Users/rafael.silva/Documents/interazap/app/dist/test-out/node_modules/.pnpm/zone.js@0.15.1/node_modules/zone.js/fesm2015/zone.js:227:25)\n    at /Users/rafael.silva/Documents/interazap/app/dist/test-out/node_modules/.pnpm/zone.js@0.15.1/node_modules/zone.js/fesm2015/zone.js:1759:26' }[39m
[31mThis error originated in "[1mdist/test-out/20260427T020737332Z-286f7a62/spec-app-pages-chat-components-user-chat-thread-user-chat-thread.component.spec.js[22m" test file. It doesn't mean the error was thrown inside the file itself, but while it was running.[39m
[31mThe latest test that might've caused the error is "[1mbotao nao aparece quando usuario esta no fundo (wasNearBottom true)[22m". It might mean one of the following:
- The error was thrown, while Vitest was running this test.
- If the error occurred after the test had been completed, this was the last documented test before it was thrown.[39m

[31m⎯⎯⎯⎯⎯[39m[1m[41m Uncaught Exception [49m[22m[31m⎯⎯⎯⎯⎯[39m
[31m[1mTypeError[22m: () => ({
          observe: vi.fn(),
          unobserve: vi.fn()...<omitted>...}) is not a constructor[39m
[90m [2m❯[22m new Mock ../node_modules/.pnpm/@vitest+spy@4.1.1/node_modules/@vitest/spy/dist/index.js:[2m309:27[22m[39m
[90m [2m❯[22m _UserChatThreadComponent.setupResizeObserver dist/test-out/20260427T020737332Z-286f7a62/src/app/pages/chat/components/user-chat-thread/user-chat-thread.component.ts:[2m178:27[22m[39m
[90m [2m❯[22m dist/test-out/20260427T020737332Z-286f7a62/src/app/pages/chat/components/user-chat-thread/user-chat-thread.component.ts:[2m165:12[22m[39m
[90m [2m❯[22m _ZoneDelegate.invokeTask dist/test-out/node_modules/.pnpm/zone.js@0.15.1/node_modules/zone.js/fesm2015/zone.js:[2m431:33[22m[39m
[90m [2m❯[22m AsyncStackTaggingZoneSpec.onInvokeTask dist/test-out/node_modules/.pnpm/@angular+core@20.3.18_@angular+compiler@20.3.18_rxjs@7.8.2_zone.js@0.15.1/node_modules/@angular/core/fesm2022/debug_node.mjs:[2m7595:28[22m[39m
[90m [2m❯[22m _ZoneDelegate.invokeTask dist/test-out/node_modules/.pnpm/zone.js@0.15.1/node_modules/zone.js/fesm2015/zone.js:[2m430:38[22m[39m
[90m [2m❯[22m Object.onInvokeTask dist/test-out/node_modules/.pnpm/@angular+core@20.3.18_@angular+compiler@20.3.18_rxjs@7.8.2_zone.js@0.15.1/node_modules/@angular/core/fesm2022/debug_node.mjs:[2m7917:33[22m[39m
[90m [2m❯[22m _ZoneDelegate.invokeTask dist/test-out/node_modules/.pnpm/zone.js@0.15.1/node_modules/zone.js/fesm2015/zone.js:[2m430:38[22m[39m
[90m [2m❯[22m ZoneImpl.runTask dist/test-out/node_modules/.pnpm/zone.js@0.15.1/node_modules/zone.js/fesm2015/zone.js:[2m161:47[22m[39m
[90m [2m❯[22m drainMicroTaskQueue dist/test-out/node_modules/.pnpm/zone.js@0.15.1/node_modules/zone.js/fesm2015/zone.js:[2m612:35[22m[39m
[90m [2m❯[22m Object.onScheduleTask dist/test-out/node_modules/.pnpm/zone.js@0.15.1/node_modules/zone.js/fesm2015/zone-testing.js:[2m1954:26[22m[39m
[90m [2m❯[22m _ZoneDelegate.scheduleTask dist/test-out/node_modules/.pnpm/zone.js@0.15.1/node_modules/zone.js/fesm2015/zone.js:[2m411:51[22m[39m
[90m [2m❯[22m Object.onScheduleTask dist/test-out/node_modules/.pnpm/zone.js@0.15.1/node_modules/zone.js/fesm2015/zone.js:[2m273:65[22m[39m
[90m [2m❯[22m _ZoneDelegate.scheduleTask dist/test-out/node_modules/.pnpm/zone.js@0.15.1/node_modules/zone.js/fesm2015/zone.js:[2m411:51[22m[39m
[90m [2m❯[22m ZoneImpl.scheduleTask dist/test-out/node_modules/.pnpm/zone.js@0.15.1/node_modules/zone.js/fesm2015/zone.js:[2m207:43[22m[39m
[90m [2m❯[22m ZoneImpl.scheduleMicroTask dist/test-out/node_modules/.pnpm/zone.js@0.15.1/node_modules/zone.js/fesm2015/zone.js:[2m227:25[22m[39m
[90m [2m❯[22m dist/test-out/node_modules/.pnpm/zone.js@0.15.1/node_modules/zone.js/fesm2015/zone.js:[2m1759:26[22m[39m

[31m[2m⎯⎯⎯⎯⎯⎯⎯⎯⎯⎯⎯⎯⎯⎯⎯⎯⎯⎯⎯⎯⎯⎯⎯⎯⎯⎯⎯⎯⎯⎯[22m[39m
[31m[1mSerialized Error:[22m[39m [90m{ longStack: 'TypeError: () => ({\n          observe: __vite_ssr_import_33__.vi.fn(),\n          unobserve: __vite_ssr_import_33__.vi.fn()...<omitted>...}) is not a constructor\n    at new Mock (file:///Users/rafael.silva/Documents/interazap/node_modules/.pnpm/@vitest+spy@4.1.1/node_modules/@vitest/spy/dist/index.js:309:27)\n    at _UserChatThreadComponent.setupResizeObserver (/Users/rafael.silva/Documents/interazap/app/dist/test-out/20260427T020737332Z-286f7a62/src/app/pages/chat/components/user-chat-thread/user-chat-thread.component.ts:178:27)\n    at /Users/rafael.silva/Documents/interazap/app/dist/test-out/20260427T020737332Z-286f7a62/src/app/pages/chat/components/user-chat-thread/user-chat-thread.component.ts:165:12\n    at _ZoneDelegate.invokeTask (/Users/rafael.silva/Documents/interazap/app/dist/test-out/node_modules/.pnpm/zone.js@0.15.1/node_modules/zone.js/fesm2015/zone.js:431:33)\n    at AsyncStackTaggingZoneSpec.onInvokeTask (/Users/rafael.silva/Documents/interazap/app/dist/test-out/node_modules/.pnpm/@angular+core@20.3.18_@angular+compiler@20.3.18_rxjs@7.8.2_zone.js@0.15.1/node_modules/@angular/core/fesm2022/debug_node.mjs:7595:28)\n    at _ZoneDelegate.invokeTask (/Users/rafael.silva/Documents/interazap/app/dist/test-out/node_modules/.pnpm/zone.js@0.15.1/node_modules/zone.js/fesm2015/zone.js:430:38)\n    at Object.onInvokeTask (/Users/rafael.silva/Documents/interazap/app/dist/test-out/node_modules/.pnpm/@angular+core@20.3.18_@angular+compiler@20.3.18_rxjs@7.8.2_zone.js@0.15.1/node_modules/@angular/core/fesm2022/debug_node.mjs:7917:33)\n    at _ZoneDelegate.invokeTask (/Users/rafael.silva/Documents/interazap/app/dist/test-out/node_modules/.pnpm/zone.js@0.15.1/node_modules/zone.js/fesm2015/zone.js:430:38)\n    at ZoneImpl.runTask (/Users/rafael.silva/Documents/interazap/app/dist/test-out/node_modules/.pnpm/zone.js@0.15.1/node_modules/zone.js/fesm2015/zone.js:161:47)\n    at drainMicroTaskQueue (/Users/rafael.silva/Documents/interazap/app/dist/test-out/node_modules/.pnpm/zone.js@0.15.1/node_modules/zone.js/fesm2015/zone.js:612:35)\n    at ____________________Elapsed_1_ms__At__Sun_Apr_26_2026_23_10_58_GMT_0300__Brasilia_Standard_Time_ (http://localhost)\n    at Object.onScheduleTask (/Users/rafael.silva/Documents/interazap/app/dist/test-out/node_modules/.pnpm/zone.js@0.15.1/node_modules/zone.js/fesm2015/zone-testing.js:1954:26)\n    at _ZoneDelegate.scheduleTask (/Users/rafael.silva/Documents/interazap/app/dist/test-out/node_modules/.pnpm/zone.js@0.15.1/node_modules/zone.js/fesm2015/zone.js:411:51)\n    at Object.onScheduleTask (/Users/rafael.silva/Documents/interazap/app/dist/test-out/node_modules/.pnpm/zone.js@0.15.1/node_modules/zone.js/fesm2015/zone.js:273:65)\n    at _ZoneDelegate.scheduleTask (/Users/rafael.silva/Documents/interazap/app/dist/test-out/node_modules/.pnpm/zone.js@0.15.1/node_modules/zone.js/fesm2015/zone.js:411:51)\n    at ZoneImpl.scheduleTask (/Users/rafael.silva/Documents/interazap/app/dist/test-out/node_modules/.pnpm/zone.js@0.15.1/node_modules/zone.js/fesm2015/zone.js:207:43)\n    at ZoneImpl.scheduleMicroTask (/Users/rafael.silva/Documents/interazap/app/dist/test-out/node_modules/.pnpm/zone.js@0.15.1/node_modules/zone.js/fesm2015/zone.js:227:25)\n    at /Users/rafael.silva/Documents/interazap/app/dist/test-out/node_modules/.pnpm/zone.js@0.15.1/node_modules/zone.js/fesm2015/zone.js:1759:26' }[39m
[31mThis error originated in "[1mdist/test-out/20260427T020737332Z-286f7a62/spec-app-pages-chat-components-user-chat-thread-user-chat-thread.component.spec.js[22m" test file. It doesn't mean the error was thrown inside the file itself, but while it was running.[39m
[31mThe latest test that might've caused the error is "[1mbotao nao aparece quando usuario esta no fundo (wasNearBottom true)[22m". It might mean one of the following:
- The error was thrown, while Vitest was running this test.
- If the error occurred after the test had been completed, this was the last documented test before it was thrown.[39m

[31m⎯⎯⎯⎯⎯[39m[1m[41m Uncaught Exception [49m[22m[31m⎯⎯⎯⎯⎯[39m
[31m[1mTypeError[22m: () => ({
          observe: vi.fn(),
          unobserve: vi.fn()...<omitted>...}) is not a constructor[39m
[90m [2m❯[22m new Mock ../node_modules/.pnpm/@vitest+spy@4.1.1/node_modules/@vitest/spy/dist/index.js:[2m309:27[22m[39m
[90m [2m❯[22m _UserChatThreadComponent.setupResizeObserver dist/test-out/20260427T020737332Z-286f7a62/src/app/pages/chat/components/user-chat-thread/user-chat-thread.component.ts:[2m178:27[22m[39m
[90m [2m❯[22m dist/test-out/20260427T020737332Z-286f7a62/src/app/pages/chat/components/user-chat-thread/user-chat-thread.component.ts:[2m165:12[22m[39m
[90m [2m❯[22m _ZoneDelegate.invokeTask dist/test-out/node_modules/.pnpm/zone.js@0.15.1/node_modules/zone.js/fesm2015/zone.js:[2m431:33[22m[39m
[90m [2m❯[22m AsyncStackTaggingZoneSpec.onInvokeTask dist/test-out/node_modules/.pnpm/@angular+core@20.3.18_@angular+compiler@20.3.18_rxjs@7.8.2_zone.js@0.15.1/node_modules/@angular/core/fesm2022/debug_node.mjs:[2m7595:28[22m[39m
[90m [2m❯[22m _ZoneDelegate.invokeTask dist/test-out/node_modules/.pnpm/zone.js@0.15.1/node_modules/zone.js/fesm2015/zone.js:[2m430:38[22m[39m
[90m [2m❯[22m Object.onInvokeTask dist/test-out/node_modules/.pnpm/@angular+core@20.3.18_@angular+compiler@20.3.18_rxjs@7.8.2_zone.js@0.15.1/node_modules/@angular/core/fesm2022/debug_node.mjs:[2m7917:33[22m[39m
[90m [2m❯[22m _ZoneDelegate.invokeTask dist/test-out/node_modules/.pnpm/zone.js@0.15.1/node_modules/zone.js/fesm2015/zone.js:[2m430:38[22m[39m
[90m [2m❯[22m ZoneImpl.runTask dist/test-out/node_modules/.pnpm/zone.js@0.15.1/node_modules/zone.js/fesm2015/zone.js:[2m161:47[22m[39m
[90m [2m❯[22m drainMicroTaskQueue dist/test-out/node_modules/.pnpm/zone.js@0.15.1/node_modules/zone.js/fesm2015/zone.js:[2m612:35[22m[39m
[90m [2m❯[22m Object.onScheduleTask dist/test-out/node_modules/.pnpm/zone.js@0.15.1/node_modules/zone.js/fesm2015/zone-testing.js:[2m1954:26[22m[39m
[90m [2m❯[22m _ZoneDelegate.scheduleTask dist/test-out/node_modules/.pnpm/zone.js@0.15.1/node_modules/zone.js/fesm2015/zone.js:[2m411:51[22m[39m
[90m [2m❯[22m Object.onScheduleTask dist/test-out/node_modules/.pnpm/zone.js@0.15.1/node_modules/zone.js/fesm2015/zone.js:[2m273:65[22m[39m
[90m [2m❯[22m _ZoneDelegate.scheduleTask dist/test-out/node_modules/.pnpm/zone.js@0.15.1/node_modules/zone.js/fesm2015/zone.js:[2m411:51[22m[39m
[90m [2m❯[22m ZoneImpl.scheduleTask dist/test-out/node_modules/.pnpm/zone.js@0.15.1/node_modules/zone.js/fesm2015/zone.js:[2m207:43[22m[39m
[90m [2m❯[22m ZoneImpl.scheduleMicroTask dist/test-out/node_modules/.pnpm/zone.js@0.15.1/node_modules/zone.js/fesm2015/zone.js:[2m227:25[22m[39m
[90m [2m❯[22m dist/test-out/node_modules/.pnpm/zone.js@0.15.1/node_modules/zone.js/fesm2015/zone.js:[2m1759:26[22m[39m

[31m[2m⎯⎯⎯⎯⎯⎯⎯⎯⎯⎯⎯⎯⎯⎯⎯⎯⎯⎯⎯⎯⎯⎯⎯⎯⎯⎯⎯⎯⎯⎯[22m[39m
[31m[1mSerialized Error:[22m[39m [90m{ longStack: 'TypeError: () => ({\n          observe: __vite_ssr_import_33__.vi.fn(),\n          unobserve: __vite_ssr_import_33__.vi.fn()...<omitted>...}) is not a constructor\n    at new Mock (file:///Users/rafael.silva/Documents/interazap/node_modules/.pnpm/@vitest+spy@4.1.1/node_modules/@vitest/spy/dist/index.js:309:27)\n    at _UserChatThreadComponent.setupResizeObserver (/Users/rafael.silva/Documents/interazap/app/dist/test-out/20260427T020737332Z-286f7a62/src/app/pages/chat/components/user-chat-thread/user-chat-thread.component.ts:178:27)\n    at /Users/rafael.silva/Documents/interazap/app/dist/test-out/20260427T020737332Z-286f7a62/src/app/pages/chat/components/user-chat-thread/user-chat-thread.component.ts:165:12\n    at _ZoneDelegate.invokeTask (/Users/rafael.silva/Documents/interazap/app/dist/test-out/node_modules/.pnpm/zone.js@0.15.1/node_modules/zone.js/fesm2015/zone.js:431:33)\n    at AsyncStackTaggingZoneSpec.onInvokeTask (/Users/rafael.silva/Documents/interazap/app/dist/test-out/node_modules/.pnpm/@angular+core@20.3.18_@angular+compiler@20.3.18_rxjs@7.8.2_zone.js@0.15.1/node_modules/@angular/core/fesm2022/debug_node.mjs:7595:28)\n    at _ZoneDelegate.invokeTask (/Users/rafael.silva/Documents/interazap/app/dist/test-out/node_modules/.pnpm/zone.js@0.15.1/node_modules/zone.js/fesm2015/zone.js:430:38)\n    at Object.onInvokeTask (/Users/rafael.silva/Documents/interazap/app/dist/test-out/node_modules/.pnpm/@angular+core@20.3.18_@angular+compiler@20.3.18_rxjs@7.8.2_zone.js@0.15.1/node_modules/@angular/core/fesm2022/debug_node.mjs:7917:33)\n    at _ZoneDelegate.invokeTask (/Users/rafael.silva/Documents/interazap/app/dist/test-out/node_modules/.pnpm/zone.js@0.15.1/node_modules/zone.js/fesm2015/zone.js:430:38)\n    at ZoneImpl.runTask (/Users/rafael.silva/Documents/interazap/app/dist/test-out/node_modules/.pnpm/zone.js@0.15.1/node_modules/zone.js/fesm2015/zone.js:161:47)\n    at drainMicroTaskQueue (/Users/rafael.silva/Documents/interazap/app/dist/test-out/node_modules/.pnpm/zone.js@0.15.1/node_modules/zone.js/fesm2015/zone.js:612:35)\n    at ____________________Elapsed_1_ms__At__Sun_Apr_26_2026_23_10_58_GMT_0300__Brasilia_Standard_Time_ (http://localhost)\n    at Object.onScheduleTask (/Users/rafael.silva/Documents/interazap/app/dist/test-out/node_modules/.pnpm/zone.js@0.15.1/node_modules/zone.js/fesm2015/zone-testing.js:1954:26)\n    at _ZoneDelegate.scheduleTask (/Users/rafael.silva/Documents/interazap/app/dist/test-out/node_modules/.pnpm/zone.js@0.15.1/node_modules/zone.js/fesm2015/zone.js:411:51)\n    at Object.onScheduleTask (/Users/rafael.silva/Documents/interazap/app/dist/test-out/node_modules/.pnpm/zone.js@0.15.1/node_modules/zone.js/fesm2015/zone.js:273:65)\n    at _ZoneDelegate.scheduleTask (/Users/rafael.silva/Documents/interazap/app/dist/test-out/node_modules/.pnpm/zone.js@0.15.1/node_modules/zone.js/fesm2015/zone.js:411:51)\n    at ZoneImpl.scheduleTask (/Users/rafael.silva/Documents/interazap/app/dist/test-out/node_modules/.pnpm/zone.js@0.15.1/node_modules/zone.js/fesm2015/zone.js:207:43)\n    at ZoneImpl.scheduleMicroTask (/Users/rafael.silva/Documents/interazap/app/dist/test-out/node_modules/.pnpm/zone.js@0.15.1/node_modules/zone.js/fesm2015/zone.js:227:25)\n    at /Users/rafael.silva/Documents/interazap/app/dist/test-out/node_modules/.pnpm/zone.js@0.15.1/node_modules/zone.js/fesm2015/zone.js:1759:26' }[39m
[31mThis error originated in "[1mdist/test-out/20260427T020737332Z-286f7a62/spec-app-pages-chat-components-user-chat-thread-user-chat-thread.component.spec.js[22m" test file. It doesn't mean the error was thrown inside the file itself, but while it was running.[39m
[31mThe latest test that might've caused the error is "[1mbotao nao aparece quando usuario esta no fundo (wasNearBottom true)[22m". It might mean one of the following:
- The error was thrown, while Vitest was running this test.
- If the error occurred after the test had been completed, this was the last documented test before it was thrown.[39m

[31m⎯⎯⎯⎯⎯[39m[1m[41m Uncaught Exception [49m[22m[31m⎯⎯⎯⎯⎯[39m
[31m[1mTypeError[22m: () => ({
          observe: vi.fn(),
          unobserve: vi.fn()...<omitted>...}) is not a constructor[39m
[90m [2m❯[22m new Mock ../node_modules/.pnpm/@vitest+spy@4.1.1/node_modules/@vitest/spy/dist/index.js:[2m309:27[22m[39m
[90m [2m❯[22m _UserChatThreadComponent.setupResizeObserver dist/test-out/20260427T020737332Z-286f7a62/src/app/pages/chat/components/user-chat-thread/user-chat-thread.component.ts:[2m178:27[22m[39m
[90m [2m❯[22m dist/test-out/20260427T020737332Z-286f7a62/src/app/pages/chat/components/user-chat-thread/user-chat-thread.component.ts:[2m165:12[22m[39m
[90m [2m❯[22m _ZoneDelegate.invokeTask dist/test-out/node_modules/.pnpm/zone.js@0.15.1/node_modules/zone.js/fesm2015/zone.js:[2m431:33[22m[39m
[90m [2m❯[22m AsyncStackTaggingZoneSpec.onInvokeTask dist/test-out/node_modules/.pnpm/@angular+core@20.3.18_@angular+compiler@20.3.18_rxjs@7.8.2_zone.js@0.15.1/node_modules/@angular/core/fesm2022/debug_node.mjs:[2m7595:28[22m[39m
[90m [2m❯[22m _ZoneDelegate.invokeTask dist/test-out/node_modules/.pnpm/zone.js@0.15.1/node_modules/zone.js/fesm2015/zone.js:[2m430:38[22m[39m
[90m [2m❯[22m Object.onInvokeTask dist/test-out/node_modules/.pnpm/@angular+core@20.3.18_@angular+compiler@20.3.18_rxjs@7.8.2_zone.js@0.15.1/node_modules/@angular/core/fesm2022/debug_node.mjs:[2m7917:33[22m[39m
[90m [2m❯[22m _ZoneDelegate.invokeTask dist/test-out/node_modules/.pnpm/zone.js@0.15.1/node_modules/zone.js/fesm2015/zone.js:[2m430:38[22m[39m
[90m [2m❯[22m ZoneImpl.runTask dist/test-out/node_modules/.pnpm/zone.js@0.15.1/node_modules/zone.js/fesm2015/zone.js:[2m161:47[22m[39m
[90m [2m❯[22m drainMicroTaskQueue dist/test-out/node_modules/.pnpm/zone.js@0.15.1/node_modules/zone.js/fesm2015/zone.js:[2m612:35[22m[39m
[90m [2m❯[22m Object.onScheduleTask dist/test-out/node_modules/.pnpm/zone.js@0.15.1/node_modules/zone.js/fesm2015/zone-testing.js:[2m1954:26[22m[39m
[90m [2m❯[22m _ZoneDelegate.scheduleTask dist/test-out/node_modules/.pnpm/zone.js@0.15.1/node_modules/zone.js/fesm2015/zone.js:[2m411:51[22m[39m
[90m [2m❯[22m Object.onScheduleTask dist/test-out/node_modules/.pnpm/zone.js@0.15.1/node_modules/zone.js/fesm2015/zone.js:[2m273:65[22m[39m
[90m [2m❯[22m _ZoneDelegate.scheduleTask dist/test-out/node_modules/.pnpm/zone.js@0.15.1/node_modules/zone.js/fesm2015/zone.js:[2m411:51[22m[39m
[90m [2m❯[22m ZoneImpl.scheduleTask dist/test-out/node_modules/.pnpm/zone.js@0.15.1/node_modules/zone.js/fesm2015/zone.js:[2m207:43[22m[39m
[90m [2m❯[22m ZoneImpl.scheduleMicroTask dist/test-out/node_modules/.pnpm/zone.js@0.15.1/node_modules/zone.js/fesm2015/zone.js:[2m227:25[22m[39m
[90m [2m❯[22m dist/test-out/node_modules/.pnpm/zone.js@0.15.1/node_modules/zone.js/fesm2015/zone.js:[2m1759:26[22m[39m

[31m[2m⎯⎯⎯⎯⎯⎯⎯⎯⎯⎯⎯⎯⎯⎯⎯⎯⎯⎯⎯⎯⎯⎯⎯⎯⎯⎯⎯⎯⎯⎯[22m[39m
[31m[1mSerialized Error:[22m[39m [90m{ longStack: 'TypeError: () => ({\n          observe: __vite_ssr_import_33__.vi.fn(),\n          unobserve: __vite_ssr_import_33__.vi.fn()...<omitted>...}) is not a constructor\n    at new Mock (file:///Users/rafael.silva/Documents/interazap/node_modules/.pnpm/@vitest+spy@4.1.1/node_modules/@vitest/spy/dist/index.js:309:27)\n    at _UserChatThreadComponent.setupResizeObserver (/Users/rafael.silva/Documents/interazap/app/dist/test-out/20260427T020737332Z-286f7a62/src/app/pages/chat/components/user-chat-thread/user-chat-thread.component.ts:178:27)\n    at /Users/rafael.silva/Documents/interazap/app/dist/test-out/20260427T020737332Z-286f7a62/src/app/pages/chat/components/user-chat-thread/user-chat-thread.component.ts:165:12\n    at _ZoneDelegate.invokeTask (/Users/rafael.silva/Documents/interazap/app/dist/test-out/node_modules/.pnpm/zone.js@0.15.1/node_modules/zone.js/fesm2015/zone.js:431:33)\n    at AsyncStackTaggingZoneSpec.onInvokeTask (/Users/rafael.silva/Documents/interazap/app/dist/test-out/node_modules/.pnpm/@angular+core@20.3.18_@angular+compiler@20.3.18_rxjs@7.8.2_zone.js@0.15.1/node_modules/@angular/core/fesm2022/debug_node.mjs:7595:28)\n    at _ZoneDelegate.invokeTask (/Users/rafael.silva/Documents/interazap/app/dist/test-out/node_modules/.pnpm/zone.js@0.15.1/node_modules/zone.js/fesm2015/zone.js:430:38)\n    at Object.onInvokeTask (/Users/rafael.silva/Documents/interazap/app/dist/test-out/node_modules/.pnpm/@angular+core@20.3.18_@angular+compiler@20.3.18_rxjs@7.8.2_zone.js@0.15.1/node_modules/@angular/core/fesm2022/debug_node.mjs:7917:33)\n    at _ZoneDelegate.invokeTask (/Users/rafael.silva/Documents/interazap/app/dist/test-out/node_modules/.pnpm/zone.js@0.15.1/node_modules/zone.js/fesm2015/zone.js:430:38)\n    at ZoneImpl.runTask (/Users/rafael.silva/Documents/interazap/app/dist/test-out/node_modules/.pnpm/zone.js@0.15.1/node_modules/zone.js/fesm2015/zone.js:161:47)\n    at drainMicroTaskQueue (/Users/rafael.silva/Documents/interazap/app/dist/test-out/node_modules/.pnpm/zone.js@0.15.1/node_modules/zone.js/fesm2015/zone.js:612:35)\n    at ____________________Elapsed_1_ms__At__Sun_Apr_26_2026_23_10_58_GMT_0300__Brasilia_Standard_Time_ (http://localhost)\n    at Object.onScheduleTask (/Users/rafael.silva/Documents/interazap/app/dist/test-out/node_modules/.pnpm/zone.js@0.15.1/node_modules/zone.js/fesm2015/zone-testing.js:1954:26)\n    at _ZoneDelegate.scheduleTask (/Users/rafael.silva/Documents/interazap/app/dist/test-out/node_modules/.pnpm/zone.js@0.15.1/node_modules/zone.js/fesm2015/zone.js:411:51)\n    at Object.onScheduleTask (/Users/rafael.silva/Documents/interazap/app/dist/test-out/node_modules/.pnpm/zone.js@0.15.1/node_modules/zone.js/fesm2015/zone.js:273:65)\n    at _ZoneDelegate.scheduleTask (/Users/rafael.silva/Documents/interazap/app/dist/test-out/node_modules/.pnpm/zone.js@0.15.1/node_modules/zone.js/fesm2015/zone.js:411:51)\n    at ZoneImpl.scheduleTask (/Users/rafael.silva/Documents/interazap/app/dist/test-out/node_modules/.pnpm/zone.js@0.15.1/node_modules/zone.js/fesm2015/zone.js:207:43)\n    at ZoneImpl.scheduleMicroTask (/Users/rafael.silva/Documents/interazap/app/dist/test-out/node_modules/.pnpm/zone.js@0.15.1/node_modules/zone.js/fesm2015/zone.js:227:25)\n    at /Users/rafael.silva/Documents/interazap/app/dist/test-out/node_modules/.pnpm/zone.js@0.15.1/node_modules/zone.js/fesm2015/zone.js:1759:26' }[39m
[31mThis error originated in "[1mdist/test-out/20260427T020737332Z-286f7a62/spec-app-pages-chat-components-user-chat-thread-user-chat-thread.component.spec.js[22m" test file. It doesn't mean the error was thrown inside the file itself, but while it was running.[39m
[31mThe latest test that might've caused the error is "[1mbotao nao aparece quando usuario esta no fundo (wasNearBottom true)[22m". It might mean one of the following:
- The error was thrown, while Vitest was running this test.
- If the error occurred after the test had been completed, this was the last documented test before it was thrown.[39m

[31m⎯⎯⎯⎯⎯[39m[1m[41m Uncaught Exception [49m[22m[31m⎯⎯⎯⎯⎯[39m
[31m[1mTypeError[22m: () => ({
          observe: vi.fn(),
          unobserve: vi.fn()...<omitted>...}) is not a constructor[39m
[90m [2m❯[22m new Mock ../node_modules/.pnpm/@vitest+spy@4.1.1/node_modules/@vitest/spy/dist/index.js:[2m309:27[22m[39m
[90m [2m❯[22m _UserChatThreadComponent.setupResizeObserver dist/test-out/20260427T020737332Z-286f7a62/src/app/pages/chat/components/user-chat-thread/user-chat-thread.component.ts:[2m178:27[22m[39m
[90m [2m❯[22m dist/test-out/20260427T020737332Z-286f7a62/src/app/pages/chat/components/user-chat-thread/user-chat-thread.component.ts:[2m165:12[22m[39m
[90m [2m❯[22m _ZoneDelegate.invokeTask dist/test-out/node_modules/.pnpm/zone.js@0.15.1/node_modules/zone.js/fesm2015/zone.js:[2m431:33[22m[39m
[90m [2m❯[22m AsyncStackTaggingZoneSpec.onInvokeTask dist/test-out/node_modules/.pnpm/@angular+core@20.3.18_@angular+compiler@20.3.18_rxjs@7.8.2_zone.js@0.15.1/node_modules/@angular/core/fesm2022/debug_node.mjs:[2m7595:28[22m[39m
[90m [2m❯[22m _ZoneDelegate.invokeTask dist/test-out/node_modules/.pnpm/zone.js@0.15.1/node_modules/zone.js/fesm2015/zone.js:[2m430:38[22m[39m
[90m [2m❯[22m Object.onInvokeTask dist/test-out/node_modules/.pnpm/@angular+core@20.3.18_@angular+compiler@20.3.18_rxjs@7.8.2_zone.js@0.15.1/node_modules/@angular/core/fesm2022/debug_node.mjs:[2m7917:33[22m[39m
[90m [2m❯[22m _ZoneDelegate.invokeTask dist/test-out/node_modules/.pnpm/zone.js@0.15.1/node_modules/zone.js/fesm2015/zone.js:[2m430:38[22m[39m
[90m [2m❯[22m ZoneImpl.runTask dist/test-out/node_modules/.pnpm/zone.js@0.15.1/node_modules/zone.js/fesm2015/zone.js:[2m161:47[22m[39m
[90m [2m❯[22m drainMicroTaskQueue dist/test-out/node_modules/.pnpm/zone.js@0.15.1/node_modules/zone.js/fesm2015/zone.js:[2m612:35[22m[39m
[90m [2m❯[22m Object.onScheduleTask dist/test-out/node_modules/.pnpm/zone.js@0.15.1/node_modules/zone.js/fesm2015/zone-testing.js:[2m1954:26[22m[39m
[90m [2m❯[22m _ZoneDelegate.scheduleTask dist/test-out/node_modules/.pnpm/zone.js@0.15.1/node_modules/zone.js/fesm2015/zone.js:[2m411:51[22m[39m
[90m [2m❯[22m Object.onScheduleTask dist/test-out/node_modules/.pnpm/zone.js@0.15.1/node_modules/zone.js/fesm2015/zone.js:[2m273:65[22m[39m
[90m [2m❯[22m _ZoneDelegate.scheduleTask dist/test-out/node_modules/.pnpm/zone.js@0.15.1/node_modules/zone.js/fesm2015/zone.js:[2m411:51[22m[39m
[90m [2m❯[22m ZoneImpl.scheduleTask dist/test-out/node_modules/.pnpm/zone.js@0.15.1/node_modules/zone.js/fesm2015/zone.js:[2m207:43[22m[39m
[90m [2m❯[22m ZoneImpl.scheduleMicroTask dist/test-out/node_modules/.pnpm/zone.js@0.15.1/node_modules/zone.js/fesm2015/zone.js:[2m227:25[22m[39m
[90m [2m❯[22m dist/test-out/node_modules/.pnpm/zone.js@0.15.1/node_modules/zone.js/fesm2015/zone.js:[2m1759:26[22m[39m

[31m[2m⎯⎯⎯⎯⎯⎯⎯⎯⎯⎯⎯⎯⎯⎯⎯⎯⎯⎯⎯⎯⎯⎯⎯⎯⎯⎯⎯⎯⎯⎯[22m[39m
[31m[1mSerialized Error:[22m[39m [90m{ longStack: 'TypeError: () => ({\n          observe: __vite_ssr_import_33__.vi.fn(),\n          unobserve: __vite_ssr_import_33__.vi.fn()...<omitted>...}) is not a constructor\n    at new Mock (file:///Users/rafael.silva/Documents/interazap/node_modules/.pnpm/@vitest+spy@4.1.1/node_modules/@vitest/spy/dist/index.js:309:27)\n    at _UserChatThreadComponent.setupResizeObserver (/Users/rafael.silva/Documents/interazap/app/dist/test-out/20260427T020737332Z-286f7a62/src/app/pages/chat/components/user-chat-thread/user-chat-thread.component.ts:178:27)\n    at /Users/rafael.silva/Documents/interazap/app/dist/test-out/20260427T020737332Z-286f7a62/src/app/pages/chat/components/user-chat-thread/user-chat-thread.component.ts:165:12\n    at _ZoneDelegate.invokeTask (/Users/rafael.silva/Documents/interazap/app/dist/test-out/node_modules/.pnpm/zone.js@0.15.1/node_modules/zone.js/fesm2015/zone.js:431:33)\n    at AsyncStackTaggingZoneSpec.onInvokeTask (/Users/rafael.silva/Documents/interazap/app/dist/test-out/node_modules/.pnpm/@angular+core@20.3.18_@angular+compiler@20.3.18_rxjs@7.8.2_zone.js@0.15.1/node_modules/@angular/core/fesm2022/debug_node.mjs:7595:28)\n    at _ZoneDelegate.invokeTask (/Users/rafael.silva/Documents/interazap/app/dist/test-out/node_modules/.pnpm/zone.js@0.15.1/node_modules/zone.js/fesm2015/zone.js:430:38)\n    at Object.onInvokeTask (/Users/rafael.silva/Documents/interazap/app/dist/test-out/node_modules/.pnpm/@angular+core@20.3.18_@angular+compiler@20.3.18_rxjs@7.8.2_zone.js@0.15.1/node_modules/@angular/core/fesm2022/debug_node.mjs:7917:33)\n    at _ZoneDelegate.invokeTask (/Users/rafael.silva/Documents/interazap/app/dist/test-out/node_modules/.pnpm/zone.js@0.15.1/node_modules/zone.js/fesm2015/zone.js:430:38)\n    at ZoneImpl.runTask (/Users/rafael.silva/Documents/interazap/app/dist/test-out/node_modules/.pnpm/zone.js@0.15.1/node_modules/zone.js/fesm2015/zone.js:161:47)\n    at drainMicroTaskQueue (/Users/rafael.silva/Documents/interazap/app/dist/test-out/node_modules/.pnpm/zone.js@0.15.1/node_modules/zone.js/fesm2015/zone.js:612:35)\n    at ____________________Elapsed_1_ms__At__Sun_Apr_26_2026_23_10_58_GMT_0300__Brasilia_Standard_Time_ (http://localhost)\n    at Object.onScheduleTask (/Users/rafael.silva/Documents/interazap/app/dist/test-out/node_modules/.pnpm/zone.js@0.15.1/node_modules/zone.js/fesm2015/zone-testing.js:1954:26)\n    at _ZoneDelegate.scheduleTask (/Users/rafael.silva/Documents/interazap/app/dist/test-out/node_modules/.pnpm/zone.js@0.15.1/node_modules/zone.js/fesm2015/zone.js:411:51)\n    at Object.onScheduleTask (/Users/rafael.silva/Documents/interazap/app/dist/test-out/node_modules/.pnpm/zone.js@0.15.1/node_modules/zone.js/fesm2015/zone.js:273:65)\n    at _ZoneDelegate.scheduleTask (/Users/rafael.silva/Documents/interazap/app/dist/test-out/node_modules/.pnpm/zone.js@0.15.1/node_modules/zone.js/fesm2015/zone.js:411:51)\n    at ZoneImpl.scheduleTask (/Users/rafael.silva/Documents/interazap/app/dist/test-out/node_modules/.pnpm/zone.js@0.15.1/node_modules/zone.js/fesm2015/zone.js:207:43)\n    at ZoneImpl.scheduleMicroTask (/Users/rafael.silva/Documents/interazap/app/dist/test-out/node_modules/.pnpm/zone.js@0.15.1/node_modules/zone.js/fesm2015/zone.js:227:25)\n    at /Users/rafael.silva/Documents/interazap/app/dist/test-out/node_modules/.pnpm/zone.js@0.15.1/node_modules/zone.js/fesm2015/zone.js:1759:26' }[39m
[31mThis error originated in "[1mdist/test-out/20260427T020737332Z-286f7a62/spec-app-pages-chat-components-user-chat-thread-user-chat-thread.component.spec.js[22m" test file. It doesn't mean the error was thrown inside the file itself, but while it was running.[39m

[31m⎯⎯⎯⎯⎯[39m[1m[41m Uncaught Exception [49m[22m[31m⎯⎯⎯⎯⎯[39m
[31m[1mTypeError[22m: () => ({
          observe: vi.fn(),
          unobserve: vi.fn()...<omitted>...}) is not a constructor[39m
[90m [2m❯[22m new Mock ../node_modules/.pnpm/@vitest+spy@4.1.1/node_modules/@vitest/spy/dist/index.js:[2m309:27[22m[39m
[90m [2m❯[22m _UserChatThreadComponent.setupResizeObserver dist/test-out/20260427T020737332Z-286f7a62/src/app/pages/chat/components/user-chat-thread/user-chat-thread.component.ts:[2m178:27[22m[39m
[90m [2m❯[22m dist/test-out/20260427T020737332Z-286f7a62/src/app/pages/chat/components/user-chat-thread/user-chat-thread.component.ts:[2m165:12[22m[39m
[90m [2m❯[22m _ZoneDelegate.invokeTask dist/test-out/node_modules/.pnpm/zone.js@0.15.1/node_modules/zone.js/fesm2015/zone.js:[2m431:33[22m[39m
[90m [2m❯[22m AsyncStackTaggingZoneSpec.onInvokeTask dist/test-out/node_modules/.pnpm/@angular+core@20.3.18_@angular+compiler@20.3.18_rxjs@7.8.2_zone.js@0.15.1/node_modules/@angular/core/fesm2022/debug_node.mjs:[2m7595:28[22m[39m
[90m [2m❯[22m _ZoneDelegate.invokeTask dist/test-out/node_modules/.pnpm/zone.js@0.15.1/node_modules/zone.js/fesm2015/zone.js:[2m430:38[22m[39m
[90m [2m❯[22m Object.onInvokeTask dist/test-out/node_modules/.pnpm/@angular+core@20.3.18_@angular+compiler@20.3.18_rxjs@7.8.2_zone.js@0.15.1/node_modules/@angular/core/fesm2022/debug_node.mjs:[2m7917:33[22m[39m
[90m [2m❯[22m _ZoneDelegate.invokeTask dist/test-out/node_modules/.pnpm/zone.js@0.15.1/node_modules/zone.js/fesm2015/zone.js:[2m430:38[22m[39m
[90m [2m❯[22m ZoneImpl.runTask dist/test-out/node_modules/.pnpm/zone.js@0.15.1/node_modules/zone.js/fesm2015/zone.js:[2m161:47[22m[39m
[90m [2m❯[22m drainMicroTaskQueue dist/test-out/node_modules/.pnpm/zone.js@0.15.1/node_modules/zone.js/fesm2015/zone.js:[2m612:35[22m[39m
[90m [2m❯[22m Object.onScheduleTask dist/test-out/node_modules/.pnpm/zone.js@0.15.1/node_modules/zone.js/fesm2015/zone-testing.js:[2m1954:26[22m[39m
[90m [2m❯[22m _ZoneDelegate.scheduleTask dist/test-out/node_modules/.pnpm/zone.js@0.15.1/node_modules/zone.js/fesm2015/zone.js:[2m411:51[22m[39m
[90m [2m❯[22m Object.onScheduleTask dist/test-out/node_modules/.pnpm/zone.js@0.15.1/node_modules/zone.js/fesm2015/zone.js:[2m273:65[22m[39m
[90m [2m❯[22m _ZoneDelegate.scheduleTask dist/test-out/node_modules/.pnpm/zone.js@0.15.1/node_modules/zone.js/fesm2015/zone.js:[2m411:51[22m[39m
[90m [2m❯[22m ZoneImpl.scheduleTask dist/test-out/node_modules/.pnpm/zone.js@0.15.1/node_modules/zone.js/fesm2015/zone.js:[2m207:43[22m[39m
[90m [2m❯[22m ZoneImpl.scheduleMicroTask dist/test-out/node_modules/.pnpm/zone.js@0.15.1/node_modules/zone.js/fesm2015/zone.js:[2m227:25[22m[39m
[90m [2m❯[22m dist/test-out/node_modules/.pnpm/zone.js@0.15.1/node_modules/zone.js/fesm2015/zone.js:[2m1759:26[22m[39m

[31m[2m⎯⎯⎯⎯⎯⎯⎯⎯⎯⎯⎯⎯⎯⎯⎯⎯⎯⎯⎯⎯⎯⎯⎯⎯⎯⎯⎯⎯⎯⎯[22m[39m
[31m[1mSerialized Error:[22m[39m [90m{ longStack: 'TypeError: () => ({\n          observe: __vite_ssr_import_33__.vi.fn(),\n          unobserve: __vite_ssr_import_33__.vi.fn()...<omitted>...}) is not a constructor\n    at new Mock (file:///Users/rafael.silva/Documents/interazap/node_modules/.pnpm/@vitest+spy@4.1.1/node_modules/@vitest/spy/dist/index.js:309:27)\n    at _UserChatThreadComponent.setupResizeObserver (/Users/rafael.silva/Documents/interazap/app/dist/test-out/20260427T020737332Z-286f7a62/src/app/pages/chat/components/user-chat-thread/user-chat-thread.component.ts:178:27)\n    at /Users/rafael.silva/Documents/interazap/app/dist/test-out/20260427T020737332Z-286f7a62/src/app/pages/chat/components/user-chat-thread/user-chat-thread.component.ts:165:12\n    at _ZoneDelegate.invokeTask (/Users/rafael.silva/Documents/interazap/app/dist/test-out/node_modules/.pnpm/zone.js@0.15.1/node_modules/zone.js/fesm2015/zone.js:431:33)\n    at AsyncStackTaggingZoneSpec.onInvokeTask (/Users/rafael.silva/Documents/interazap/app/dist/test-out/node_modules/.pnpm/@angular+core@20.3.18_@angular+compiler@20.3.18_rxjs@7.8.2_zone.js@0.15.1/node_modules/@angular/core/fesm2022/debug_node.mjs:7595:28)\n    at _ZoneDelegate.invokeTask (/Users/rafael.silva/Documents/interazap/app/dist/test-out/node_modules/.pnpm/zone.js@0.15.1/node_modules/zone.js/fesm2015/zone.js:430:38)\n    at Object.onInvokeTask (/Users/rafael.silva/Documents/interazap/app/dist/test-out/node_modules/.pnpm/@angular+core@20.3.18_@angular+compiler@20.3.18_rxjs@7.8.2_zone.js@0.15.1/node_modules/@angular/core/fesm2022/debug_node.mjs:7917:33)\n    at _ZoneDelegate.invokeTask (/Users/rafael.silva/Documents/interazap/app/dist/test-out/node_modules/.pnpm/zone.js@0.15.1/node_modules/zone.js/fesm2015/zone.js:430:38)\n    at ZoneImpl.runTask (/Users/rafael.silva/Documents/interazap/app/dist/test-out/node_modules/.pnpm/zone.js@0.15.1/node_modules/zone.js/fesm2015/zone.js:161:47)\n    at drainMicroTaskQueue (/Users/rafael.silva/Documents/interazap/app/dist/test-out/node_modules/.pnpm/zone.js@0.15.1/node_modules/zone.js/fesm2015/zone.js:612:35)\n    at ____________________Elapsed_1_ms__At__Sun_Apr_26_2026_23_10_58_GMT_0300__Brasilia_Standard_Time_ (http://localhost)\n    at Object.onScheduleTask (/Users/rafael.silva/Documents/interazap/app/dist/test-out/node_modules/.pnpm/zone.js@0.15.1/node_modules/zone.js/fesm2015/zone-testing.js:1954:26)\n    at _ZoneDelegate.scheduleTask (/Users/rafael.silva/Documents/interazap/app/dist/test-out/node_modules/.pnpm/zone.js@0.15.1/node_modules/zone.js/fesm2015/zone.js:411:51)\n    at Object.onScheduleTask (/Users/rafael.silva/Documents/interazap/app/dist/test-out/node_modules/.pnpm/zone.js@0.15.1/node_modules/zone.js/fesm2015/zone.js:273:65)\n    at _ZoneDelegate.scheduleTask (/Users/rafael.silva/Documents/interazap/app/dist/test-out/node_modules/.pnpm/zone.js@0.15.1/node_modules/zone.js/fesm2015/zone.js:411:51)\n    at ZoneImpl.scheduleTask (/Users/rafael.silva/Documents/interazap/app/dist/test-out/node_modules/.pnpm/zone.js@0.15.1/node_modules/zone.js/fesm2015/zone.js:207:43)\n    at ZoneImpl.scheduleMicroTask (/Users/rafael.silva/Documents/interazap/app/dist/test-out/node_modules/.pnpm/zone.js@0.15.1/node_modules/zone.js/fesm2015/zone.js:227:25)\n    at /Users/rafael.silva/Documents/interazap/app/dist/test-out/node_modules/.pnpm/zone.js@0.15.1/node_modules/zone.js/fesm2015/zone.js:1759:26' }[39m
[31mThis error originated in "[1mdist/test-out/20260427T020737332Z-286f7a62/spec-app-pages-chat-components-user-chat-thread-user-chat-thread.component.spec.js[22m" test file. It doesn't mean the error was thrown inside the file itself, but while it was running.[39m

[31m⎯⎯⎯⎯⎯[39m[1m[41m Uncaught Exception [49m[22m[31m⎯⎯⎯⎯⎯[39m
[31m[1mTypeError[22m: () => ({
          observe: vi.fn(),
          unobserve: vi.fn()...<omitted>...}) is not a constructor[39m
[90m [2m❯[22m new Mock ../node_modules/.pnpm/@vitest+spy@4.1.1/node_modules/@vitest/spy/dist/index.js:[2m309:27[22m[39m
[90m [2m❯[22m _UserChatThreadComponent.setupResizeObserver dist/test-out/20260427T020737332Z-286f7a62/src/app/pages/chat/components/user-chat-thread/user-chat-thread.component.ts:[2m178:27[22m[39m
[90m [2m❯[22m dist/test-out/20260427T020737332Z-286f7a62/src/app/pages/chat/components/user-chat-thread/user-chat-thread.component.ts:[2m165:12[22m[39m
[90m [2m❯[22m _ZoneDelegate.invokeTask dist/test-out/node_modules/.pnpm/zone.js@0.15.1/node_modules/zone.js/fesm2015/zone.js:[2m431:33[22m[39m
[90m [2m❯[22m AsyncStackTaggingZoneSpec.onInvokeTask dist/test-out/node_modules/.pnpm/@angular+core@20.3.18_@angular+compiler@20.3.18_rxjs@7.8.2_zone.js@0.15.1/node_modules/@angular/core/fesm2022/debug_node.mjs:[2m7595:28[22m[39m
[90m [2m❯[22m _ZoneDelegate.invokeTask dist/test-out/node_modules/.pnpm/zone.js@0.15.1/node_modules/zone.js/fesm2015/zone.js:[2m430:38[22m[39m
[90m [2m❯[22m Object.onInvokeTask dist/test-out/node_modules/.pnpm/@angular+core@20.3.18_@angular+compiler@20.3.18_rxjs@7.8.2_zone.js@0.15.1/node_modules/@angular/core/fesm2022/debug_node.mjs:[2m7917:33[22m[39m
[90m [2m❯[22m _ZoneDelegate.invokeTask dist/test-out/node_modules/.pnpm/zone.js@0.15.1/node_modules/zone.js/fesm2015/zone.js:[2m430:38[22m[39m
[90m [2m❯[22m ZoneImpl.runTask dist/test-out/node_modules/.pnpm/zone.js@0.15.1/node_modules/zone.js/fesm2015/zone.js:[2m161:47[22m[39m
[90m [2m❯[22m drainMicroTaskQueue dist/test-out/node_modules/.pnpm/zone.js@0.15.1/node_modules/zone.js/fesm2015/zone.js:[2m612:35[22m[39m
[90m [2m❯[22m Object.onScheduleTask dist/test-out/node_modules/.pnpm/zone.js@0.15.1/node_modules/zone.js/fesm2015/zone-testing.js:[2m1954:26[22m[39m
[90m [2m❯[22m _ZoneDelegate.scheduleTask dist/test-out/node_modules/.pnpm/zone.js@0.15.1/node_modules/zone.js/fesm2015/zone.js:[2m411:51[22m[39m
[90m [2m❯[22m Object.onScheduleTask dist/test-out/node_modules/.pnpm/zone.js@0.15.1/node_modules/zone.js/fesm2015/zone.js:[2m273:65[22m[39m
[90m [2m❯[22m _ZoneDelegate.scheduleTask dist/test-out/node_modules/.pnpm/zone.js@0.15.1/node_modules/zone.js/fesm2015/zone.js:[2m411:51[22m[39m
[90m [2m❯[22m ZoneImpl.scheduleTask dist/test-out/node_modules/.pnpm/zone.js@0.15.1/node_modules/zone.js/fesm2015/zone.js:[2m207:43[22m[39m
[90m [2m❯[22m ZoneImpl.scheduleMicroTask dist/test-out/node_modules/.pnpm/zone.js@0.15.1/node_modules/zone.js/fesm2015/zone.js:[2m227:25[22m[39m
[90m [2m❯[22m dist/test-out/node_modules/.pnpm/zone.js@0.15.1/node_modules/zone.js/fesm2015/zone.js:[2m1759:26[22m[39m

[31m[2m⎯⎯⎯⎯⎯⎯⎯⎯⎯⎯⎯⎯⎯⎯⎯⎯⎯⎯⎯⎯⎯⎯⎯⎯⎯⎯⎯⎯⎯⎯[22m[39m
[31m[1mSerialized Error:[22m[39m [90m{ longStack: 'TypeError: () => ({\n          observe: __vite_ssr_import_33__.vi.fn(),\n          unobserve: __vite_ssr_import_33__.vi.fn()...<omitted>...}) is not a constructor\n    at new Mock (file:///Users/rafael.silva/Documents/interazap/node_modules/.pnpm/@vitest+spy@4.1.1/node_modules/@vitest/spy/dist/index.js:309:27)\n    at _UserChatThreadComponent.setupResizeObserver (/Users/rafael.silva/Documents/interazap/app/dist/test-out/20260427T020737332Z-286f7a62/src/app/pages/chat/components/user-chat-thread/user-chat-thread.component.ts:178:27)\n    at /Users/rafael.silva/Documents/interazap/app/dist/test-out/20260427T020737332Z-286f7a62/src/app/pages/chat/components/user-chat-thread/user-chat-thread.component.ts:165:12\n    at _ZoneDelegate.invokeTask (/Users/rafael.silva/Documents/interazap/app/dist/test-out/node_modules/.pnpm/zone.js@0.15.1/node_modules/zone.js/fesm2015/zone.js:431:33)\n    at AsyncStackTaggingZoneSpec.onInvokeTask (/Users/rafael.silva/Documents/interazap/app/dist/test-out/node_modules/.pnpm/@angular+core@20.3.18_@angular+compiler@20.3.18_rxjs@7.8.2_zone.js@0.15.1/node_modules/@angular/core/fesm2022/debug_node.mjs:7595:28)\n    at _ZoneDelegate.invokeTask (/Users/rafael.silva/Documents/interazap/app/dist/test-out/node_modules/.pnpm/zone.js@0.15.1/node_modules/zone.js/fesm2015/zone.js:430:38)\n    at Object.onInvokeTask (/Users/rafael.silva/Documents/interazap/app/dist/test-out/node_modules/.pnpm/@angular+core@20.3.18_@angular+compiler@20.3.18_rxjs@7.8.2_zone.js@0.15.1/node_modules/@angular/core/fesm2022/debug_node.mjs:7917:33)\n    at _ZoneDelegate.invokeTask (/Users/rafael.silva/Documents/interazap/app/dist/test-out/node_modules/.pnpm/zone.js@0.15.1/node_modules/zone.js/fesm2015/zone.js:430:38)\n    at ZoneImpl.runTask (/Users/rafael.silva/Documents/interazap/app/dist/test-out/node_modules/.pnpm/zone.js@0.15.1/node_modules/zone.js/fesm2015/zone.js:161:47)\n    at drainMicroTaskQueue (/Users/rafael.silva/Documents/interazap/app/dist/test-out/node_modules/.pnpm/zone.js@0.15.1/node_modules/zone.js/fesm2015/zone.js:612:35)\n    at ____________________Elapsed_1_ms__At__Sun_Apr_26_2026_23_10_58_GMT_0300__Brasilia_Standard_Time_ (http://localhost)\n    at Object.onScheduleTask (/Users/rafael.silva/Documents/interazap/app/dist/test-out/node_modules/.pnpm/zone.js@0.15.1/node_modules/zone.js/fesm2015/zone-testing.js:1954:26)\n    at _ZoneDelegate.scheduleTask (/Users/rafael.silva/Documents/interazap/app/dist/test-out/node_modules/.pnpm/zone.js@0.15.1/node_modules/zone.js/fesm2015/zone.js:411:51)\n    at Object.onScheduleTask (/Users/rafael.silva/Documents/interazap/app/dist/test-out/node_modules/.pnpm/zone.js@0.15.1/node_modules/zone.js/fesm2015/zone.js:273:65)\n    at _ZoneDelegate.scheduleTask (/Users/rafael.silva/Documents/interazap/app/dist/test-out/node_modules/.pnpm/zone.js@0.15.1/node_modules/zone.js/fesm2015/zone.js:411:51)\n    at ZoneImpl.scheduleTask (/Users/rafael.silva/Documents/interazap/app/dist/test-out/node_modules/.pnpm/zone.js@0.15.1/node_modules/zone.js/fesm2015/zone.js:207:43)\n    at ZoneImpl.scheduleMicroTask (/Users/rafael.silva/Documents/interazap/app/dist/test-out/node_modules/.pnpm/zone.js@0.15.1/node_modules/zone.js/fesm2015/zone.js:227:25)\n    at /Users/rafael.silva/Documents/interazap/app/dist/test-out/node_modules/.pnpm/zone.js@0.15.1/node_modules/zone.js/fesm2015/zone.js:1759:26' }[39m
[31mThis error originated in "[1mdist/test-out/20260427T020737332Z-286f7a62/spec-app-pages-chat-components-user-chat-thread-user-chat-thread.component.spec.js[22m" test file. It doesn't mean the error was thrown inside the file itself, but while it was running.[39m
[31m⎯⎯⎯⎯⎯⎯⎯⎯⎯⎯⎯⎯⎯⎯⎯⎯⎯⎯⎯⎯⎯⎯⎯⎯⎯⎯⎯⎯⎯⎯[39m


[2m Test Files [22m [1m[31m6 failed[39m[22m[2m | [22m[1m[32m127 passed[39m[22m[90m (133)[39m
[2m      Tests [22m [1m[31m11 failed[39m[22m[2m | [22m[1m[32m857 passed[39m[22m[90m (868)[39m
[2m     Errors [22m [1m[31m8 errors[39m[22m
[2m   Start at [22m 23:09:52
[2m   Duration [22m 100.71s[2m (transform 70.26s, setup 247.68s, import 98.52s, tests 84.37s, environment 213.26s)[22m

